Component: ARM Compiler 5.06 update 7 (build 960) Tool: armlink [4d3601]

==============================================================================

Section Cross References

    main.o(i.BoardInit) refers to main_task.o(i.PowerOnOffInit) for PowerOnOffInit
    main.o(i.BoardInit) refers to gpio.o(i.RunLed_GpioInit) for RunLed_GpioInit
    main.o(i.BoardInit) refers to gpio.o(i.RunLed_Off) for RunLed_Off
    main.o(i.BoardInit) refers to gpio.o(i.RLed_GpioInit) for RLed_GpioInit
    main.o(i.BoardInit) refers to gpio.o(i.RLed_Off) for RLed_Off
    main.o(i.BoardInit) refers to gpio.o(i.Beep_GpioInit) for Beep_GpioInit
    main.o(i.BoardInit) refers to gpio.o(i.Beep_GpioOff) for Beep_GpioOff
    main.o(i.BoardInit) refers to gpio.o(i.Motor_GpioInit) for Motor_GpioInit
    main.o(i.BoardInit) refers to gpio.o(i.Motor_GpioOff) for Motor_GpioOff
    main.o(i.BootPowerOffTimedProcess) refers to gpio.o(i.Is_PwrKeyOn) for Is_PwrKeyOn
    main.o(i.BootPowerOffTimedProcess) refers to gpio.o(i.Motor_GpioOn) for Motor_GpioOn
    main.o(i.BootPowerOffTimedProcess) refers to timer.o(i.Delay_Ms) for Delay_Ms
    main.o(i.BootPowerOffTimedProcess) refers to iwdt.o(i.IWDG_Feed) for IWDG_Feed
    main.o(i.BootPowerOffTimedProcess) refers to main_task.o(i.PowerOffHandle) for PowerOffHandle
    main.o(i.BootPowerOffTimedProcess) refers to main.o(.data) for KyOnCnt
    main.o(i.CoreInit) refers to timer.o(i.SysClkIni) for SysClkIni
    main.o(i.CoreInit) refers to malloc.o(i.sdram_init) for sdram_init
    main.o(i.CoreInit) refers to timer.o(i.Delay_Init) for Delay_Init
    main.o(i.CoreInit) refers to iflash.o(i.IFlash_Init) for IFlash_Init
    main.o(i.CoreInit) refers to extflash.o(i.ExtFlash_Init) for ExtFlash_Init
    main.o(i.CoreInit) refers to upgrade.o(i.Update_MagInit) for Update_MagInit
    main.o(i.CoreInit) refers to timer.o(i.SoftTimerInit) for SoftTimerInit
    main.o(i.CoreInit) refers to iflash.o(.bss) for g_sIFlashMag
    main.o(i.CoreInit) refers to extflash.o(.bss) for g_sExtFlashMag
    main.o(i.System_TimedTask) refers to timer.o(i.SoftTimerIntervalProcess) for SoftTimerIntervalProcess
    main.o(i.System_TimedTask) refers to gpio.o(i.RLed_Toggle) for RLed_Toggle
    main.o(i.System_TimedTask) refers to main.o(i.BootPowerOffTimedProcess) for BootPowerOffTimedProcess
    main.o(i.System_TimedTask) refers to timer.o(.bss) for g_sSysScheTime
    main.o(i.main) refers to main.o(i.CoreInit) for CoreInit
    main.o(i.main) refers to main.o(i.BoardInit) for BoardInit
    main.o(i.main) refers to timer.o(i.Delay_Ms) for Delay_Ms
    main.o(i.main) refers to gpio.o(i.RLed_On) for RLed_On
    main.o(i.main) refers to main_task.o(i.PowerOnHandle) for PowerOnHandle
    main.o(i.main) refers to gpio.o(i.Motor_GpioOn) for Motor_GpioOn
    main.o(i.main) refers to gpio.o(i.Motor_GpioOff) for Motor_GpioOff
    main.o(i.main) refers to upgrade.o(i.CheckNewData) for CheckNewData
    main.o(i.main) refers to upgrade.o(i.EraseNewData) for EraseNewData
    main.o(i.main) refers to gpio.o(i.Is_PwrKeyOn) for Is_PwrKeyOn
    main.o(i.main) refers to upgrade.o(i.JumpToApp) for JumpToApp
    main.o(i.main) refers to iwdt.o(i.IWDG_Feed) for IWDG_Feed
    main.o(i.main) refers to upcom_task.o(i.UpComTask_Init) for UpComTask_Init
    main.o(i.main) refers to zigcom_task.o(i.ZigComTask_Init) for ZigComTask_Init
    main.o(i.main) refers to timer.o(i.SysScheduleTimerInit) for SysScheduleTimerInit
    main.o(i.main) refers to iwdt.o(i.IWDG_Init) for IWDG_Init
    main.o(i.main) refers to main.o(i.System_TimedTask) for System_TimedTask
    main.o(i.main) refers to upcom_task.o(i.UpComTask_Process) for UpComTask_Process
    main.o(i.main) refers to zigcom_task.o(i.ZigComTask_Process) for ZigComTask_Process
    main_task.o(i.PowerOffHandle) refers to gpio.o(i.PwrEnable_Off) for PwrEnable_Off
    main_task.o(i.PowerOffHandle) refers to timer.o(i.Delay_Ms) for Delay_Ms
    main_task.o(i.PowerOffHandle) refers to iwdt.o(i.IWDG_Feed) for IWDG_Feed
    main_task.o(i.PowerOnHandle) refers to gpio.o(i.PwrEnable_On) for PwrEnable_On
    main_task.o(i.PowerOnOffInit) refers to gpio.o(i.PwrKey_GpioInit) for PwrKey_GpioInit
    main_task.o(i.PowerOnOffInit) refers to gpio.o(i.PwrEnable_GpioInit) for PwrEnable_GpioInit
    upgrade.o(i.CheckNewData) refers to upgrade.o(i.GetNewDataFileSize) for GetNewDataFileSize
    upgrade.o(i.CheckNewData) refers to upgrade.o(i.GetNewDataDownloadAddr) for GetNewDataDownloadAddr
    upgrade.o(i.CheckNewData) refers to upgrade.o(i.GetNewDataFileCheck) for GetNewDataFileCheck
    upgrade.o(i.CheckNewData) refers to protocal.o(i.Protocal_MakeU32Sum) for Protocal_MakeU32Sum
    upgrade.o(i.CheckNewData) refers to upgrade.o(i.GetNewDataReplaceAddr) for GetNewDataReplaceAddr
    upgrade.o(i.CheckNewData) refers to upgrade.o(i.DataReplace) for DataReplace
    upgrade.o(i.CheckNewData) refers to iflash.o(.bss) for g_sIFlashMag
    upgrade.o(i.CheckNewData) refers to upgrade.o(.bss) for g_sUpdateMag
[...]
    __rt_lib_init_stdio_1                    0x000002fb   Thumb Code     0  libinit2.o(.ARM.Collect$$libinit$$00000025)
    __rt_lib_init_user_alloc_1               0x000002fb   Thumb Code     0  libinit2.o(.ARM.Collect$$libinit$$0000000C)
    __rt_lib_shutdown                        0x000002fd   Thumb Code     0  libshutdown.o(.ARM.Collect$$libshutdown$$00000000)
    __rt_lib_shutdown_cpp_1                  0x000002ff   Thumb Code     0  libshutdown2.o(.ARM.Collect$$libshutdown$$00000004)
    __rt_lib_shutdown_fini_1                 0x000002ff   Thumb Code     0  libshutdown2.o(.ARM.Collect$$libshutdown$$00000002)
    __rt_lib_shutdown_fp_trap_1              0x000002ff   Thumb Code     0  libshutdown2.o(.ARM.Collect$$libshutdown$$00000009)
    __rt_lib_shutdown_heap_1                 0x000002ff   Thumb Code     0  libshutdown2.o(.ARM.Collect$$libshutdown$$00000011)
    __rt_lib_shutdown_return                 0x000002ff   Thumb Code     0  libshutdown2.o(.ARM.Collect$$libshutdown$$00000012)
    __rt_lib_shutdown_signal_1               0x000002ff   Thumb Code     0  libshutdown2.o(.ARM.Collect$$libshutdown$$0000000C)
    __rt_lib_shutdown_stdio_1                0x000002ff   Thumb Code     0  libshutdown2.o(.ARM.Collect$$libshutdown$$00000006)
    __rt_lib_shutdown_user_alloc_1           0x000002ff   Thumb Code     0  libshutdown2.o(.ARM.Collect$$libshutdown$$0000000E)
    __rt_entry                               0x00000301   Thumb Code     0  __rtentry.o(.ARM.Collect$$rtentry$$00000000)
    __rt_entry_presh_1                       0x00000301   Thumb Code     0  __rtentry2.o(.ARM.Collect$$rtentry$$00000002)
    __rt_entry_sh                            0x00000301   Thumb Code     0  __rtentry4.o(.ARM.Collect$$rtentry$$00000004)
    __rt_entry_li                            0x00000307   Thumb Code     0  __rtentry2.o(.ARM.Collect$$rtentry$$0000000A)
    __rt_entry_postsh_1                      0x00000307   Thumb Code     0  __rtentry2.o(.ARM.Collect$$rtentry$$00000009)
    __rt_entry_main                          0x0000030b   Thumb Code     0  __rtentry2.o(.ARM.Collect$$rtentry$$0000000D)
    __rt_entry_postli_1                      0x0000030b   Thumb Code     0  __rtentry2.o(.ARM.Collect$$rtentry$$0000000C)
    __rt_exit                                0x00000313   Thumb Code     0  rtexit.o(.ARM.Collect$$rtexit$$00000000)
    __rt_exit_ls                             0x00000315   Thumb Code     0  rtexit2.o(.ARM.Collect$$rtexit$$00000003)
    __rt_exit_prels_1                        0x00000315   Thumb Code     0  rtexit2.o(.ARM.Collect$$rtexit$$00000002)
    __rt_exit_exit                           0x00000319   Thumb Code     0  rtexit2.o(.ARM.Collect$$rtexit$$00000004)
    Reset_Handler                            0x00000321   Thumb Code    48  startup_hc32f46x.o(.text)
    NMI_Handler                              0x00000351   Thumb Code     2  startup_hc32f46x.o(.text)
    HardFault_Handler                        0x00000353   Thumb Code     2  startup_hc32f46x.o(.text)
    MemManage_Handler                        0x00000355   Thumb Code     2  startup_hc32f46x.o(.text)
    BusFault_Handler                         0x00000357   Thumb Code     2  startup_hc32f46x.o(.text)
    UsageFault_Handler                       0x00000359   Thumb Code     2  startup_hc32f46x.o(.text)
    SVC_Handler                              0x0000035b   Thumb Code     2  startup_hc32f46x.o(.text)
    DebugMon_Handler                         0x0000035d   Thumb Code     2  startup_hc32f46x.o(.text)
    PendSV_Handler                           0x0000035f   Thumb Code     2  startup_hc32f46x.o(.text)
    SysTick_Handler                          0x00000361   Thumb Code     2  startup_hc32f46x.o(.text)
    IRQ000_Handler                           0x00000363   Thumb Code     0  startup_hc32f46x.o(.text)
    IRQ001_Handler                           0x00000363   Thumb Code     0  startup_hc32f46x.o(.text)
    IRQ002_Handler                           0x00000363   Thumb Code     0  startup_hc32f46x.o(.text)
    IRQ003_Handler                           0x00000363   Thumb Code     0  startup_hc32f46x.o(.text)
    IRQ004_Handler                           0x00000363   Thumb Code     0  startup_hc32f46x.o(.text)
    IRQ030_Handler                           0x00000363   Thumb Code     0  startup_hc32f46x.o(.text)
    IRQ031_Handler                           0x00000363   Thumb Code     0  startup_hc32f46x.o(.text)
    IRQ032_Handler                           0x00000363   Thumb Code     0  startup_hc32f46x.o(.text)
    IRQ033_Handler                           0x00000363   Thumb Code     0  startup_hc32f46x.o(.text)
    IRQ034_Handler                           0x00000363   Thumb Code     0  startup_hc32f46x.o(.text)
    IRQ035_Handler                           0x00000363   Thumb Code     0  startup_hc32f46x.o(.text)
    IRQ036_Handler                           0x00000363   Thumb Code     0  startup_hc32f46x.o(.text)
    IRQ037_Handler                           0x00000363   Thumb Code     0  startup_hc32f46x.o(.text)
    IRQ038_Handler                           0x00000363   Thumb Code     0  startup_hc32f46x.o(.text)
    IRQ039_Handler                           0x00000363   Thumb Code     0  startup_hc32f46x.o(.text)
    IRQ040_Handler                           0x00000363   Thumb Code     0  startup_hc32f46x.o(.text)
    IRQ041_Handler                           0x00000363   Thumb Code     0  startup_hc32f46x.o(.text)
    IRQ042_Handler                           0x00000363   Thumb Code     0  startup_hc32f46x.o(.text)
    IRQ043_Handler                           0x00000363   Thumb Code     0  startup_hc32f46x.o(.text)
    IRQ044_Handler                           0x00000363   Thumb Code     0  startup_hc32f46x.o(.text)
    IRQ045_Handler                           0x00000363   Thumb Code     0  startup_hc32f46x.o(.text)
    IRQ046_Handler                           0x00000363   Thumb Code     0  startup_hc32f46x.o(.text)
    IRQ047_Handler                           0x00000363   Thumb Code     0  startup_hc32f46x.o(.text)
    IRQ048_Handler                           0x00000363   Thumb Code     0  startup_hc32f46x.o(.text)
    IRQ049_Handler                           0x00000363   Thumb Code     0  startup_hc32f46x.o(.text)
    IRQ050_Handler                           0x00000363   Thumb Code     0  startup_hc32f46x.o(.text)
    IRQ051_Handler                           0x00000363   Thumb Code     0  startup_hc32f46x.o(.text)
    IRQ052_Handler                           0x00000363   Thumb Code     0  startup_hc32f46x.o(.text)
    IRQ053_Handler                           0x00000363   Thumb Code     0  startup_hc32f46x.o(.text)
    IRQ054_Handler                           0x00000363   Thumb Code     0  startup_hc32f46x.o(.text)
    IRQ055_Handler                           0x00000363   Thumb Code     0  startup_hc32f46x.o(.text)
    IRQ056_Handler                           0x00000363   Thumb Code     0  startup_hc32f46x.o(.text)
    IRQ057_Handler                           0x00000363   Thumb Code     0  startup_hc32f46x.o(.text)
    IRQ058_Handler                           0x00000363   Thumb Code     0  startup_hc32f46x.o(.text)
    IRQ059_Handler                           0x00000363   Thumb Code     0  startup_hc32f46x.o(.text)
    IRQ060_Handler                           0x00000363   Thumb Code     0  startup_hc32f46x.o(.text)
    IRQ061_Handler                           0x00000363   Thumb Code     0  startup_hc32f46x.o(.text)
    IRQ062_Handler                           0x00000363   Thumb Code     0  startup_hc32f46x.o(.text)
    IRQ063_Handler                           0x00000363   Thumb Code     0  startup_hc32f46x.o(.text)
    IRQ064_Handler                           0x00000363   Thumb Code     0  startup_hc32f46x.o(.text)
    IRQ065_Handler                           0x00000363   Thumb Code     0  startup_hc32f46x.o(.text)
    IRQ066_Handler                           0x00000363   Thumb Code     0  startup_hc32f46x.o(.text)
    IRQ067_Handler                           0x00000363   Thumb Code     0  startup_hc32f46x.o(.text)
    IRQ068_Handler                           0x00000363   Thumb Code     0  startup_hc32f46x.o(.text)
    IRQ069_Handler                           0x00000363   Thumb Code     0  startup_hc32f46x.o(.text)
    IRQ070_Handler                           0x00000363   Thumb Code     0  startup_hc32f46x.o(.text)
    IRQ071_Handler                           0x00000363   Thumb Code     0  startup_hc32f46x.o(.text)
    IRQ072_Handler                           0x00000363   Thumb Code     0  startup_hc32f46x.o(.text)
    IRQ073_Handler                           0x00000363   Thumb Code     0  startup_hc32f46x.o(.text)
    IRQ074_Handler                           0x00000363   Thumb Code     0  startup_hc32f46x.o(.text)
    IRQ075_Handler                           0x00000363   Thumb Code     0  startup_hc32f46x.o(.text)
    IRQ076_Handler                           0x00000363   Thumb Code     0  startup_hc32f46x.o(.text)
    IRQ077_Handler                           0x00000363   Thumb Code     0  startup_hc32f46x.o(.text)
    IRQ078_Handler                           0x00000363   Thumb Code     0  startup_hc32f46x.o(.text)
    IRQ079_Handler                           0x00000363   Thumb Code     0  startup_hc32f46x.o(.text)
    IRQ080_Handler                           0x00000363   Thumb Code     0  startup_hc32f46x.o(.text)
    IRQ081_Handler                           0x00000363   Thumb Code     0  startup_hc32f46x.o(.text)
    IRQ082_Handler                           0x00000363   Thumb Code     0  startup_hc32f46x.o(.text)
    IRQ083_Handler                           0x00000363   Thumb Code     0  startup_hc32f46x.o(.text)
    IRQ084_Handler                           0x00000363   Thumb Code     0  startup_hc32f46x.o(.text)
    IRQ085_Handler                           0x00000363   Thumb Code     0  startup_hc32f46x.o(.text)
    IRQ086_Handler                           0x00000363   Thumb Code     0  startup_hc32f46x.o(.text)
    IRQ087_Handler                           0x00000363   Thumb Code     0  startup_hc32f46x.o(.text)
    IRQ088_Handler                           0x00000363   Thumb Code     0  startup_hc32f46x.o(.text)
    IRQ089_Handler                           0x00000363   Thumb Code     0  startup_hc32f46x.o(.text)
    IRQ090_Handler                           0x00000363   Thumb Code     0  startup_hc32f46x.o(.text)
    IRQ091_Handler                           0x00000363   Thumb Code     0  startup_hc32f46x.o(.text)
    IRQ092_Handler                           0x00000363   Thumb Code     0  startup_hc32f46x.o(.text)
    IRQ093_Handler                           0x00000363   Thumb Code     0  startup_hc32f46x.o(.text)
    IRQ094_Handler                           0x00000363   Thumb Code     0  startup_hc32f46x.o(.text)
    IRQ095_Handler                           0x00000363   Thumb Code     0  startup_hc32f46x.o(.text)
    IRQ096_Handler                           0x00000363   Thumb Code     0  startup_hc32f46x.o(.text)
    IRQ097_Handler                           0x00000363   Thumb Code     0  startup_hc32f46x.o(.text)
    IRQ098_Handler                           0x00000363   Thumb Code     0  startup_hc32f46x.o(.text)
    IRQ099_Handler                           0x00000363   Thumb Code     0  startup_hc32f46x.o(.text)
    IRQ100_Handler                           0x00000363   Thumb Code     0  startup_hc32f46x.o(.text)
    IRQ101_Handler                           0x00000363   Thumb Code     0  startup_hc32f46x.o(.text)
    IRQ102_Handler                           0x00000363   Thumb Code     0  startup_hc32f46x.o(.text)
    IRQ103_Handler                           0x00000363   Thumb Code     0  startup_hc32f46x.o(.text)
    IRQ104_Handler                           0x00000363   Thumb Code     0  startup_hc32f46x.o(.text)
    IRQ105_Handler                           0x00000363   Thumb Code     0  startup_hc32f46x.o(.text)
    IRQ106_Handler                           0x00000363   Thumb Code     0  startup_hc32f46x.o(.text)
    IRQ107_Handler                           0x00000363   Thumb Code     0  startup_hc32f46x.o(.text)
    IRQ108_Handler                           0x00000363   Thumb Code     0  startup_hc32f46x.o(.text)
    IRQ109_Handler                           0x00000363   Thumb Code     0  startup_hc32f46x.o(.text)
    IRQ110_Handler                           0x00000363   Thumb Code     0  startup_hc32f46x.o(.text)
    IRQ111_Handler                           0x00000363   Thumb Code     0  startup_hc32f46x.o(.text)
    IRQ112_Handler                           0x00000363   Thumb Code     0  startup_hc32f46x.o(.text)
    IRQ113_Handler                           0x00000363   Thumb Code     0  startup_hc32f46x.o(.text)
    IRQ114_Handler                           0x00000363   Thumb Code     0  startup_hc32f46x.o(.text)
    IRQ115_Handler                           0x00000363   Thumb Code     0  startup_hc32f46x.o(.text)
    IRQ116_Handler                           0x00000363   Thumb Code     0  startup_hc32f46x.o(.text)
    IRQ117_Handler                           0x00000363   Thumb Code     0  startup_hc32f46x.o(.text)
    IRQ118_Handler                           0x00000363   Thumb Code     0  startup_hc32f46x.o(.text)
    IRQ119_Handler                           0x00000363   Thumb Code     0  startup_hc32f46x.o(.text)
    IRQ120_Handler                           0x00000363   Thumb Code     0  startup_hc32f46x.o(.text)
    IRQ121_Handler                           0x00000363   Thumb Code     0  startup_hc32f46x.o(.text)
    IRQ122_Handler                           0x00000363   Thumb Code     0  startup_hc32f46x.o(.text)
    IRQ123_Handler                           0x00000363   Thumb Code     0  startup_hc32f46x.o(.text)
    IRQ124_Handler                           0x00000363   Thumb Code     0  startup_hc32f46x.o(.text)
    IRQ125_Handler                           0x00000363   Thumb Code     0  startup_hc32f46x.o(.text)
    IRQ126_Handler                           0x00000363   Thumb Code     0  startup_hc32f46x.o(.text)
    IRQ127_Handler                           0x00000363   Thumb Code     0  startup_hc32f46x.o(.text)
    IRQ128_Handler                           0x00000363   Thumb Code     0  startup_hc32f46x.o(.text)
    IRQ129_Handler                           0x00000363   Thumb Code     0  startup_hc32f46x.o(.text)
    IRQ130_Handler                           0x00000363   Thumb Code     0  startup_hc32f46x.o(.text)
    IRQ131_Handler                           0x00000363   Thumb Code     0  startup_hc32f46x.o(.text)
    IRQ132_Handler                           0x00000363   Thumb Code     0  startup_hc32f46x.o(.text)
    IRQ133_Handler                           0x00000363   Thumb Code     0  startup_hc32f46x.o(.text)
    IRQ134_Handler                           0x00000363   Thumb Code     0  startup_hc32f46x.o(.text)
    IRQ135_Handler                           0x00000363   Thumb Code     0  startup_hc32f46x.o(.text)
    IRQ136_Handler                           0x00000363   Thumb Code     0  startup_hc32f46x.o(.text)
    IRQ137_Handler                           0x00000363   Thumb Code     0  startup_hc32f46x.o(.text)
    IRQ138_Handler                           0x00000363   Thumb Code     0  startup_hc32f46x.o(.text)
    IRQ139_Handler                           0x00000363   Thumb Code     0  startup_hc32f46x.o(.text)
    IRQ140_Handler                           0x00000363   Thumb Code     0  startup_hc32f46x.o(.text)
    IRQ141_Handler                           0x00000363   Thumb Code     0  startup_hc32f46x.o(.text)
    IRQ142_Handler                           0x00000363   Thumb Code     0  startup_hc32f46x.o(.text)
    IRQ143_Handler                           0x00000363   Thumb Code     0  startup_hc32f46x.o(.text)
    __user_initial_stackheap                 0x00000365   Thumb Code    10  startup_hc32f46x.o(.text)
    memcmp                                   0x00000395   Thumb Code    88  memcmp.o(.text)
    __use_two_region_memory                  0x000003ed   Thumb Code     2  heapauxi.o(.text)
    __rt_heap_escrow$2region                 0x000003ef   Thumb Code     2  heapauxi.o(.text)
    __rt_heap_expand$2region                 0x000003f1   Thumb Code     2  heapauxi.o(.text)
    __user_libspace                          0x000003f5   Thumb Code     8  libspace.o(.text)
    __user_perproc_libspace                  0x000003f5   Thumb Code     0  libspace.o(.text)
    __user_perthread_libspace                0x000003f5   Thumb Code     0  libspace.o(.text)
    __I$use$semihosting                      0x000003fd   Thumb Code     0  use_no_semi.o(.text)
    __use_no_semihosting_swi                 0x000003fd   Thumb Code     2  use_no_semi.o(.text)
    __semihosting_library_function           0x000003ff   Thumb Code     0  indicate_semi.o(.text)
    u32ICG                                   0x00000400   Data          32  hc32f46x_icg.o(.ARM.__AT_0x00000400)
    __aeabi_uldivmod                         0x00000421   Thumb Code     0  lludivv7m.o(.text)
    _ll_udiv                                 0x00000421   Thumb Code   238  lludivv7m.o(.text)
    __aeabi_memcpy                           0x0000050f   Thumb Code     0  rt_memcpy_v6.o(.text)
    __rt_memcpy                              0x0000050f   Thumb Code   138  rt_memcpy_v6.o(.text)
    _memcpy_lastbytes                        0x00000575   Thumb Code     0  rt_memcpy_v6.o(.text)
    __aeabi_memcpy4                          0x00000599   Thumb Code     0  rt_memcpy_w.o(.text)
    __aeabi_memcpy8                          0x00000599   Thumb Code     0  rt_memcpy_w.o(.text)
    __rt_memcpy_w                            0x00000599   Thumb Code   100  rt_memcpy_w.o(.text)
    _memcpy_lastbytes_aligned                0x000005e1   Thumb Code     0  rt_memcpy_w.o(.text)
    __aeabi_memclr                           0x000005fd   Thumb Code     0  rt_memclr.o(.text)
    __rt_memclr                              0x000005fd   Thumb Code    68  rt_memclr.o(.text)
    _memset                                  0x00000601   Thumb Code     0  rt_memclr.o(.text)
    __aeabi_memclr4                          0x00000641   Thumb Code     0  rt_memclr_w.o(.text)
    __aeabi_memclr8                          0x00000641   Thumb Code     0  rt_memclr_w.o(.text)
    __rt_memclr_w                            0x00000641   Thumb Code    78  rt_memclr_w.o(.text)
    _memset_w                                0x00000645   Thumb Code     0  rt_memclr_w.o(.text)
    __user_setup_stackheap                   0x0000068f   Thumb Code    74  sys_stackheap_outer.o(.text)
    exit                                     0x000006d9   Thumb Code    18  exit.o(.text)
    _sys_exit                                0x000006ed   Thumb Code     8  sys_exit.o(.text)
    Beep_GpioInit                            0x00000761   Thumb Code    68  gpio.o(i.Beep_GpioInit)
    Beep_GpioOff                             0x000007a5   Thumb Code    14  gpio.o(i.Beep_GpioOff)
    BoardInit                                0x000007b3   Thumb Code    40  main.o(i.BoardInit)
    BootPowerOffTimedProcess                 0x000007dd   Thumb Code    62  main.o(i.BootPowerOffTimedProcess)
    CLK_GetFlagStatus                        0x00000821   Thumb Code   114  hc32f46x_clk.o(i.CLK_GetFlagStatus)
    CLK_HrcCmd                               0x00000899   Thumb Code   178  hc32f46x_clk.o(i.CLK_HrcCmd)
    CLK_MpllCmd                              0x00000959   Thumb Code   134  hc32f46x_clk.o(i.CLK_MpllCmd)
    CLK_MpllConfig                           0x000009e9   Thumb Code   132  hc32f46x_clk.o(i.CLK_MpllConfig)
    CLK_SetPllSource                         0x00000a79   Thumb Code    54  hc32f46x_clk.o(i.CLK_SetPllSource)
    CLK_SetSysClkSource                      0x00000ab9   Thumb Code   196  hc32f46x_clk.o(i.CLK_SetSysClkSource)
    CLK_SysClkConfig                         0x00000b8d   Thumb Code   216  hc32f46x_clk.o(i.CLK_SysClkConfig)
    CheckNewData                             0x00000c75   Thumb Code   170  upgrade.o(i.CheckNewData)
    ComTask_Init                             0x00000d29   Thumb Code    58  comtask.o(i.ComTask_Init)
    CoreInit                                 0x00000d65   Thumb Code    38  main.o(i.CoreInit)
    DMA_ChannelCfg                           0x00000d95   Thumb Code   342  hc32f46x_dmac.o(i.DMA_ChannelCfg)
    DMA_ChannelCmd                           0x00000eed   Thumb Code   382  hc32f46x_dmac.o(i.DMA_ChannelCmd)
    DMA_ClearIrqFlag                         0x00001071   Thumb Code   104  hc32f46x_dmac.o(i.DMA_ClearIrqFlag)
    DMA_Cmd                                  0x000010d9   Thumb Code    10  hc32f46x_dmac.o(i.DMA_Cmd)
    DMA_EnableIrq                            0x000010e3   Thumb Code   104  hc32f46x_dmac.o(i.DMA_EnableIrq)
    DMA_InitChannel                          0x0000114d   Thumb Code   342  hc32f46x_dmac.o(i.DMA_InitChannel)
    DMA_SetDesAddress                        0x000012a9   Thumb Code    60  hc32f46x_dmac.o(i.DMA_SetDesAddress)
    DMA_SetSrcAddress                        0x000012e5   Thumb Code    60  hc32f46x_dmac.o(i.DMA_SetSrcAddress)
    DMA_SetTransferCnt                       0x00001321   Thumb Code    98  hc32f46x_dmac.o(i.DMA_SetTransferCnt)
    DMA_SetTriggerSrc                        0x00001385   Thumb Code    38  hc32f46x_dmac.o(i.DMA_SetTriggerSrc)
    DataReplace                              0x000013b9   Thumb Code    60  upgrade.o(i.DataReplace)
    Delay_Init                               0x000013fd   Thumb Code    28  timer.o(i.Delay_Init)
    Delay_Ms                                 0x0000141d   Thumb Code    76  timer.o(i.Delay_Ms)
    DownloadProcess_Sync                     0x0000146d   Thumb Code   186  upgrade.o(i.DownloadProcess_Sync)
    EFM_ClearFlag                            0x00001531   Thumb Code     6  hc32f46x_efm.o(i.EFM_ClearFlag)
    EFM_ErasePgmCmd                          0x0000153d   Thumb Code    14  hc32f46x_efm.o(i.EFM_ErasePgmCmd)
    EFM_FlashCmd                             0x00001551   Thumb Code    24  hc32f46x_efm.o(i.EFM_FlashCmd)
    EFM_GetFlagStatus                        0x0000156d   Thumb Code    18  hc32f46x_efm.o(i.EFM_GetFlagStatus)
    EFM_Lock                                 0x00001585   Thumb Code    20  hc32f46x_efm.o(i.EFM_Lock)
    EFM_SectorErase                          0x0000159d   Thumb Code   112  hc32f46x_efm.o(i.EFM_SectorErase)
    EFM_SetErasePgmMode                      0x00001615   Thumb Code    14  hc32f46x_efm.o(i.EFM_SetErasePgmMode)
    EFM_SetLatency                           0x00001629   Thumb Code    14  hc32f46x_efm.o(i.EFM_SetLatency)
    EFM_SingleProgram                        0x0000163d   Thumb Code   120  hc32f46x_efm.o(i.EFM_SingleProgram)
    EFM_Unlock                               0x000016b9   Thumb Code    16  hc32f46x_efm.o(i.EFM_Unlock)
    EXTFLASH_GetFlashSize                    0x000016cd   Thumb Code    62  extflash.o(i.EXTFLASH_GetFlashSize)
    EXTFLASH_GetPageSize                     0x0000170b   Thumb Code    48  extflash.o(i.EXTFLASH_GetPageSize)
    EraseNewData                             0x0000173d   Thumb Code    18  upgrade.o(i.EraseNewData)
    ExtFlash_GetFlashCheckSum                0x00001755   Thumb Code   104  extflash.o(i.ExtFlash_GetFlashCheckSum)
    ExtFlash_Init                            0x000017bd   Thumb Code    68  extflash.o(i.ExtFlash_Init)
    ExtFlash_Read                            0x00001805   Thumb Code   118  extflash.o(i.ExtFlash_Read)
    ExtFlash_Write                           0x00001881   Thumb Code   234  extflash.o(i.ExtFlash_Write)
    FlashGetSum                              0x00001971   Thumb Code    44  upgrade.o(i.FlashGetSum)
    FlashWrite                               0x000019a5   Thumb Code    44  upgrade.o(i.FlashWrite)
    GetComIndex                              0x000019d9   Thumb Code    72  uart.o(i.GetComIndex)
    GetNewDataDownloadAddr                   0x00001a3d   Thumb Code    28  upgrade.o(i.GetNewDataDownloadAddr)
    GetNewDataFileCheck                      0x00001a5d   Thumb Code    26  upgrade.o(i.GetNewDataFileCheck)
    GetNewDataFileSize                       0x00001a7d   Thumb Code    24  upgrade.o(i.GetNewDataFileSize)
    GetNewDataReplaceAddr                    0x00001a99   Thumb Code    28  upgrade.o(i.GetNewDataReplaceAddr)
    GetProtAddr                              0x00001ab9   Thumb Code     4  protocal.o(i.GetProtAddr)
    GetSysRunMilliSecond                     0x00001abd   Thumb Code    22  timer.o(i.GetSysRunMilliSecond)
    IDParam_SetWMac                          0x00001ad9   Thumb Code    40  param.o(i.IDParam_SetWMac)
    IFLASH_GetFlashSize_HC32F460             0x00001b0d   Thumb Code     6  iflash.o(i.IFLASH_GetFlashSize_HC32F460)
    IFLASH_GetPageSize_HC32F460              0x00001b13   Thumb Code     6  iflash.o(i.IFLASH_GetPageSize_HC32F460)
    IFlash_GetFlashCheckSum                  0x00001b19   Thumb Code    42  iflash.o(i.IFlash_GetFlashCheckSum)
    IFlash_Init                              0x00001b43   Thumb Code    46  iflash.o(i.IFlash_Init)
    IFlash_PageErase                         0x00001b71   Thumb Code    46  iflash.o(i.IFlash_PageErase)
    IFlash_Read                              0x00001b9f   Thumb Code    26  iflash.o(i.IFlash_Read)
    IFlash_Write                             0x00001bb9   Thumb Code   270  iflash.o(i.IFlash_Write)
    IRQ005_Handler                           0x00001cc9   Thumb Code    30  timer.o(i.IRQ005_Handler)
    IRQ006_Handler                           0x00001ced   Thumb Code    10  uart.o(i.IRQ006_Handler)
    IRQ007_Handler                           0x00001cfd   Thumb Code    10  uart.o(i.IRQ007_Handler)
    IRQ008_Handler                           0x00001d0d   Thumb Code    10  uart.o(i.IRQ008_Handler)
    IRQ009_Handler                           0x00001d1d   Thumb Code    10  uart.o(i.IRQ009_Handler)
    IRQ010_Handler                           0x00001d2d   Thumb Code    10  uart.o(i.IRQ010_Handler)
    IRQ011_Handler                           0x00001d3d   Thumb Code    10  uart.o(i.IRQ011_Handler)
    IRQ012_Handler                           0x00001d4d   Thumb Code    10  uart.o(i.IRQ012_Handler)
    IRQ013_Handler                           0x00001d5d   Thumb Code    10  uart.o(i.IRQ013_Handler)
    IRQ014_Handler                           0x00001d6d   Thumb Code    10  uart.o(i.IRQ014_Handler)
    IRQ015_Handler                           0x00001d7d   Thumb Code    10  uart.o(i.IRQ015_Handler)
    IRQ016_Handler                           0x00001d8d   Thumb Code    10  uart.o(i.IRQ016_Handler)
    IRQ017_Handler                           0x00001d9d   Thumb Code    10  uart.o(i.IRQ017_Handler)
    IRQ018_Handler                           0x00001dad   Thumb Code    10  uart.o(i.IRQ018_Handler)
    IRQ019_Handler                           0x00001dbd   Thumb Code    10  uart.o(i.IRQ019_Handler)
    IRQ020_Handler                           0x00001dcd   Thumb Code    10  uart.o(i.IRQ020_Handler)
    IRQ021_Handler                           0x00001ddd   Thumb Code    10  uart.o(i.IRQ021_Handler)
    IRQ022_Handler                           0x00001ded   Thumb Code    10  uart.o(i.IRQ022_Handler)
    IRQ023_Handler                           0x00001dfd   Thumb Code    10  uart.o(i.IRQ023_Handler)
    IRQ024_Handler                           0x00001e0d   Thumb Code    10  uart.o(i.IRQ024_Handler)
    IRQ025_Handler                           0x00001e1d   Thumb Code    10  uart.o(i.IRQ025_Handler)
    IRQ026_Handler                           0x00001e2d   Thumb Code    10  uart.o(i.IRQ026_Handler)
    IRQ027_Handler                           0x00001e3d   Thumb Code    10  uart.o(i.IRQ027_Handler)
    IRQ028_Handler                           0x00001e4d   Thumb Code    10  uart.o(i.IRQ028_Handler)
    IRQ029_Handler                           0x00001e5d   Thumb Code    10  uart.o(i.IRQ029_Handler)
    IWDG_Feed                                0x00001e6d   Thumb Code     8  iwdt.o(i.IWDG_Feed)
    IWDG_Init                                0x00001e75   Thumb Code    50  iwdt.o(i.IWDG_Init)
    IsParamValid                             0x00001f49   Thumb Code    38  param.o(i.IsParamValid)
    Is_PwrKeyOn                              0x00001f6f   Thumb Code    22  gpio.o(i.Is_PwrKeyOn)
    JumpToApp                                0x00001f85   Thumb Code    58  upgrade.o(i.JumpToApp)
    LinkList_Create                          0x00001fc9   Thumb Code    28  linklist.o(i.LinkList_Create)
    LinkList_Delete                          0x00001fe5   Thumb Code    62  linklist.o(i.LinkList_Delete)
    LinkList_Get                             0x00002023   Thumb Code    50  linklist.o(i.LinkList_Get)
    LinkQueue_Create                         0x00002055   Thumb Code     8  linkqueue.o(i.LinkQueue_Create)
    LinkQueue_Header                         0x0000205d   Thumb Code    28  linkqueue.o(i.LinkQueue_Header)
    LinkQueue_Retrieve                       0x00002079   Thumb Code    50  linkqueue.o(i.LinkQueue_Retrieve)
    Motor_GpioInit                           0x000020ab   Thumb Code    68  gpio.o(i.Motor_GpioInit)
    Motor_GpioOff                            0x000020ef   Thumb Code    14  gpio.o(i.Motor_GpioOff)
    Motor_GpioOn                             0x000020fd   Thumb Code    14  gpio.o(i.Motor_GpioOn)
    NewZigbee_GetLLMagHandle                 0x0000210d   Thumb Code     4  new_zigbee.o(i.NewZigbee_GetLLMagHandle)
    NewZigbee_LL_GetParam                    0x00002115   Thumb Code    28  new_zigbee.o(i.NewZigbee_LL_GetParam)
    NewZigbee_LL_Reset                       0x0000213d   Thumb Code    14  new_zigbee.o(i.NewZigbee_LL_Reset)
    NewZigbee_LL_SetParam                    0x0000214b   Thumb Code   240  new_zigbee.o(i.NewZigbee_LL_SetParam)
    NewZigbee_LL_SoftReset                   0x0000223d   Thumb Code    28  new_zigbee.o(i.NewZigbee_LL_SoftReset)
    NewZigbee_LowLevelInit                   0x00002265   Thumb Code    76  new_zigbee.o(i.NewZigbee_LowLevelInit)
    NewZigbee_LowLevelTimedProcess           0x000022b1   Thumb Code   182  new_zigbee.o(i.NewZigbee_LowLevelTimedProcess)
    NewZigbee_Reset                          0x00002367   Thumb Code    34  new_zigbee.o(i.NewZigbee_Reset)
    NewZigbee_Send                           0x00002389   Thumb Code   194  new_zigbee.o(i.NewZigbee_Send)
    NewZigbee_SetTxPwr                       0x0000244b   Thumb Code    20  new_zigbee.o(i.NewZigbee_SetTxPwr)
    NewZigbee_StartGetParam                  0x0000245f   Thumb Code    24  new_zigbee.o(i.NewZigbee_StartGetParam)
    NewZigbee_StartSetParam                  0x00002477   Thumb Code    24  new_zigbee.o(i.NewZigbee_StartSetParam)
    NewZigbee_StartSoftReset                 0x0000248f   Thumb Code    24  new_zigbee.o(i.NewZigbee_StartSoftReset)
    NewZigbee_StopGetParam                   0x000024a7   Thumb Code    22  new_zigbee.o(i.NewZigbee_StopGetParam)
    NewZigbee_StopSetParam                   0x000024bd   Thumb Code    22  new_zigbee.o(i.NewZigbee_StopSetParam)
    NewZigbee_StopSoftReset                  0x000024d3   Thumb Code    22  new_zigbee.o(i.NewZigbee_StopSoftReset)
    PORT_DebugPortSetting                    0x000024e9   Thumb Code    52  hc32f46x_gpio.o(i.PORT_DebugPortSetting)
    PORT_GetBit                              0x00002521   Thumb Code    26  hc32f46x_gpio.o(i.PORT_GetBit)
    PORT_Init                                0x00002541   Thumb Code   206  hc32f46x_gpio.o(i.PORT_Init)
    PORT_Lock                                0x00002615   Thumb Code    10  hc32f46x_gpio.o(i.PORT_Lock)
    PORT_ResetBits                           0x00002625   Thumb Code    22  hc32f46x_gpio.o(i.PORT_ResetBits)
    PORT_SetBits                             0x00002641   Thumb Code    22  hc32f46x_gpio.o(i.PORT_SetBits)
    PORT_SetFunc                             0x0000265d   Thumb Code    84  hc32f46x_gpio.o(i.PORT_SetFunc)
    PORT_Toggle                              0x000026b5   Thumb Code    22  hc32f46x_gpio.o(i.PORT_Toggle)
    PORT_Unlock                              0x000026d1   Thumb Code    10  hc32f46x_gpio.o(i.PORT_Unlock)
    PWC_Fcg0PeriphClockCmd                   0x000026e1   Thumb Code    46  hc32f46x_pwc.o(i.PWC_Fcg0PeriphClockCmd)
    PWC_Fcg1PeriphClockCmd                   0x00002719   Thumb Code    28  hc32f46x_pwc.o(i.PWC_Fcg1PeriphClockCmd)
    PWC_Fcg2PeriphClockCmd                   0x00002739   Thumb Code    28  hc32f46x_pwc.o(i.PWC_Fcg2PeriphClockCmd)
    PowerOffHandle                           0x00002759   Thumb Code    18  main_task.o(i.PowerOffHandle)
    PowerOnHandle                            0x0000276b   Thumb Code     8  main_task.o(i.PowerOnHandle)
    PowerOnOffInit                           0x00002773   Thumb Code    12  main_task.o(i.PowerOnOffInit)
    Protocal_CmdProcess_GetAppVersion        0x000028e9   Thumb Code    68  upgrade.o(i.Protocal_CmdProcess_GetAppVersion)
    Protocal_CmdProcess_GetDevID             0x0000292d   Thumb Code    90  upgrade.o(i.Protocal_CmdProcess_GetDevID)
    Protocal_CmdProcess_GetDevMac            0x0000298d   Thumb Code    64  upgrade.o(i.Protocal_CmdProcess_GetDevMac)
    Protocal_CmdProcess_SetDevMac            0x00002b05   Thumb Code    78  upgrade.o(i.Protocal_CmdProcess_SetDevMac)
    Protocal_Find55AAFrame                   0x00002b53   Thumb Code   264  protocal.o(i.Protocal_Find55AAFrame)
    Protocal_Find5AAAFrame                   0x00002c5b   Thumb Code    78  protocal.o(i.Protocal_Find5AAAFrame)
    Protocal_MakeU32Sum                      0x00002ca9   Thumb Code    26  protocal.o(i.Protocal_MakeU32Sum)
    Protocal_MakeU8Sum                       0x00002cc3   Thumb Code    28  protocal.o(i.Protocal_MakeU8Sum)
    Protocal_ProtocolMakeShort55AA           0x00002cdf   Thumb Code    80  protocal.o(i.Protocal_ProtocolMakeShort55AA)
    Protocal_UpgradeProcess                  0x00002d31   Thumb Code   284  upgrade.o(i.Protocal_UpgradeProcess)
    PwrEnable_GpioInit                       0x00002e55   Thumb Code    64  gpio.o(i.PwrEnable_GpioInit)
    PwrEnable_Off                            0x00002e95   Thumb Code    16  gpio.o(i.PwrEnable_Off)
    PwrEnable_On                             0x00002ea5   Thumb Code    16  gpio.o(i.PwrEnable_On)
    PwrKey_GpioInit                          0x00002eb5   Thumb Code    56  gpio.o(i.PwrKey_GpioInit)
    RLed_GpioInit                            0x00002eed   Thumb Code    68  gpio.o(i.RLed_GpioInit)
    RLed_Off                                 0x00002f31   Thumb Code    14  gpio.o(i.RLed_Off)
    RLed_On                                  0x00002f3f   Thumb Code    14  gpio.o(i.RLed_On)
    RLed_Toggle                              0x00002f4d   Thumb Code    14  gpio.o(i.RLed_Toggle)
    RunLed_GpioInit                          0x00002f5b   Thumb Code    68  gpio.o(i.RunLed_GpioInit)
    RunLed_Off                               0x00002f9f   Thumb Code    14  gpio.o(i.RunLed_Off)
    SPI2_Init                                0x00002fad   Thumb Code   194  spi.o(i.SPI2_Init)
    SPI2_ReadWriteByte                       0x00003075   Thumb Code    80  spi.o(i.SPI2_ReadWriteByte)
    SPI2_SetSpeed                            0x000030c9   Thumb Code    22  spi.o(i.SPI2_SetSpeed)
    SPI_Cmd                                  0x000030e5   Thumb Code    40  hc32f46x_spi.o(i.SPI_Cmd)
    SPI_GetFlag                              0x0000311d   Thumb Code   110  hc32f46x_spi.o(i.SPI_GetFlag)
    SPI_Init                                 0x0000319d   Thumb Code   404  hc32f46x_spi.o(i.SPI_Init)
    SPI_ReceiveData8                         0x00003341   Thumb Code     8  hc32f46x_spi.o(i.SPI_ReceiveData8)
    SPI_SendData8                            0x00003349   Thumb Code    34  hc32f46x_spi.o(i.SPI_SendData8)
    SPI_SetClockDiv                          0x0000337d   Thumb Code    40  hc32f46x_spi.o(i.SPI_SetClockDiv)
    SoftTimerInit                            0x0000381d   Thumb Code    20  timer.o(i.SoftTimerInit)
    SoftTimerIntervalProcess                 0x00003831   Thumb Code   136  timer.o(i.SoftTimerIntervalProcess)
    SoftTimerStop                            0x000038bd   Thumb Code    62  timer.o(i.SoftTimerStop)
    StartDownloadProcess                     0x00003901   Thumb Code    42  upgrade.o(i.StartDownloadProcess)
    StopDownloadProcess                      0x0000392d   Thumb Code   194  upgrade.o(i.StopDownloadProcess)
    SysClkIni                                0x000039f9   Thumb Code   148  timer.o(i.SysClkIni)
    SysScheduleProcess                       0x00003a8d   Thumb Code   176  timer.o(i.SysScheduleProcess)
    SysScheduleTimerInit                     0x00003b41   Thumb Code   192  timer.o(i.SysScheduleTimerInit)
    SystemCoreClockUpdate                    0x00003c11   Thumb Code   178  system_hc32f46x.o(i.SystemCoreClockUpdate)
    SystemInit                               0x00003cd5   Thumb Code    20  system_hc32f46x.o(i.SystemInit)
    System_TimedTask                         0x00003ced   Thumb Code   104  main.o(i.System_TimedTask)
    TIMER0_BaseInit                          0x00003d59   Thumb Code  1524  hc32f46x_timer0.o(i.TIMER0_BaseInit)
    TIMER0_ClearFlag                         0x0000434d   Thumb Code   112  hc32f46x_timer0.o(i.TIMER0_ClearFlag)
    TIMER0_Cmd                               0x000043bd   Thumb Code   134  hc32f46x_timer0.o(i.TIMER0_Cmd)
    TIMER0_HardTriggerInit                   0x00004465   Thumb Code  1028  hc32f46x_timer0.o(i.TIMER0_HardTriggerInit)
    TIMER0_WriteCntReg                       0x0000486d   Thumb Code   104  hc32f46x_timer0.o(i.TIMER0_WriteCntReg)
    TIMER4_CNT_ClearCountVal                 0x000048d5   Thumb Code    40  hc32f46x_timer4_cnt.o(i.TIMER4_CNT_ClearCountVal)
    TIMER4_CNT_ClearIrqFlag                  0x00004909   Thumb Code    74  hc32f46x_timer4_cnt.o(i.TIMER4_CNT_ClearIrqFlag)
    TIMER4_CNT_GetIrqFlag                    0x00004961   Thumb Code    46  hc32f46x_timer4_cnt.o(i.TIMER4_CNT_GetIrqFlag)
    TIMER4_CNT_Init                          0x00004991   Thumb Code   392  hc32f46x_timer4_cnt.o(i.TIMER4_CNT_Init)
    TIMER4_CNT_Start                         0x00004b25   Thumb Code    38  hc32f46x_timer4_cnt.o(i.TIMER4_CNT_Start)
    USART_ClearStatus                        0x00004b59   Thumb Code   114  hc32f46x_usart.o(i.USART_ClearStatus)
    USART_DeInit                             0x00004bdd   Thumb Code    58  hc32f46x_usart.o(i.USART_DeInit)
    USART_FuncCmd                            0x00004c29   Thumb Code   562  hc32f46x_usart.o(i.USART_FuncCmd)
    USART_GetStatus                          0x00004e6d   Thumb Code    16  hc32f46x_usart.o(i.USART_GetStatus)
    USART_RecData                            0x00004e7d   Thumb Code    10  hc32f46x_usart.o(i.USART_RecData)
    USART_SendData                           0x00004e87   Thumb Code    14  hc32f46x_usart.o(i.USART_SendData)
    USART_SetBaudrate                        0x00004e95   Thumb Code    86  hc32f46x_usart.o(i.USART_SetBaudrate)
    USART_UART_Init                          0x00004efd   Thumb Code   672  hc32f46x_usart.o(i.USART_UART_Init)
    Uart_ComConfiguration                    0x000051ad   Thumb Code    22  uart.o(i.Uart_ComConfiguration)
    Uart_ComInit                             0x000051c3   Thumb Code   262  uart.o(i.Uart_ComInit)
    Uart_EnableIntError                      0x00005539   Thumb Code    80  uart.o(i.Uart_EnableIntError)
    Uart_EnableIntRx                         0x00005589   Thumb Code   170  uart.o(i.Uart_EnableIntRx)
    Uart_EnableIntTx                         0x00005633   Thumb Code   142  uart.o(i.Uart_EnableIntTx)
    Uart_IrqHandle_EI                        0x0000576b   Thumb Code    68  uart.o(i.Uart_IrqHandle_EI)
    Uart_IrqHandle_RI                        0x000057af   Thumb Code    60  uart.o(i.Uart_IrqHandle_RI)
    Uart_IrqHandle_RTO                       0x000057ed   Thumb Code   226  uart.o(i.Uart_IrqHandle_RTO)
    Uart_IrqHandle_TCI                       0x000058e9   Thumb Code    58  uart.o(i.Uart_IrqHandle_TCI)
    Uart_IrqHandle_TI                        0x00005923   Thumb Code   106  uart.o(i.Uart_IrqHandle_TI)
    Uart_SendBuf                             0x00005a75   Thumb Code    84  uart.o(i.Uart_SendBuf)
    Uart_SendBuf_DMA                         0x00005ac9   Thumb Code   302  uart.o(i.Uart_SendBuf_DMA)
    Uart_SendBuf_Interrupt                   0x00005bf7   Thumb Code    98  uart.o(i.Uart_SendBuf_Interrupt)
    Uart_SendBuf_Poll                        0x00005c59   Thumb Code    66  uart.o(i.Uart_SendBuf_Poll)
    UpComTask_Init                           0x00005c9d   Thumb Code    80  upcom_task.o(i.UpComTask_Init)
    UpComTask_Process                        0x00005cfd   Thumb Code   266  upcom_task.o(i.UpComTask_Process)
    UpCom_ComInit                            0x00005e0d   Thumb Code    60  upcom_task.o(i.UpCom_ComInit)
    UpCom_ComRead                            0x00005e51   Thumb Code    98  upcom_task.o(i.UpCom_ComRead)
    UpCom_ComWrite                           0x00005eb9   Thumb Code    18  upcom_task.o(i.UpCom_ComWrite)
    UpCom_GetLLMagHandle                     0x00005ed1   Thumb Code     4  upcom_task.o(i.UpCom_GetLLMagHandle)
    Update_ConfigSendFunc                    0x00005ed9   Thumb Code     6  upgrade.o(i.Update_ConfigSendFunc)
    Update_MagInit                           0x00005ee5   Thumb Code    78  upgrade.o(i.Update_MagInit)
    Update_ProtocalParse                     0x00005f3d   Thumb Code    30  upgrade.o(i.Update_ProtocalParse)
    Update_ProtocalProcess                   0x00005f5d   Thumb Code    58  upgrade.o(i.Update_ProtocalProcess)
    Update_SetDevMac                         0x00005f9d   Thumb Code    30  upgrade.o(i.Update_SetDevMac)
    W25QXX_CS_GpioInit                       0x00005ff5   Thumb Code    50  gpio.o(i.W25QXX_CS_GpioInit)
    W25QXX_CS_RESET                          0x00006027   Thumb Code    12  gpio.o(i.W25QXX_CS_RESET)
    W25QXX_CS_SET                            0x00006033   Thumb Code    12  gpio.o(i.W25QXX_CS_SET)
    W25QXX_Erase_Page                        0x0000603f   Thumb Code    66  w25qxx.o(i.W25QXX_Erase_Page)
    W25QXX_HardWareInit                      0x00006081   Thumb Code    18  extflash.o(i.W25QXX_HardWareInit)
    W25QXX_Init                              0x00006095   Thumb Code    44  extflash.o(i.W25QXX_Init)
    W25QXX_LowLevelInit                      0x000060c5   Thumb Code    48  extflash.o(i.W25QXX_LowLevelInit)
    W25QXX_Read                              0x000060f5   Thumb Code    70  w25qxx.o(i.W25QXX_Read)
    W25QXX_ReadID                            0x0000613b   Thumb Code    60  w25qxx.o(i.W25QXX_ReadID)
    W25QXX_ReadSR                            0x00006177   Thumb Code    32  w25qxx.o(i.W25QXX_ReadSR)
    W25QXX_Wait_Busy                         0x00006197   Thumb Code    22  w25qxx.o(i.W25QXX_Wait_Busy)
    W25QXX_Write_Enable                      0x000061ad   Thumb Code    18  w25qxx.o(i.W25QXX_Write_Enable)
    W25QXX_Write_Page                        0x000061bf   Thumb Code    84  w25qxx.o(i.W25QXX_Write_Page)
    WDT_Init                                 0x00006215   Thumb Code    54  hc32f46x_wdt.o(i.WDT_Init)
    WDT_RefreshCounter                       0x00006251   Thumb Code    18  hc32f46x_wdt.o(i.WDT_RefreshCounter)
    ZigComTask_Init                          0x00006269   Thumb Code   102  zigcom_task.o(i.ZigComTask_Init)
    ZigComTask_Process                       0x000062d9   Thumb Code   248  zigcom_task.o(i.ZigComTask_Process)
    ZigCom_Analysis                          0x000063d5   Thumb Code   484  zigcom_task.o(i.ZigCom_Analysis)
    ZigCom_ComInit                           0x000065bd   Thumb Code    64  zigcom_task.o(i.ZigCom_ComInit)
    ZigCom_ComRead                           0x00006605   Thumb Code    98  zigcom_task.o(i.ZigCom_ComRead)
    ZigCom_ComWrite                          0x0000666d   Thumb Code    18  zigcom_task.o(i.ZigCom_ComWrite)
    ZigRetSend                               0x00006685   Thumb Code    24  zigcom_task.o(i.ZigRetSend)
    Zigbee_GpioResetInit                     0x000066a1   Thumb Code    52  gpio.o(i.Zigbee_GpioResetInit)
    Zigbee_GpioResetOff                      0x000066d5   Thumb Code    16  gpio.o(i.Zigbee_GpioResetOff)
    Zigbee_GpioResetOn                       0x000066e5   Thumb Code    16  gpio.o(i.Zigbee_GpioResetOn)
    main                                     0x00006755   Thumb Code   148  main.o(i.main)
    my_mem_free                              0x000067e9   Thumb Code    96  malloc.o(i.my_mem_free)
    my_mem_init                              0x00006855   Thumb Code    54  malloc.o(i.my_mem_init)
    my_mem_malloc                            0x00006899   Thumb Code   156  malloc.o(i.my_mem_malloc)
    my_mem_perused                           0x00006941   Thumb Code    54  malloc.o(i.my_mem_perused)
    mymemset                                 0x00006981   Thumb Code    20  malloc.o(i.mymemset)
    sdram_free                               0x00006995   Thumb Code    30  malloc.o(i.sdram_free)
    sdram_init                               0x000069b9   Thumb Code    14  malloc.o(i.sdram_init)
    sdram_malloc                             0x000069cd   Thumb Code    34  malloc.o(i.sdram_malloc)
    ttcpy                                    0x000069f5   Thumb Code    24  uart.o(i.ttcpy)
    _fp_init                                 0x00006a0d   Thumb Code    10  fpinit.o(x$fpl$fpinit)
    __fplib_config_fpu_vfp                   0x00006a15   Thumb Code     0  fpinit.o(x$fpl$fpinit)
    __fplib_config_pureend_doubles           0x00006a15   Thumb Code     0  fpinit.o(x$fpl$fpinit)
    memtblsize                               0x00006bf4   Data           4  malloc.o(.constdata)
    memblksize                               0x00006bf8   Data           4  malloc.o(.constdata)
    memsize                                  0x00006bfc   Data           4  malloc.o(.constdata)
    Region$$Table$$Base                      0x00006c10   Number         0  anon$$obj.o(Region$$Table)
    Region$$Table$$Limit                     0x00006c30   Number         0  anon$$obj.o(Region$$Table)
    SystemCoreClock                          0x1fff8004   Data           4  system_hc32f46x.o(.data)
    mallco_dev                               0x1fff800c   Data          20  malloc.o(.data)
    g_sUpdateMag                             0x1fff8020   Data       11324  upgrade.o(.bss)
    g_sZigComTask_Mag                        0x1fffac5c   Data          48  zigcom_task.o(.bss)
    g_sUpComTask_Mag                         0x1fffac8c   Data          36  upcom_task.o(.bss)
    g_sIDParam                               0x1fffacd0   Data          32  param.o(.bss)
    g_sSysParam                              0x1fffacf0   Data         164  param.o(.bss)
    g_sSysScheTime                           0x1fffad94   Data          16  timer.o(.bss)
    g_sUartSetMag                            0x1fffadd4   Data        8480  uart.o(.bss)
    mem1base                                 0x1fffcf00   Data       98304  malloc.o(.bss)
    mem1mapbase                              0x20014f00   Data        3072  malloc.o(.bss)
    g_sIFlashMag                             0x20015b00   Data          12  iflash.o(.bss)
    g_sW25qxxMag                             0x20015b68   Data         288  extflash.o(.bss)
    g_sFlashMag                              0x20015c88   Data          16  extflash.o(.bss)
    g_sExtFlashMag                           0x20015c98   Data          16  extflash.o(.bss)
    __libspace_start                         0x20015ca8   Data          96  libspace.o(.bss)
    __temporary_stack_top$libspace           0x20015d08   Data           0  libspace.o(.bss)



==============================================================================

Memory Map of the image

  Image Entry point : 0x00000321

  Load Region LR_1 (Base: 0x00000000, Size: 0x00006c50, Max: 0xffffffff, ABSOLUTE)

    Execution Region ER_RO (Exec base: 0x00000000, Load base: 0x00000000, Size: 0x00006c30, Max: 0xffffffff, ABSOLUTE)

    Exec Addr    Load Addr    Size         Type   Attr      Idx    E Section Name        Object

    0x00000000   0x00000000   0x00000280   Data   RO         1078    RESET               startup_hc32f46x.o
    0x00000280   0x00000280   0x00000008   Code   RO         5415  * !!!main             c_w.l(__main.o)
    0x00000288   0x00000288   0x00000034   Code   RO         5757    !!!scatter          c_w.l(__scatter.o)
    0x000002bc   0x000002bc   0x0000001a   Code   RO         5759    !!handler_copy      c_w.l(__scatter_copy.o)
    0x000002d6   0x000002d6   0x00000002   PAD
    0x000002d8   0x000002d8   0x0000001c   Code   RO         5761    !!handler_zi        c_w.l(__scatter_zi.o)
    0x000002f4   0x000002f4   0x00000002   Code   RO         5676    .ARM.Collect$$libinit$$00000000  c_w.l(libinit.o)
    0x000002f6   0x000002f6   0x00000004   Code   RO         5522    .ARM.Collect$$libinit$$00000001  c_w.l(libinit2.o)
    0x000002fa   0x000002fa   0x00000000   Code   RO         5525    .ARM.Collect$$libinit$$00000004  c_w.l(libinit2.o)
    0x000002fa   0x000002fa   0x00000000   Code   RO         5528    .ARM.Collect$$libinit$$0000000A  c_w.l(libinit2.o)
    0x000002fa   0x000002fa   0x00000000   Code   RO         5530    .ARM.Collect$$libinit$$0000000C  c_w.l(libinit2.o)
    0x000002fa   0x000002fa   0x00000000   Code   RO         5532    .ARM.Collect$$libinit$$0000000E  c_w.l(libinit2.o)
    0x000002fa   0x000002fa   0x00000000   Code   RO         5535    .ARM.Collect$$libinit$$00000011  c_w.l(libinit2.o)
    0x000002fa   0x000002fa   0x00000000   Code   RO         5537    .ARM.Collect$$libinit$$00000013  c_w.l(libinit2.o)
    0x000002fa   0x000002fa   0x00000000   Code   RO         5539    .ARM.Collect$$libinit$$00000015  c_w.l(libinit2.o)
    0x000002fa   0x000002fa   0x00000000   Code   RO         5541    .ARM.Collect$$libinit$$00000017  c_w.l(libinit2.o)
    0x000002fa   0x000002fa   0x00000000   Code   RO         5543    .ARM.Collect$$libinit$$00000019  c_w.l(libinit2.o)
    0x000002fa   0x000002fa   0x00000000   Code   RO         5545    .ARM.Collect$$libinit$$0000001B  c_w.l(libinit2.o)
    0x000002fa   0x000002fa   0x00000000   Code   RO         5547    .ARM.Collect$$libinit$$0000001D  c_w.l(libinit2.o)
    0x000002fa   0x000002fa   0x00000000   Code   RO         5549    .ARM.Collect$$libinit$$0000001F  c_w.l(libinit2.o)
    0x000002fa   0x000002fa   0x00000000   Code   RO         5551    .ARM.Collect$$libinit$$00000021  c_w.l(libinit2.o)
    0x000002fa   0x000002fa   0x00000000   Code   RO         5553    .ARM.Collect$$libinit$$00000023  c_w.l(libinit2.o)
    0x000002fa   0x000002fa   0x00000000   Code   RO         5555    .ARM.Collect$$libinit$$00000025  c_w.l(libinit2.o)
    0x000002fa   0x000002fa   0x00000000   Code   RO         5559    .ARM.Collect$$libinit$$0000002C  c_w.l(libinit2.o)
    0x000002fa   0x000002fa   0x00000000   Code   RO         5561    .ARM.Collect$$libinit$$0000002E  c_w.l(libinit2.o)
    0x000002fa   0x000002fa   0x00000000   Code   RO         5563    .ARM.Collect$$libinit$$00000030  c_w.l(libinit2.o)
    0x000002fa   0x000002fa   0x00000000   Code   RO         5565    .ARM.Collect$$libinit$$00000032  c_w.l(libinit2.o)
    0x000002fa   0x000002fa   0x00000002   Code   RO         5566    .ARM.Collect$$libinit$$00000033  c_w.l(libinit2.o)
    0x000002fc   0x000002fc   0x00000002   Code   RO         5722    .ARM.Collect$$libshutdown$$00000000  c_w.l(libshutdown.o)
    0x000002fe   0x000002fe   0x00000000   Code   RO         5738    .ARM.Collect$$libshutdown$$00000002  c_w.l(libshutdown2.o)
    0x000002fe   0x000002fe   0x00000000   Code   RO         5740    .ARM.Collect$$libshutdown$$00000004  c_w.l(libshutdown2.o)
    0x000002fe   0x000002fe   0x00000000   Code   RO         5742    .ARM.Collect$$libshutdown$$00000006  c_w.l(libshutdown2.o)
    0x000002fe   0x000002fe   0x00000000   Code   RO         5745    .ARM.Collect$$libshutdown$$00000009  c_w.l(libshutdown2.o)
    0x000002fe   0x000002fe   0x00000000   Code   RO         5748    .ARM.Collect$$libshutdown$$0000000C  c_w.l(libshutdown2.o)
    0x000002fe   0x000002fe   0x00000000   Code   RO         5750    .ARM.Collect$$libshutdown$$0000000E  c_w.l(libshutdown2.o)
    0x000002fe   0x000002fe   0x00000000   Code   RO         5753    .ARM.Collect$$libshutdown$$00000011  c_w.l(libshutdown2.o)
    0x000002fe   0x000002fe   0x00000002   Code   RO         5754    .ARM.Collect$$libshutdown$$00000012  c_w.l(libshutdown2.o)
    0x00000300   0x00000300   0x00000000   Code   RO         5417    .ARM.Collect$$rtentry$$00000000  c_w.l(__rtentry.o)
    0x00000300   0x00000300   0x00000000   Code   RO         5579    .ARM.Collect$$rtentry$$00000002  c_w.l(__rtentry2.o)
    0x00000300   0x00000300   0x00000006   Code   RO         5591    .ARM.Collect$$rtentry$$00000004  c_w.l(__rtentry4.o)
    0x00000306   0x00000306   0x00000000   Code   RO         5581    .ARM.Collect$$rtentry$$00000009  c_w.l(__rtentry2.o)
    0x00000306   0x00000306   0x00000004   Code   RO         5582    .ARM.Collect$$rtentry$$0000000A  c_w.l(__rtentry2.o)
    0x0000030a   0x0000030a   0x00000000   Code   RO         5584    .ARM.Collect$$rtentry$$0000000C  c_w.l(__rtentry2.o)
    0x0000030a   0x0000030a   0x00000008   Code   RO         5585    .ARM.Collect$$rtentry$$0000000D  c_w.l(__rtentry2.o)
    0x00000312   0x00000312   0x00000002   Code   RO         5684    .ARM.Collect$$rtexit$$00000000  c_w.l(rtexit.o)
    0x00000314   0x00000314   0x00000000   Code   RO         5704    .ARM.Collect$$rtexit$$00000002  c_w.l(rtexit2.o)
    0x00000314   0x00000314   0x00000004   Code   RO         5705    .ARM.Collect$$rtexit$$00000003  c_w.l(rtexit2.o)
    0x00000318   0x00000318   0x00000006   Code   RO         5706    .ARM.Collect$$rtexit$$00000004  c_w.l(rtexit2.o)
    0x0000031e   0x0000031e   0x00000002   PAD
    0x00000320   0x00000320   0x00000074   Code   RO         1079  * .text               startup_hc32f46x.o
    0x00000394   0x00000394   0x00000058   Code   RO         5401    .text               c_w.l(memcmp.o)
    0x000003ec   0x000003ec   0x00000006   Code   RO         5413    .text               c_w.l(heapauxi.o)
    0x000003f2   0x000003f2   0x00000002   PAD
    0x000003f4   0x000003f4   0x00000008   Code   RO         5575    .text               c_w.l(libspace.o)
    0x000003fc   0x000003fc   0x00000002   Code   RO         5700    .text               c_w.l(use_no_semi.o)
    0x000003fe   0x000003fe   0x00000000   Code   RO         5702    .text               c_w.l(indicate_semi.o)
    0x000003fe   0x000003fe   0x00000002   PAD
    0x00000400   0x00000400   0x00000020   Data   RO         3389    .ARM.__AT_0x00000400  hc32f46x_icg.o
    0x00000420   0x00000420   0x000000ee   Code   RO         5388    .text               c_w.l(lludivv7m.o)
    0x0000050e   0x0000050e   0x0000008a   Code   RO         5405    .text               c_w.l(rt_memcpy_v6.o)
    0x00000598   0x00000598   0x00000064   Code   RO         5407    .text               c_w.l(rt_memcpy_w.o)
    0x000005fc   0x000005fc   0x00000044   Code   RO         5409    .text               c_w.l(rt_memclr.o)
    0x00000640   0x00000640   0x0000004e   Code   RO         5411    .text               c_w.l(rt_memclr_w.o)
    0x0000068e   0x0000068e   0x0000004a   Code   RO         5627    .text               c_w.l(sys_stackheap_outer.o)
    0x000006d8   0x000006d8   0x00000012   Code   RO         5659    .text               c_w.l(exit.o)
    0x000006ea   0x000006ea   0x00000002   PAD
    0x000006ec   0x000006ec   0x0000000c   Code   RO         5698    .text               c_w.l(sys_exit.o)
    0x000006f8   0x000006f8   0x00000068   Code   RO         2626    i.AsyncDelay        hc32f46x_timer0.o
    0x00000760   0x00000760   0x00000044   Code   RO         3993    i.Beep_GpioInit     gpio.o
    0x000007a4   0x000007a4   0x0000000e   Code   RO         3994    i.Beep_GpioOff      gpio.o
    0x000007b2   0x000007b2   0x00000028   Code   RO            4    i.BoardInit         main.o
    0x000007da   0x000007da   0x00000002   PAD
    0x000007dc   0x000007dc   0x00000044   Code   RO            5    i.BootPowerOffTimedProcess  main.o
    0x00000820   0x00000820   0x00000078   Code   RO         1372    i.CLK_GetFlagStatus  hc32f46x_clk.o
    0x00000898   0x00000898   0x000000c0   Code   RO         1376    i.CLK_HrcCmd        hc32f46x_clk.o
    0x00000958   0x00000958   0x00000090   Code   RO         1380    i.CLK_MpllCmd       hc32f46x_clk.o
    0x000009e8   0x000009e8   0x00000090   Code   RO         1381    i.CLK_MpllConfig    hc32f46x_clk.o
    0x00000a78   0x00000a78   0x00000040   Code   RO         1388    i.CLK_SetPllSource  hc32f46x_clk.o
    0x00000ab8   0x00000ab8   0x000000d4   Code   RO         1389    i.CLK_SetSysClkSource  hc32f46x_clk.o
    0x00000b8c   0x00000b8c   0x000000e8   Code   RO         1391    i.CLK_SysClkConfig  hc32f46x_clk.o
    0x00000c74   0x00000c74   0x000000b4   Code   RO          323    i.CheckNewData      upgrade.o
    0x00000d28   0x00000d28   0x0000003a   Code   RO          755    i.ComTask_Init      comtask.o
    0x00000d62   0x00000d62   0x00000002   PAD
    0x00000d64   0x00000d64   0x00000030   Code   RO            6    i.CoreInit          main.o
    0x00000d94   0x00000d94   0x00000156   Code   RO         1605    i.DMA_ChannelCfg    hc32f46x_dmac.o
    0x00000eea   0x00000eea   0x00000002   PAD
    0x00000eec   0x00000eec   0x00000184   Code   RO         1606    i.DMA_ChannelCmd    hc32f46x_dmac.o
    0x00001070   0x00001070   0x00000068   Code   RO         1607    i.DMA_ClearIrqFlag  hc32f46x_dmac.o
    0x000010d8   0x000010d8   0x0000000a   Code   RO         1608    i.DMA_Cmd           hc32f46x_dmac.o
    0x000010e2   0x000010e2   0x00000068   Code   RO         1611    i.DMA_EnableIrq     hc32f46x_dmac.o
    0x0000114a   0x0000114a   0x00000002   PAD
    0x0000114c   0x0000114c   0x0000015c   Code   RO         1614    i.DMA_InitChannel   hc32f46x_dmac.o
    0x000012a8   0x000012a8   0x0000003c   Code   RO         1618    i.DMA_SetDesAddress  hc32f46x_dmac.o
    0x000012e4   0x000012e4   0x0000003c   Code   RO         1625    i.DMA_SetSrcAddress  hc32f46x_dmac.o
    0x00001320   0x00001320   0x00000062   Code   RO         1630    i.DMA_SetTransferCnt  hc32f46x_dmac.o
    0x00001382   0x00001382   0x00000002   PAD
    0x00001384   0x00001384   0x00000034   Code   RO         1631    i.DMA_SetTriggerSrc  hc32f46x_dmac.o
    0x000013b8   0x000013b8   0x00000044   Code   RO          324    i.DataReplace       upgrade.o
    0x000013fc   0x000013fc   0x00000020   Code   RO         3410    i.Delay_Init        timer.o
    0x0000141c   0x0000141c   0x00000050   Code   RO         3411    i.Delay_Ms          timer.o
    0x0000146c   0x0000146c   0x000000c4   Code   RO          325    i.DownloadProcess_Sync  upgrade.o
    0x00001530   0x00001530   0x0000000c   Code   RO         1787    i.EFM_ClearFlag     hc32f46x_efm.o
    0x0000153c   0x0000153c   0x00000014   Code   RO         1789    i.EFM_ErasePgmCmd   hc32f46x_efm.o
    0x00001550   0x00001550   0x0000001c   Code   RO         1790    i.EFM_FlashCmd      hc32f46x_efm.o
    0x0000156c   0x0000156c   0x00000018   Code   RO         1791    i.EFM_GetFlagStatus  hc32f46x_efm.o
    0x00001584   0x00001584   0x00000018   Code   RO         1795    i.EFM_Lock          hc32f46x_efm.o
    0x0000159c   0x0000159c   0x00000078   Code   RO         1800    i.EFM_SectorErase   hc32f46x_efm.o
    0x00001614   0x00001614   0x00000014   Code   RO         1803    i.EFM_SetErasePgmMode  hc32f46x_efm.o
    0x00001628   0x00001628   0x00000014   Code   RO         1804    i.EFM_SetLatency    hc32f46x_efm.o
    0x0000163c   0x0000163c   0x0000007c   Code   RO         1807    i.EFM_SingleProgram  hc32f46x_efm.o
    0x000016b8   0x000016b8   0x00000014   Code   RO         1809    i.EFM_Unlock        hc32f46x_efm.o
    0x000016cc   0x000016cc   0x0000003e   Code   RO         5021    i.EXTFLASH_GetFlashSize  extflash.o
    0x0000170a   0x0000170a   0x00000030   Code   RO         5022    i.EXTFLASH_GetPageSize  extflash.o
    0x0000173a   0x0000173a   0x00000002   PAD
    0x0000173c   0x0000173c   0x00000018   Code   RO          326    i.EraseNewData      upgrade.o
    0x00001754   0x00001754   0x00000068   Code   RO         5023    i.ExtFlash_GetFlashCheckSum  extflash.o
    0x000017bc   0x000017bc   0x00000048   Code   RO         5024    i.ExtFlash_Init     extflash.o
    0x00001804   0x00001804   0x0000007c   Code   RO         5026    i.ExtFlash_Read     extflash.o
    0x00001880   0x00001880   0x000000f0   Code   RO         5027    i.ExtFlash_Write    extflash.o
    0x00001970   0x00001970   0x00000034   Code   RO          327    i.FlashGetSum       upgrade.o
    0x000019a4   0x000019a4   0x00000034   Code   RO          328    i.FlashWrite        upgrade.o
    0x000019d8   0x000019d8   0x0000004c   Code   RO         3539    i.GetComIndex       uart.o
    0x00001a24   0x00001a24   0x00000018   Code   RO          329    i.GetLastUpdateFrameIndex  upgrade.o
    0x00001a3c   0x00001a3c   0x00000020   Code   RO          330    i.GetNewDataDownloadAddr  upgrade.o
    0x00001a5c   0x00001a5c   0x00000020   Code   RO          331    i.GetNewDataFileCheck  upgrade.o
    0x00001a7c   0x00001a7c   0x0000001c   Code   RO          332    i.GetNewDataFileSize  upgrade.o
    0x00001a98   0x00001a98   0x00000020   Code   RO          333    i.GetNewDataReplaceAddr  upgrade.o
    0x00001ab8   0x00001ab8   0x00000004   Code   RO         5132    i.GetProtAddr       protocal.o
    0x00001abc   0x00001abc   0x0000001c   Code   RO         3413    i.GetSysRunMilliSecond  timer.o
    0x00001ad8   0x00001ad8   0x00000034   Code   RO          908    i.IDParam_SetWMac   param.o
    0x00001b0c   0x00001b0c   0x00000006   Code   RO         4307    i.IFLASH_GetFlashSize_HC32F460  iflash.o
    0x00001b12   0x00001b12   0x00000006   Code   RO         4308    i.IFLASH_GetPageSize_HC32F460  iflash.o
    0x00001b18   0x00001b18   0x0000002a   Code   RO         4309    i.IFlash_GetFlashCheckSum  iflash.o
    0x00001b42   0x00001b42   0x0000002e   Code   RO         4310    i.IFlash_Init       iflash.o
    0x00001b70   0x00001b70   0x0000002e   Code   RO         4311    i.IFlash_PageErase  iflash.o
    0x00001b9e   0x00001b9e   0x0000001a   Code   RO         4312    i.IFlash_Read       iflash.o
    0x00001bb8   0x00001bb8   0x0000010e   Code   RO         4313    i.IFlash_Write      iflash.o
    0x00001cc6   0x00001cc6   0x00000002   PAD
    0x00001cc8   0x00001cc8   0x00000024   Code   RO         3415    i.IRQ005_Handler    timer.o
    0x00001cec   0x00001cec   0x00000010   Code   RO         3540    i.IRQ006_Handler    uart.o
    0x00001cfc   0x00001cfc   0x00000010   Code   RO         3541    i.IRQ007_Handler    uart.o
    0x00001d0c   0x00001d0c   0x00000010   Code   RO         3542    i.IRQ008_Handler    uart.o
    0x00001d1c   0x00001d1c   0x00000010   Code   RO         3543    i.IRQ009_Handler    uart.o
    0x00001d2c   0x00001d2c   0x00000010   Code   RO         3544    i.IRQ010_Handler    uart.o
    0x00001d3c   0x00001d3c   0x00000010   Code   RO         3545    i.IRQ011_Handler    uart.o
    0x00001d4c   0x00001d4c   0x00000010   Code   RO         3546    i.IRQ012_Handler    uart.o
    0x00001d5c   0x00001d5c   0x00000010   Code   RO         3547    i.IRQ013_Handler    uart.o
    0x00001d6c   0x00001d6c   0x00000010   Code   RO         3548    i.IRQ014_Handler    uart.o
    0x00001d7c   0x00001d7c   0x00000010   Code   RO         3549    i.IRQ015_Handler    uart.o
    0x00001d8c   0x00001d8c   0x00000010   Code   RO         3550    i.IRQ016_Handler    uart.o
    0x00001d9c   0x00001d9c   0x00000010   Code   RO         3551    i.IRQ017_Handler    uart.o
    0x00001dac   0x00001dac   0x00000010   Code   RO         3552    i.IRQ018_Handler    uart.o
    0x00001dbc   0x00001dbc   0x00000010   Code   RO         3553    i.IRQ019_Handler    uart.o
    0x00001dcc   0x00001dcc   0x00000010   Code   RO         3554    i.IRQ020_Handler    uart.o
    0x00001ddc   0x00001ddc   0x00000010   Code   RO         3555    i.IRQ021_Handler    uart.o
    0x00001dec   0x00001dec   0x00000010   Code   RO         3556    i.IRQ022_Handler    uart.o
    0x00001dfc   0x00001dfc   0x00000010   Code   RO         3557    i.IRQ023_Handler    uart.o
    0x00001e0c   0x00001e0c   0x00000010   Code   RO         3558    i.IRQ024_Handler    uart.o
    0x00001e1c   0x00001e1c   0x00000010   Code   RO         3559    i.IRQ025_Handler    uart.o
    0x00001e2c   0x00001e2c   0x00000010   Code   RO         3560    i.IRQ026_Handler    uart.o
    0x00001e3c   0x00001e3c   0x00000010   Code   RO         3561    i.IRQ027_Handler    uart.o
    0x00001e4c   0x00001e4c   0x00000010   Code   RO         3562    i.IRQ028_Handler    uart.o
    0x00001e5c   0x00001e5c   0x00000010   Code   RO         3563    i.IRQ029_Handler    uart.o
    0x00001e6c   0x00001e6c   0x00000008   Code   RO         4383    i.IWDG_Feed         iwdt.o
    0x00001e74   0x00001e74   0x00000032   Code   RO         4384    i.IWDG_Init         iwdt.o
    0x00001ea6   0x00001ea6   0x00000002   PAD
    0x00001ea8   0x00001ea8   0x00000050   Code   RO         3416    i.IrqRegistration   timer.o
    0x00001ef8   0x00001ef8   0x00000050   Code   RO         3564    i.IrqRegistration   uart.o
    0x00001f48   0x00001f48   0x00000026   Code   RO          910    i.IsParamValid      param.o
    0x00001f6e   0x00001f6e   0x00000016   Code   RO         4004    i.Is_PwrKeyOn       gpio.o
    0x00001f84   0x00001f84   0x00000044   Code   RO          335    i.JumpToApp         upgrade.o
    0x00001fc8   0x00001fc8   0x0000001c   Code   RO         5330    i.LinkList_Create   linklist.o
    0x00001fe4   0x00001fe4   0x0000003e   Code   RO         5331    i.LinkList_Delete   linklist.o
    0x00002022   0x00002022   0x00000032   Code   RO         5333    i.LinkList_Get      linklist.o
    0x00002054   0x00002054   0x00000008   Code   RO         5258    i.LinkQueue_Create  linkqueue.o
    0x0000205c   0x0000205c   0x0000001c   Code   RO         5260    i.LinkQueue_Header  linkqueue.o
    0x00002078   0x00002078   0x00000032   Code   RO         5262    i.LinkQueue_Retrieve  linkqueue.o
    0x000020aa   0x000020aa   0x00000044   Code   RO         4011    i.Motor_GpioInit    gpio.o
    0x000020ee   0x000020ee   0x0000000e   Code   RO         4012    i.Motor_GpioOff     gpio.o
    0x000020fc   0x000020fc   0x0000000e   Code   RO         4013    i.Motor_GpioOn      gpio.o
    0x0000210a   0x0000210a   0x00000002   PAD
    0x0000210c   0x0000210c   0x00000008   Code   RO         4852    i.NewZigbee_GetLLMagHandle  new_zigbee.o
    0x00002114   0x00002114   0x00000028   Code   RO         4853    i.NewZigbee_LL_GetParam  new_zigbee.o
    0x0000213c   0x0000213c   0x0000000e   Code   RO         4856    i.NewZigbee_LL_Reset  new_zigbee.o
    0x0000214a   0x0000214a   0x000000f0   Code   RO         4858    i.NewZigbee_LL_SetParam  new_zigbee.o
    0x0000223a   0x0000223a   0x00000002   PAD
    0x0000223c   0x0000223c   0x00000028   Code   RO         4859    i.NewZigbee_LL_SoftReset  new_zigbee.o
    0x00002264   0x00002264   0x0000004c   Code   RO         4860    i.NewZigbee_LowLevelInit  new_zigbee.o
    0x000022b0   0x000022b0   0x000000b6   Code   RO         4861    i.NewZigbee_LowLevelTimedProcess  new_zigbee.o
    0x00002366   0x00002366   0x00000022   Code   RO         4863    i.NewZigbee_Reset   new_zigbee.o
    0x00002388   0x00002388   0x000000c2   Code   RO         4866    i.NewZigbee_Send    new_zigbee.o
    0x0000244a   0x0000244a   0x00000014   Code   RO         4869    i.NewZigbee_SetTxPwr  new_zigbee.o
    0x0000245e   0x0000245e   0x00000018   Code   RO         4870    i.NewZigbee_StartGetParam  new_zigbee.o
    0x00002476   0x00002476   0x00000018   Code   RO         4871    i.NewZigbee_StartSetParam  new_zigbee.o
    0x0000248e   0x0000248e   0x00000018   Code   RO         4872    i.NewZigbee_StartSoftReset  new_zigbee.o
    0x000024a6   0x000024a6   0x00000016   Code   RO         4873    i.NewZigbee_StopGetParam  new_zigbee.o
    0x000024bc   0x000024bc   0x00000016   Code   RO         4874    i.NewZigbee_StopSetParam  new_zigbee.o
    0x000024d2   0x000024d2   0x00000016   Code   RO         4875    i.NewZigbee_StopSoftReset  new_zigbee.o
    0x000024e8   0x000024e8   0x00000038   Code   RO         1986    i.PORT_DebugPortSetting  hc32f46x_gpio.o
    0x00002520   0x00002520   0x00000020   Code   RO         1987    i.PORT_GetBit       hc32f46x_gpio.o
    0x00002540   0x00002540   0x000000d4   Code   RO         1989    i.PORT_Init         hc32f46x_gpio.o
    0x00002614   0x00002614   0x00000010   Code   RO         1990    i.PORT_Lock         hc32f46x_gpio.o
    0x00002624   0x00002624   0x0000001c   Code   RO         1993    i.PORT_ResetBits    hc32f46x_gpio.o
    0x00002640   0x00002640   0x0000001c   Code   RO         1995    i.PORT_SetBits      hc32f46x_gpio.o
    0x0000265c   0x0000265c   0x00000058   Code   RO         1996    i.PORT_SetFunc      hc32f46x_gpio.o
    0x000026b4   0x000026b4   0x0000001c   Code   RO         1999    i.PORT_Toggle       hc32f46x_gpio.o
    0x000026d0   0x000026d0   0x00000010   Code   RO         2000    i.PORT_Unlock       hc32f46x_gpio.o
    0x000026e0   0x000026e0   0x00000038   Code   RO         2112    i.PWC_Fcg0PeriphClockCmd  hc32f46x_pwc.o
    0x00002718   0x00002718   0x00000020   Code   RO         2113    i.PWC_Fcg1PeriphClockCmd  hc32f46x_pwc.o
    0x00002738   0x00002738   0x00000020   Code   RO         2114    i.PWC_Fcg2PeriphClockCmd  hc32f46x_pwc.o
    0x00002758   0x00002758   0x00000012   Code   RO          252    i.PowerOffHandle    main_task.o
    0x0000276a   0x0000276a   0x00000008   Code   RO          253    i.PowerOnHandle     main_task.o
    0x00002772   0x00002772   0x0000000c   Code   RO          254    i.PowerOnOffInit    main_task.o
    0x0000277e   0x0000277e   0x00000002   PAD
    0x00002780   0x00002780   0x000000a4   Code   RO          336    i.Protocal_CmdProcess_DOWNLOAD  upgrade.o
    0x00002824   0x00002824   0x00000070   Code   RO          337    i.Protocal_CmdProcess_DOWNLOAD_END  upgrade.o
    0x00002894   0x00002894   0x00000054   Code   RO          338    i.Protocal_CmdProcess_DOWNLOAD_START  upgrade.o
    0x000028e8   0x000028e8   0x00000044   Code   RO          339    i.Protocal_CmdProcess_GetAppVersion  upgrade.o
    0x0000292c   0x0000292c   0x00000060   Code   RO          340    i.Protocal_CmdProcess_GetDevID  upgrade.o
    0x0000298c   0x0000298c   0x00000044   Code   RO          341    i.Protocal_CmdProcess_GetDevMac  upgrade.o
    0x000029d0   0x000029d0   0x00000084   Code   RO          342    i.Protocal_CmdProcess_RESET_DOWNLOAD_ADDR  upgrade.o
    0x00002a54   0x00002a54   0x00000084   Code   RO          343    i.Protocal_CmdProcess_RESET_REPLACE_ADDR  upgrade.o
    0x00002ad8   0x00002ad8   0x0000002c   Code   RO          344    i.Protocal_CmdProcess_Ret  upgrade.o
    0x00002b04   0x00002b04   0x0000004e   Code   RO          345    i.Protocal_CmdProcess_SetDevMac  upgrade.o
    0x00002b52   0x00002b52   0x00000108   Code   RO         5133    i.Protocal_Find55AAFrame  protocal.o
    0x00002c5a   0x00002c5a   0x0000004e   Code   RO         5134    i.Protocal_Find5AAAFrame  protocal.o
    0x00002ca8   0x00002ca8   0x0000001a   Code   RO         5140    i.Protocal_MakeU32Sum  protocal.o
    0x00002cc2   0x00002cc2   0x0000001c   Code   RO         5141    i.Protocal_MakeU8Sum  protocal.o
    0x00002cde   0x00002cde   0x00000050   Code   RO         5144    i.Protocal_ProtocolMakeShort55AA  protocal.o
    0x00002d2e   0x00002d2e   0x00000002   PAD
    0x00002d30   0x00002d30   0x00000124   Code   RO          346    i.Protocal_UpgradeProcess  upgrade.o
    0x00002e54   0x00002e54   0x00000040   Code   RO         4014    i.PwrEnable_GpioInit  gpio.o
    0x00002e94   0x00002e94   0x00000010   Code   RO         4015    i.PwrEnable_Off     gpio.o
    0x00002ea4   0x00002ea4   0x00000010   Code   RO         4016    i.PwrEnable_On      gpio.o
    0x00002eb4   0x00002eb4   0x00000038   Code   RO         4017    i.PwrKey_GpioInit   gpio.o
    0x00002eec   0x00002eec   0x00000044   Code   RO         4018    i.RLed_GpioInit     gpio.o
    0x00002f30   0x00002f30   0x0000000e   Code   RO         4019    i.RLed_Off          gpio.o
    0x00002f3e   0x00002f3e   0x0000000e   Code   RO         4020    i.RLed_On           gpio.o
    0x00002f4c   0x00002f4c   0x0000000e   Code   RO         4021    i.RLed_Toggle       gpio.o
    0x00002f5a   0x00002f5a   0x00000044   Code   RO         4022    i.RunLed_GpioInit   gpio.o
    0x00002f9e   0x00002f9e   0x0000000e   Code   RO         4023    i.RunLed_Off        gpio.o
    0x00002fac   0x00002fac   0x000000c8   Code   RO         4413    i.SPI2_Init         spi.o
    0x00003074   0x00003074   0x00000054   Code   RO         4414    i.SPI2_ReadWriteByte  spi.o
    0x000030c8   0x000030c8   0x0000001c   Code   RO         4415    i.SPI2_SetSpeed     spi.o
    0x000030e4   0x000030e4   0x00000038   Code   RO         2483    i.SPI_Cmd           hc32f46x_spi.o
    0x0000311c   0x0000311c   0x00000080   Code   RO         2486    i.SPI_GetFlag       hc32f46x_spi.o
    0x0000319c   0x0000319c   0x000001a4   Code   RO         2487    i.SPI_Init          hc32f46x_spi.o
    0x00003340   0x00003340   0x00000008   Code   RO         2491    i.SPI_ReceiveData8  hc32f46x_spi.o
    0x00003348   0x00003348   0x00000034   Code   RO         2495    i.SPI_SendData8     hc32f46x_spi.o
    0x0000337c   0x0000337c   0x00000038   Code   RO         2496    i.SPI_SetClockDiv   hc32f46x_spi.o
    0x000033b4   0x000033b4   0x00000050   Code   RO          347    i.SaveLastUpdateFrame  upgrade.o
    0x00003404   0x00003404   0x00000134   Code   RO         2942    i.SetClkSyncBaudrate  hc32f46x_usart.o
    0x00003538   0x00003538   0x00000170   Code   RO         2943    i.SetScBaudrate     hc32f46x_usart.o
    0x000036a8   0x000036a8   0x00000174   Code   RO         2944    i.SetUartBaudrate   hc32f46x_usart.o
    0x0000381c   0x0000381c   0x00000014   Code   RO         3418    i.SoftTimerInit     timer.o
    0x00003830   0x00003830   0x0000008c   Code   RO         3419    i.SoftTimerIntervalProcess  timer.o
    0x000038bc   0x000038bc   0x00000044   Code   RO         3423    i.SoftTimerStop     timer.o
    0x00003900   0x00003900   0x0000002a   Code   RO          348    i.StartDownloadProcess  upgrade.o
    0x0000392a   0x0000392a   0x00000002   PAD
    0x0000392c   0x0000392c   0x000000cc   Code   RO          350    i.StopDownloadProcess  upgrade.o
    0x000039f8   0x000039f8   0x00000094   Code   RO         3424    i.SysClkIni         timer.o
    0x00003a8c   0x00003a8c   0x000000b4   Code   RO         3425    i.SysScheduleProcess  timer.o
    0x00003b40   0x00003b40   0x000000d0   Code   RO         3426    i.SysScheduleTimerInit  timer.o
    0x00003c10   0x00003c10   0x000000c4   Code   RO         1086    i.SystemCoreClockUpdate  system_hc32f46x.o
    0x00003cd4   0x00003cd4   0x00000018   Code   RO         1087    i.SystemInit        system_hc32f46x.o
    0x00003cec   0x00003cec   0x0000006c   Code   RO            7    i.System_TimedTask  main.o
    0x00003d58   0x00003d58   0x000005f4   Code   RO         2627    i.TIMER0_BaseInit   hc32f46x_timer0.o
    0x0000434c   0x0000434c   0x00000070   Code   RO         2628    i.TIMER0_ClearFlag  hc32f46x_timer0.o
    0x000043bc   0x000043bc   0x00000086   Code   RO         2629    i.TIMER0_Cmd        hc32f46x_timer0.o
    0x00004442   0x00004442   0x00000022   Code   RO         2631    i.TIMER0_GetClkMode  hc32f46x_timer0.o
    0x00004464   0x00004464   0x00000408   Code   RO         2635    i.TIMER0_HardTriggerInit  hc32f46x_timer0.o
    0x0000486c   0x0000486c   0x00000068   Code   RO         2640    i.TIMER0_WriteCntReg  hc32f46x_timer0.o
    0x000048d4   0x000048d4   0x00000034   Code   RO         3251    i.TIMER4_CNT_ClearCountVal  hc32f46x_timer4_cnt.o
    0x00004908   0x00004908   0x00000058   Code   RO         3252    i.TIMER4_CNT_ClearIrqFlag  hc32f46x_timer4_cnt.o
    0x00004960   0x00004960   0x0000002e   Code   RO         3259    i.TIMER4_CNT_GetIrqFlag  hc32f46x_timer4_cnt.o
    0x0000498e   0x0000498e   0x00000002   PAD
    0x00004990   0x00004990   0x00000194   Code   RO         3261    i.TIMER4_CNT_Init   hc32f46x_timer4_cnt.o
    0x00004b24   0x00004b24   0x00000034   Code   RO         3269    i.TIMER4_CNT_Start  hc32f46x_timer4_cnt.o
    0x00004b58   0x00004b58   0x00000084   Code   RO         2946    i.USART_ClearStatus  hc32f46x_usart.o
    0x00004bdc   0x00004bdc   0x0000004c   Code   RO         2947    i.USART_DeInit      hc32f46x_usart.o
    0x00004c28   0x00004c28   0x00000244   Code   RO         2948    i.USART_FuncCmd     hc32f46x_usart.o
    0x00004e6c   0x00004e6c   0x00000010   Code   RO         2958    i.USART_GetStatus   hc32f46x_usart.o
    0x00004e7c   0x00004e7c   0x0000000a   Code   RO         2961    i.USART_RecData     hc32f46x_usart.o
    0x00004e86   0x00004e86   0x0000000e   Code   RO         2963    i.USART_SendData    hc32f46x_usart.o
    0x00004e94   0x00004e94   0x00000068   Code   RO         2964    i.USART_SetBaudrate  hc32f46x_usart.o
    0x00004efc   0x00004efc   0x000002b0   Code   RO         2976    i.USART_UART_Init   hc32f46x_usart.o
    0x000051ac   0x000051ac   0x00000016   Code   RO         3567    i.Uart_ComConfiguration  uart.o
    0x000051c2   0x000051c2   0x00000106   Code   RO         3569    i.Uart_ComInit      uart.o
    0x000052c8   0x000052c8   0x00000054   Code   RO         3571    i.Uart_EnableClock  uart.o
    0x0000531c   0x0000531c   0x00000128   Code   RO         3572    i.Uart_EnableDmaRx  uart.o
    0x00005444   0x00005444   0x000000f4   Code   RO         3573    i.Uart_EnableDmaTx  uart.o
    0x00005538   0x00005538   0x00000050   Code   RO         3574    i.Uart_EnableIntError  uart.o
    0x00005588   0x00005588   0x000000aa   Code   RO         3575    i.Uart_EnableIntRx  uart.o
    0x00005632   0x00005632   0x0000008e   Code   RO         3576    i.Uart_EnableIntTx  uart.o
    0x000056c0   0x000056c0   0x0000001e   Code   RO         3577    i.Uart_GpioConfig   uart.o
    0x000056de   0x000056de   0x0000008c   Code   RO         3578    i.Uart_IrqHandle_DMATC  uart.o
    0x0000576a   0x0000576a   0x00000044   Code   RO         3579    i.Uart_IrqHandle_EI  uart.o
    0x000057ae   0x000057ae   0x0000003c   Code   RO         3580    i.Uart_IrqHandle_RI  uart.o
    0x000057ea   0x000057ea   0x00000002   PAD
    0x000057ec   0x000057ec   0x000000fc   Code   RO         3581    i.Uart_IrqHandle_RTO  uart.o
    0x000058e8   0x000058e8   0x0000003a   Code   RO         3582    i.Uart_IrqHandle_TCI  uart.o
    0x00005922   0x00005922   0x0000006a   Code   RO         3583    i.Uart_IrqHandle_TI  uart.o
    0x0000598c   0x0000598c   0x000000e8   Code   RO         3585    i.Uart_RxTimeoutConfig  uart.o
    0x00005a74   0x00005a74   0x00000054   Code   RO         3586    i.Uart_SendBuf      uart.o
    0x00005ac8   0x00005ac8   0x0000012e   Code   RO         3587    i.Uart_SendBuf_DMA  uart.o
    0x00005bf6   0x00005bf6   0x00000062   Code   RO         3588    i.Uart_SendBuf_Interrupt  uart.o
    0x00005c58   0x00005c58   0x00000042   Code   RO         3589    i.Uart_SendBuf_Poll  uart.o
    0x00005c9a   0x00005c9a   0x00000002   PAD
    0x00005c9c   0x00005c9c   0x00000060   Code   RO          691    i.UpComTask_Init    upcom_task.o
    0x00005cfc   0x00005cfc   0x00000110   Code   RO          692    i.UpComTask_Process  upcom_task.o
    0x00005e0c   0x00005e0c   0x00000044   Code   RO          693    i.UpCom_ComInit     upcom_task.o
    0x00005e50   0x00005e50   0x00000068   Code   RO          694    i.UpCom_ComRead     upcom_task.o
    0x00005eb8   0x00005eb8   0x00000018   Code   RO          695    i.UpCom_ComWrite    upcom_task.o
    0x00005ed0   0x00005ed0   0x00000008   Code   RO          696    i.UpCom_GetLLMagHandle  upcom_task.o
    0x00005ed8   0x00005ed8   0x0000000c   Code   RO          351    i.Update_ConfigSendFunc  upgrade.o
    0x00005ee4   0x00005ee4   0x00000058   Code   RO          352    i.Update_MagInit    upgrade.o
    0x00005f3c   0x00005f3c   0x0000001e   Code   RO          353    i.Update_ProtocalParse  upgrade.o
    0x00005f5a   0x00005f5a   0x00000002   PAD
    0x00005f5c   0x00005f5c   0x00000040   Code   RO          354    i.Update_ProtocalProcess  upgrade.o
    0x00005f9c   0x00005f9c   0x00000024   Code   RO          355    i.Update_SetDevMac  upgrade.o
    0x00005fc0   0x00005fc0   0x00000034   Code   RO         2977    i.UsartGetClk       hc32f46x_usart.o
    0x00005ff4   0x00005ff4   0x00000032   Code   RO         4026    i.W25QXX_CS_GpioInit  gpio.o
    0x00006026   0x00006026   0x0000000c   Code   RO         4027    i.W25QXX_CS_RESET   gpio.o
    0x00006032   0x00006032   0x0000000c   Code   RO         4028    i.W25QXX_CS_SET     gpio.o
    0x0000603e   0x0000603e   0x00000042   Code   RO         4739    i.W25QXX_Erase_Page  w25qxx.o
    0x00006080   0x00006080   0x00000012   Code   RO         5031    i.W25QXX_HardWareInit  extflash.o
    0x00006092   0x00006092   0x00000002   PAD
    0x00006094   0x00006094   0x00000030   Code   RO         5032    i.W25QXX_Init       extflash.o
    0x000060c4   0x000060c4   0x00000030   Code   RO         5033    i.W25QXX_LowLevelInit  extflash.o
    0x000060f4   0x000060f4   0x00000046   Code   RO         4743    i.W25QXX_Read       w25qxx.o
    0x0000613a   0x0000613a   0x0000003c   Code   RO         4744    i.W25QXX_ReadID     w25qxx.o
    0x00006176   0x00006176   0x00000020   Code   RO         4745    i.W25QXX_ReadSR     w25qxx.o
    0x00006196   0x00006196   0x00000016   Code   RO         4747    i.W25QXX_Wait_Busy  w25qxx.o
    0x000061ac   0x000061ac   0x00000012   Code   RO         4749    i.W25QXX_Write_Enable  w25qxx.o
    0x000061be   0x000061be   0x00000054   Code   RO         4751    i.W25QXX_Write_Page  w25qxx.o
    0x00006212   0x00006212   0x00000002   PAD
    0x00006214   0x00006214   0x0000003c   Code   RO         3206    i.WDT_Init          hc32f46x_wdt.o
    0x00006250   0x00006250   0x00000018   Code   RO         3207    i.WDT_RefreshCounter  hc32f46x_wdt.o
    0x00006268   0x00006268   0x00000070   Code   RO          618    i.ZigComTask_Init   zigcom_task.o
    0x000062d8   0x000062d8   0x000000fc   Code   RO          619    i.ZigComTask_Process  zigcom_task.o
    0x000063d4   0x000063d4   0x000001e8   Code   RO          620    i.ZigCom_Analysis   zigcom_task.o
    0x000065bc   0x000065bc   0x00000048   Code   RO          621    i.ZigCom_ComInit    zigcom_task.o
    0x00006604   0x00006604   0x00000068   Code   RO          622    i.ZigCom_ComRead    zigcom_task.o
    0x0000666c   0x0000666c   0x00000018   Code   RO          623    i.ZigCom_ComWrite   zigcom_task.o
    0x00006684   0x00006684   0x0000001c   Code   RO          624    i.ZigRetSend        zigcom_task.o
    0x000066a0   0x000066a0   0x00000034   Code   RO         4039    i.Zigbee_GpioResetInit  gpio.o
    0x000066d4   0x000066d4   0x00000010   Code   RO         4040    i.Zigbee_GpioResetOff  gpio.o
    0x000066e4   0x000066e4   0x00000010   Code   RO         4041    i.Zigbee_GpioResetOn  gpio.o
    0x000066f4   0x000066f4   0x0000001c   Code   RO         3590    i.__NVIC_ClearPendingIRQ  uart.o
    0x00006710   0x00006710   0x0000001a   Code   RO         3591    i.__NVIC_EnableIRQ  uart.o
    0x0000672a   0x0000672a   0x00000002   PAD
    0x0000672c   0x0000672c   0x00000028   Code   RO         3592    i.__NVIC_SetPriority  uart.o
    0x00006754   0x00006754   0x00000094   Code   RO            8    i.main              main.o
    0x000067e8   0x000067e8   0x0000006c   Code   RO         3901    i.my_mem_free       malloc.o
    0x00006854   0x00006854   0x00000044   Code   RO         3902    i.my_mem_init       malloc.o
    0x00006898   0x00006898   0x000000a8   Code   RO         3903    i.my_mem_malloc     malloc.o
    0x00006940   0x00006940   0x00000040   Code   RO         3904    i.my_mem_perused    malloc.o
    0x00006980   0x00006980   0x00000014   Code   RO         3906    i.mymemset          malloc.o
    0x00006994   0x00006994   0x00000024   Code   RO         3908    i.sdram_free        malloc.o
    0x000069b8   0x000069b8   0x00000014   Code   RO         3909    i.sdram_init        malloc.o
    0x000069cc   0x000069cc   0x00000028   Code   RO         3910    i.sdram_malloc      malloc.o
    0x000069f4   0x000069f4   0x00000018   Code   RO         3594    i.ttcpy             uart.o
    0x00006a0c   0x00006a0c   0x0000000a   Code   RO         5625    x$fpl$fpinit        fz_wm.l(fpinit.o)
    0x00006a16   0x00006a16   0x00000002   PAD
    0x00006a18   0x00006a18   0x000000ac   Data   RO          626    .constdata          zigcom_task.o
    0x00006ac4   0x00006ac4   0x00000090   Data   RO          698    .constdata          upcom_task.o
    0x00006b54   0x00006b54   0x00000010   Data   RO         2978    .constdata          hc32f46x_usart.o
    0x00006b64   0x00006b64   0x0000009c   Data   RO         3913    .constdata          malloc.o
    0x00006c00   0x00006c00   0x00000010   Data   RO         5036    .constdata          extflash.o
    0x00006c10   0x00006c10   0x00000020   Data   RO         5755    Region$$Table       anon$$obj.o


    Execution Region ER_RW (Exec base: 0x1fff8000, Load base: 0x00006c30, Size: 0x00000020, Max: 0xffffffff, ABSOLUTE)

    Exec Addr    Load Addr    Size         Type   Attr      Idx    E Section Name        Object

    0x1fff8000   0x00006c30   0x00000004   Data   RW           10    .data               main.o
    0x1fff8004   0x00006c34   0x00000004   Data   RW         1088    .data               system_hc32f46x.o
    0x1fff8008   0x00006c38   0x00000001   Data   RW         1632    .data               hc32f46x_dmac.o
    0x1fff8009   0x00006c39   0x00000003   PAD
    0x1fff800c   0x00006c3c   0x00000014   Data   RW         3914    .data               malloc.o


    Execution Region ER_ZI (Exec base: 0x1fff8020, Load base: 0x00006c50, Size: 0x0001e4e8, Max: 0xffffffff, ABSOLUTE)

    Exec Addr    Load Addr    Size         Type   Attr      Idx    E Section Name        Object

    0x1fff8020        -       0x00002c3c   Zero   RW          360    .bss                upgrade.o
    0x1fffac5c        -       0x00000030   Zero   RW          625    .bss                zigcom_task.o
    0x1fffac8c        -       0x00000044   Zero   RW          697    .bss                upcom_task.o
    0x1fffacd0        -       0x000000c4   Zero   RW          914    .bss                param.o
    0x1fffad94        -       0x00000040   Zero   RW         3427    .bss                timer.o
    0x1fffadd4        -       0x00002120   Zero   RW         3595    .bss                uart.o
    0x1fffcef4   0x00006c50   0x0000000c   PAD
    0x1fffcf00        -       0x00018c00   Zero   RW         3912    .bss                malloc.o
    0x20015b00        -       0x0000000c   Zero   RW         4314    .bss                iflash.o
    0x20015b0c        -       0x0000005c   Zero   RW         4876    .bss                new_zigbee.o
    0x20015b68        -       0x00000140   Zero   RW         5035    .bss                extflash.o
    0x20015ca8        -       0x00000060   Zero   RW         5576    .bss                c_w.l(libspace.o)
    0x20015d08        -       0x00000400   Zero   RW         1077    HEAP                startup_hc32f46x.o
    0x20016108        -       0x00000400   Zero   RW         1076    STACK               startup_hc32f46x.o


==============================================================================

Image component sizes


      Code (inc. data)   RO Data    RW Data    ZI Data      Debug   Object Name

        58          0          0          0          0       1119   comtask.o
       764         20         16          0        320       8836   extflash.o
       702          0          0          0          0      12298   gpio.o
      1108         84          0          0          0      11008   hc32f46x_clk.o
      1566         26          0          1          0      15962   hc32f46x_dmac.o
       412         54          0          0          0       6350   hc32f46x_efm.o
       504         50          0          0          0      10477   hc32f46x_gpio.o
         0          0         32          0          0        669   hc32f46x_icg.o
       120         18          0          0          0       2003   hc32f46x_pwc.o
       720         92          0          0          0       8672   hc32f46x_spi.o
      3044         16          0          0          0       9192   hc32f46x_timer0.o
       642         52          0          0          0       5422   hc32f46x_timer4_cnt.o
      2720        192         16          0          0      12336   hc32f46x_usart.o
        84         12          0          0          0       3008   hc32f46x_wdt.o
       442          0          0          0         12       8976   iflash.o
        58          0          0          0          0       1100   iwdt.o
       140          0          0          0          0       2851   linklist.o
        86          0          0          0          0       2631   linkqueue.o
       412         20          0          4          0    1583342   main.o
        38          0          0          0          0       2538   main_task.o
       524         66        156         20     101376       7405   malloc.o
       986         28          0          0         92      11522   new_zigbee.o
        90         12          0          0        196       2894   param.o
       480          0          0          0          0       5300   protocal.o
       312         16          0          0          0       2085   spi.o
       116         38        640          0       2048        976   startup_hc32f46x.o
       220         28          0          4          0       1659   system_hc32f46x.o
      1020         56          0          0         64      39135   timer.o
      3454        232          0          0       8480      64321   uart.o
       572         46        144          0         68       4804   upcom_task.o
      2614        184          0          0      11324      61370   upgrade.o
       352          0          0          0          0       5867   w25qxx.o
      1080         42        172          0         48       6910   zigcom_task.o

    ----------------------------------------------------------------------
     25480       1384       1208         32     124040    1923038   Object Totals
         0          0         32          0          0          0   (incl. Generated)
        40          0          0          3         12          0   (incl. Padding)

    ----------------------------------------------------------------------

      Code (inc. data)   RO Data    RW Data    ZI Data      Debug   Library Member Name

         8          0          0          0          0         68   __main.o
         0          0          0          0          0          0   __rtentry.o
        12          0          0          0          0          0   __rtentry2.o
         6          0          0          0          0          0   __rtentry4.o
        52          8          0          0          0          0   __scatter.o
        26          0          0          0          0          0   __scatter_copy.o
        28          0          0          0          0          0   __scatter_zi.o
        18          0          0          0          0         80   exit.o
         6          0          0          0          0        152   heapauxi.o
         0          0          0          0          0          0   indicate_semi.o
         2          0          0          0          0          0   libinit.o
         6          0          0          0          0          0   libinit2.o
         2          0          0          0          0          0   libshutdown.o
         2          0          0          0          0          0   libshutdown2.o
         8          4          0          0         96         68   libspace.o
       238          0          0          0          0        100   lludivv7m.o
        88          0          0          0          0         76   memcmp.o
        68          0          0          0          0         68   rt_memclr.o
        78          0          0          0          0         80   rt_memclr_w.o
       138          0          0          0          0         68   rt_memcpy_v6.o
       100          0          0          0          0         80   rt_memcpy_w.o
         2          0          0          0          0          0   rtexit.o
        10          0          0          0          0          0   rtexit2.o
        12          4          0          0          0         68   sys_exit.o
        74          0          0          0          0         80   sys_stackheap_outer.o
         2          0          0          0          0         68   use_no_semi.o
        10          0          0          0          0        116   fpinit.o

    ----------------------------------------------------------------------
      1008         16          0          0         96       1172   Library Totals
        12          0          0          0          0          0   (incl. Padding)

    ----------------------------------------------------------------------

      Code (inc. data)   RO Data    RW Data    ZI Data      Debug   Library Name

       986         16          0          0         96       1056   c_w.l
        10          0          0          0          0        116   fz_wm.l

    ----------------------------------------------------------------------
      1008         16          0          0         96       1172   Library Totals

    ----------------------------------------------------------------------

==============================================================================


      Code (inc. data)   RO Data    RW Data    ZI Data      Debug   

     26488       1400       1208         32     124136    1896742   Grand Totals
     26488       1400       1208         32     124136    1896742   ELF Image Totals
     26488       1400       1208         32          0          0   ROM Totals

==============================================================================

    Total RO  Size (Code + RO Data)                27696 (  27.05kB)
    Total RW  Size (RW Data + ZI Data)            124168 ( 121.26kB)
    Total ROM Size (Code + RO Data + RW Data)      27728 (  27.08kB)

==============================================================================

