Component: ARM Compiler 5.06 update 7 (build 960) Tool: armlink [4d3601]

==============================================================================

Section Cross References

    main.o(i.BoardInit) refers to main_task.o(i.PowerOnOffInit) for PowerOnOffInit
    main.o(i.BoardInit) refers to main_task.o(i.RunLed_Init) for RunLed_Init
    main.o(i.BoardInit) refers to main_task.o(i.StaLed_Init) for StaLed_Init
    main.o(i.BoardInit) refers to main_task.o(i.Beep_Init) for Beep_Init
    main.o(i.BoardInit) refers to main_task.o(i.Motor_Init) for Motor_Init
    main.o(i.BoardInit) refers to wtn6.o(i.Wtn6_1_2_Init) for Wtn6_1_2_Init
    main.o(i.BoardInit) refers to mpu6050.o(i.MPU_Init) for MPU_Init
    main.o(i.BoardInit) refers to mpu6050.o(i.m_byg_sMpu6050Mag) for m_byg_sMpu6050Mag
    main.o(i.BoardInit) refers to mpu6050.o(i.Mpu6050_Init) for Mpu6050_Init
    main.o(i.BoardInit) refers to main_task.o(.bss) for g_sRunledMag
    main.o(i.CoreInit) refers to main_task.o(i.InitNVICSELRegister0_127) for InitNVICSELRegister0_127
    main.o(i.CoreInit) refers to timer.o(i.SysClkIni) for SysClkIni
    main.o(i.CoreInit) refers to malloc.o(i.sdram_init) for sdram_init
    main.o(i.CoreInit) refers to timer.o(i.Delay_Init) for Delay_Init
    main.o(i.CoreInit) refers to iflash.o(i.IFlash_Init) for IFlash_Init
    main.o(i.CoreInit) refers to extflash.o(i.ExtFlash_Init) for ExtFlash_Init
    main.o(i.CoreInit) refers to param.o(i.IDParam_Init) for IDParam_Init
    main.o(i.CoreInit) refers to param.o(i.SysParam_Init) for SysParam_Init
    main.o(i.CoreInit) refers to upgrade.o(i.Update_MagInit) for Update_MagInit
    main.o(i.CoreInit) refers to param.o(i.IDParam_GetTType) for IDParam_GetTType
    main.o(i.CoreInit) refers to upgrade.o(i.Update_SetDevTType) for Update_SetDevTType
    main.o(i.CoreInit) refers to param.o(i.IDParam_GetTSubType) for IDParam_GetTSubType
    main.o(i.CoreInit) refers to upgrade.o(i.Update_SetDevTSubType) for Update_SetDevTSubType
    main.o(i.CoreInit) refers to param.o(i.IDParam_GetRid) for IDParam_GetRid
    main.o(i.CoreInit) refers to upgrade.o(i.Update_SetDevRID) for Update_SetDevRID
    main.o(i.CoreInit) refers to param.o(i.IDParam_GetPid) for IDParam_GetPid
    main.o(i.CoreInit) refers to upgrade.o(i.Update_SetDevPID) for Update_SetDevPID
    main.o(i.CoreInit) refers to timer.o(i.SoftTimerInit) for SoftTimerInit
    main.o(i.CoreInit) refers to iflash.o(.bss) for g_sIFlashMag
    main.o(i.CoreInit) refers to extflash.o(.bss) for g_sExtFlashMag
    main.o(i.System_TimedTask) refers to beep.o(i.Beep_TimedProcess) for Beep_TimedProcess
    main.o(i.System_TimedTask) refers to led.o(i.Led_TimedProcess) for Led_TimedProcess
    main.o(i.System_TimedTask) refers to ir.o(i.Ir_LowLevelTimedProcess) for Ir_LowLevelTimedProcess
    main.o(i.System_TimedTask) refers to timer.o(i.SoftTimerIntervalProcess) for SoftTimerIntervalProcess
    main.o(i.System_TimedTask) refers to motor.o(i.Motor_TimedProcess) for Motor_TimedProcess
    main.o(i.System_TimedTask) refers to wtn6.o(i.Wtn6_TimedProcess) for Wtn6_TimedProcess
    main.o(i.System_TimedTask) refers to main_task.o(i.AppPowerOnOffTimedProcess) for AppPowerOnOffTimedProcess
    main.o(i.System_TimedTask) refers to main_task.o(i.SlaverMag_TimedProcess) for SlaverMag_TimedProcess
    main.o(i.System_TimedTask) refers to main_task.o(i.AppPowerOffHandle) for AppPowerOffHandle
    main.o(i.System_TimedTask) refers to mpu6050.o(i.m_byg_sMpu6050Mag) for m_byg_sMpu6050Mag
    main.o(i.System_TimedTask) refers to mpu6050.o(i.Mpu6050_TimedProcess) for Mpu6050_TimedProcess
    main.o(i.System_TimedTask) refers to main_task.o(i.IllegalEventHandle) for IllegalEventHandle
    main.o(i.System_TimedTask) refers to main_task.o(i.EnableChangeBatHandle) for EnableChangeBatHandle
    main.o(i.System_TimedTask) refers to main_task.o(i.Mano_Start_Judge) for Mano_Start_Judge
    main.o(i.System_TimedTask) refers to main_task.o(i.DayOrNight_Judge) for DayOrNight_Judge
    main.o(i.System_TimedTask) refers to main_task.o(i.Train_Mode_Revive) for Train_Mode_Revive
    main.o(i.System_TimedTask) refers to main_task.o(i.UnUpLoadEvtNumCalcu) for UnUpLoadEvtNumCalcu
    main.o(i.System_TimedTask) refers to main_task.o(i.EventNoRspRestore) for EventNoRspRestore
    main.o(i.System_TimedTask) refers to main_task.o(i.DrillStateParamHandle) for DrillStateParamHandle
    main.o(i.System_TimedTask) refers to timer.o(.bss) for g_sSysScheTime
    main.o(i.System_TimedTask) refers to main_task.o(.bss) for g_sBeepMag
    main.o(i.System_TimedTask) refers to main_task.o(.data) for g_sPowerOffMag
    main.o(i.main) refers to main.o(i.CoreInit) for CoreInit
    main.o(i.main) refers to main.o(i.BoardInit) for BoardInit
    main.o(i.main) refers to main_task.o(i.AppPowerOnOffInit) for AppPowerOnOffInit
    main.o(i.main) refers to timer.o(i.SysScheduleTimerInit) for SysScheduleTimerInit
    main.o(i.main) refers to rescom_task.o(i.ResComTask_Init) for ResComTask_Init
[...]
    0x0001ad54   0x0001ad54   0x00000018   Code   RO          451    i.IDParam_SetServerIP  param.o
    0x0001ad6c   0x0001ad6c   0x0000000c   Code   RO          452    i.IDParam_SetServerPort  param.o
    0x0001ad78   0x0001ad78   0x0000000c   Code   RO          453    i.IDParam_SetTSubType  param.o
    0x0001ad84   0x0001ad84   0x0000000c   Code   RO          454    i.IDParam_SetTType  param.o
    0x0001ad90   0x0001ad90   0x00000014   Code   RO          455    i.IDParam_SetTxPwr  param.o
    0x0001ada4   0x0001ada4   0x00000038   Code   RO          456    i.IDParam_SetWMac   param.o
    0x0001addc   0x0001addc   0x00000006   Code   RO         7178    i.IFLASH_GetFlashSize_HC32F460  iflash.o
    0x0001ade2   0x0001ade2   0x00000006   Code   RO         7179    i.IFLASH_GetPageSize_HC32F460  iflash.o
    0x0001ade8   0x0001ade8   0x00000024   Code   RO         7180    i.IFlash_GetFlashCheckSum  iflash.o
    0x0001ae0c   0x0001ae0c   0x00000024   Code   RO         7181    i.IFlash_Init       iflash.o
    0x0001ae30   0x0001ae30   0x00000016   Code   RO         7183    i.IFlash_Read       iflash.o
    0x0001ae46   0x0001ae46   0x000000ec   Code   RO         7184    i.IFlash_Write      iflash.o
    0x0001af32   0x0001af32   0x0000002c   Code   RO         9256    i.IIC_Ack           mpu6050.o
    0x0001af5e   0x0001af5e   0x0000002c   Code   RO         9257    i.IIC_NAck          mpu6050.o
    0x0001af8a   0x0001af8a   0x0000004e   Code   RO         9258    i.IIC_Rcv_Byte      mpu6050.o
    0x0001afd8   0x0001afd8   0x0000003e   Code   RO         9259    i.IIC_Send_Byte     mpu6050.o
    0x0001b016   0x0001b016   0x0000002a   Code   RO         9260    i.IIC_Start         mpu6050.o
    0x0001b040   0x0001b040   0x00000022   Code   RO         9261    i.IIC_Stop          mpu6050.o
    0x0001b062   0x0001b062   0x00000034   Code   RO         9262    i.IIC_Wait_Ack      mpu6050.o
    0x0001b096   0x0001b096   0x00000002   PAD
    0x0001b098   0x0001b098   0x00000008   Code   RO         3032    i.IR38ComTask_HandleGet  ir38com_task.o
    0x0001b0a0   0x0001b0a0   0x00000044   Code   RO         3033    i.IR38ComTask_Init  ir38com_task.o
    0x0001b0e4   0x0001b0e4   0x000000bc   Code   RO         3034    i.IR38ComTask_Process  ir38com_task.o
    0x0001b1a0   0x0001b1a0   0x00000008   Code   RO         3035    i.IR38ComTask_TaskHandleGet  ir38com_task.o
    0x0001b1a8   0x0001b1a8   0x00000004   Code   RO         3036    i.IR38Com_ComInit   ir38com_task.o
    0x0001b1ac   0x0001b1ac   0x00000046   Code   RO         3037    i.IR38Com_Read      ir38com_task.o
    0x0001b1f2   0x0001b1f2   0x00000004   Code   RO         3038    i.IR38Com_Write     ir38com_task.o
    0x0001b1f6   0x0001b1f6   0x00000002   PAD
    0x0001b1f8   0x0001b1f8   0x000000dc   Code   RO          772    i.IRAmmuGetHandle   main_task.o
    0x0001b2d4   0x0001b2d4   0x00000028   Code   RO         8319    i.IRQ000_Handler    ir.o
    0x0001b2fc   0x0001b2fc   0x00000028   Code   RO         8320    i.IRQ001_Handler    ir.o
    0x0001b324   0x0001b324   0x00000028   Code   RO         8321    i.IRQ002_Handler    ir.o
    0x0001b34c   0x0001b34c   0x0000001c   Code   RO         8322    i.IRQ003_Handler    ir.o
    0x0001b368   0x0001b368   0x00000038   Code   RO         8072    i.IRQ004_Handler    wtn6.o
    0x0001b3a0   0x0001b3a0   0x0000002c   Code   RO         6295    i.IRQ005_Handler    timer.o
    0x0001b3cc   0x0001b3cc   0x0000000c   Code   RO         6420    i.IRQ006_Handler    uart.o
    0x0001b3d8   0x0001b3d8   0x0000000c   Code   RO         6421    i.IRQ007_Handler    uart.o
    0x0001b3e4   0x0001b3e4   0x0000000c   Code   RO         6422    i.IRQ008_Handler    uart.o
    0x0001b3f0   0x0001b3f0   0x0000000c   Code   RO         6423    i.IRQ009_Handler    uart.o
    0x0001b3fc   0x0001b3fc   0x0000000c   Code   RO         6424    i.IRQ010_Handler    uart.o
    0x0001b408   0x0001b408   0x0000000c   Code   RO         6425    i.IRQ011_Handler    uart.o
    0x0001b414   0x0001b414   0x0000000c   Code   RO         6426    i.IRQ012_Handler    uart.o
    0x0001b420   0x0001b420   0x0000000c   Code   RO         6427    i.IRQ013_Handler    uart.o
    0x0001b42c   0x0001b42c   0x0000000c   Code   RO         6428    i.IRQ014_Handler    uart.o
    0x0001b438   0x0001b438   0x0000000c   Code   RO         6429    i.IRQ015_Handler    uart.o
    0x0001b444   0x0001b444   0x0000000c   Code   RO         6430    i.IRQ016_Handler    uart.o
    0x0001b450   0x0001b450   0x0000000c   Code   RO         6431    i.IRQ017_Handler    uart.o
    0x0001b45c   0x0001b45c   0x0000000c   Code   RO         6432    i.IRQ018_Handler    uart.o
    0x0001b468   0x0001b468   0x0000000c   Code   RO         6433    i.IRQ019_Handler    uart.o
    0x0001b474   0x0001b474   0x0000000c   Code   RO         6434    i.IRQ020_Handler    uart.o
    0x0001b480   0x0001b480   0x0000000c   Code   RO         6435    i.IRQ021_Handler    uart.o
    0x0001b48c   0x0001b48c   0x0000000c   Code   RO         6436    i.IRQ022_Handler    uart.o
    0x0001b498   0x0001b498   0x0000000c   Code   RO         6437    i.IRQ023_Handler    uart.o
    0x0001b4a4   0x0001b4a4   0x0000000c   Code   RO         6438    i.IRQ024_Handler    uart.o
    0x0001b4b0   0x0001b4b0   0x0000000c   Code   RO         6439    i.IRQ025_Handler    uart.o
    0x0001b4bc   0x0001b4bc   0x0000000c   Code   RO         6440    i.IRQ026_Handler    uart.o
    0x0001b4c8   0x0001b4c8   0x0000000c   Code   RO         6441    i.IRQ027_Handler    uart.o
    0x0001b4d4   0x0001b4d4   0x0000000c   Code   RO         6442    i.IRQ028_Handler    uart.o
    0x0001b4e0   0x0001b4e0   0x0000000c   Code   RO         6443    i.IRQ029_Handler    uart.o
    0x0001b4ec   0x0001b4ec   0x00000054   Code   RO         8323    i.IRRcvGpioInit     ir.o
    0x0001b540   0x0001b540   0x0000001a   Code   RO         8324    i.IR_TX_Init        ir.o
    0x0001b55a   0x0001b55a   0x00000004   Code   RO         7254    i.IWDG_Feed         iwdt.o
    0x0001b55e   0x0001b55e   0x0000002c   Code   RO         7255    i.IWDG_Init         iwdt.o
    0x0001b58a   0x0001b58a   0x00000002   PAD
    0x0001b58c   0x0001b58c   0x0000002c   Code   RO          773    i.IllegalEventHandle  main_task.o
    0x0001b5b8   0x0001b5b8   0x0000013c   Code   RO          774    i.IllegalHelmetDisconHandle  main_task.o
    0x0001b6f4   0x0001b6f4   0x00000094   Code   RO          775    i.IllegalMoveEndUploadHandle  main_task.o
    0x0001b788   0x0001b788   0x00000228   Code   RO          776    i.IllegalMoveMonitor  main_task.o
    0x0001b9b0   0x0001b9b0   0x00000084   Code   RO          777    i.IllegalMoveStartUploadHandle  main_task.o
    0x0001ba34   0x0001ba34   0x000000a0   Code   RO          778    i.IllegalPowerOffHandle  main_task.o
    0x0001bad4   0x0001bad4   0x00000024   Code   RO          779    i.InitNVICSELRegister0_127  main_task.o
    0x0001baf8   0x0001baf8   0x0000003c   Code   RO          780    i.InitShell         main_task.o
    0x0001bb34   0x0001bb34   0x000000fc   Code   RO          781    i.InterChanSend     main_task.o
    0x0001bc30   0x0001bc30   0x0000044c   Code   RO          782    i.InterConn_Analysis  main_task.o
    0x0001c07c   0x0001c07c   0x000000a2   Code   RO          783    i.InterConn_HardCtrl_Analysis  main_task.o
    0x0001c11e   0x0001c11e   0x00000072   Code   RO          784    i.InterConn_HelmetStaGet  main_task.o
    0x0001c190   0x0001c190   0x0000002a   Code   RO          785    i.InterConn_ProtDeal_BZ  main_task.o
    0x0001c1ba   0x0001c1ba   0x00000002   PAD
    0x0001c1bc   0x0001c1bc   0x00000150   Code   RO          786    i.InterConn_ProtDeal_Bomb  main_task.o
    0x0001c30c   0x0001c30c   0x000001bc   Code   RO          787    i.InterConn_ProtDeal_BroadcastBeacon  main_task.o
    0x0001c4c8   0x0001c4c8   0x0000012c   Code   RO          788    i.InterConn_ProtDeal_Explosive  main_task.o
    0x0001c5f4   0x0001c5f4   0x00000060   Code   RO          789    i.InterConn_ProtDeal_HelmetStatusRet  main_task.o
    0x0001c654   0x0001c654   0x000000d6   Code   RO          790    i.InterConn_ProtDeal_IDSet  main_task.o
    0x0001c72a   0x0001c72a   0x00000002   PAD
    0x0001c72c   0x0001c72c   0x000001d0   Code   RO          791    i.InterConn_ProtDeal_IR_AmmuInfo_Inquire  main_task.o
    0x0001c8fc   0x0001c8fc   0x000000be   Code   RO          792    i.InterConn_ProtDeal_IR_AmmuSupply  main_task.o
    0x0001c9ba   0x0001c9ba   0x00000002   PAD
    0x0001c9bc   0x0001c9bc   0x00000168   Code   RO          793    i.InterConn_ProtDeal_IR_DB_Injury_Inquire  main_task.o
    0x0001cb24   0x0001cb24   0x000000a4   Code   RO          794    i.InterConn_ProtDeal_IR_DB_Mac  main_task.o
    0x0001cbc8   0x0001cbc8   0x000001d8   Code   RO          795    i.InterConn_ProtDeal_IR_DB_RescueResult_Inquire  main_task.o
    0x0001cda0   0x0001cda0   0x000000fc   Code   RO          796    i.InterConn_ProtDeal_IR_ID_Inquire  main_task.o
    0x0001ce9c   0x0001ce9c   0x0000007c   Code   RO          797    i.InterConn_ProtDeal_IR_SetOrRescue_ACK  main_task.o
    0x0001cf18   0x0001cf18   0x000000f0   Code   RO          798    i.InterConn_ProtDeal_IR_StateInfo_Inquire  main_task.o
    0x0001d008   0x0001d008   0x00000142   Code   RO          799    i.InterConn_ProtDeal_InfoSend  main_task.o
    0x0001d14a   0x0001d14a   0x000000c6   Code   RO          800    i.InterConn_ProtDeal_MacGet  main_task.o
    0x0001d210   0x0001d210   0x00000254   Code   RO          801    i.InterConn_ProtDeal_ManoParam_Set  main_task.o
    0x0001d464   0x0001d464   0x000000c0   Code   RO          802    i.InterConn_ProtDeal_ParamSend  main_task.o
    0x0001d524   0x0001d524   0x0000017a   Code   RO          803    i.InterConn_ProtDeal_ParamSet  main_task.o
    0x0001d69e   0x0001d69e   0x00000002   PAD
    0x0001d6a0   0x0001d6a0   0x00000050   Code   RO          804    i.InterConn_ProtDeal_Personnel_GetOn_Off  main_task.o
    0x0001d6f0   0x0001d6f0   0x0000006c   Code   RO          805    i.InterConn_ProtDeal_Rescure_State  main_task.o
    0x0001d75c   0x0001d75c   0x00000280   Code   RO          806    i.InterConn_ProtDeal_SelfStatue  main_task.o
    0x0001d9dc   0x0001d9dc   0x000000a4   Code   RO          807    i.InterConn_ProtDeal_SetUpVariousElements  main_task.o
    0x0001da80   0x0001da80   0x000000e8   Code   RO          808    i.InterConn_ProtDeal_SlaverClear  main_task.o
    0x0001db68   0x0001db68   0x0000014c   Code   RO          809    i.InterConn_ProtDeal_SlaverConfig  main_task.o
    0x0001dcb4   0x0001dcb4   0x000000b4   Code   RO          810    i.InterConn_ProtDeal_SlaverConnectRet  main_task.o
    0x0001dd68   0x0001dd68   0x0000003e   Code   RO          811    i.InterConn_ProtDeal_SlaverStatusRet  main_task.o
    0x0001dda6   0x0001dda6   0x00000002   PAD
    0x0001dda8   0x0001dda8   0x000002fc   Code   RO          812    i.InterConn_ProtDeal_Slaver_AmmuStausRet  main_task.o
    0x0001e0a4   0x0001e0a4   0x000000d0   Code   RO          813    i.InterConn_ProtDeal_Slaver_AmmuSupply  main_task.o
    0x0001e174   0x0001e174   0x000000fc   Code   RO          814    i.InterConn_ProtDeal_Slaver_AmmuSupplyNum  main_task.o
    0x0001e270   0x0001e270   0x000000e8   Code   RO          815    i.InterConn_ProtDeal_Slaver_AmmuSupplyRet  main_task.o
    0x0001e358   0x0001e358   0x00000110   Code   RO          817    i.InterConn_ProtDeal_Slaver_HeavyWeapon  main_task.o
    0x0001e468   0x0001e468   0x0000016c   Code   RO          818    i.InterConn_ProtDeal_Slaver_HeavyWeaponInfoRet  main_task.o
    0x0001e5d4   0x0001e5d4   0x000001f0   Code   RO          819    i.InterConn_ProtDeal_Slaver_Heavyweapon_AmmuInfoSync  main_task.o
    0x0001e7c4   0x0001e7c4   0x000000f4   Code   RO          820    i.InterConn_ProtDeal_Slaver_LightWeapon  main_task.o
    0x0001e8b8   0x0001e8b8   0x000001ec   Code   RO          821    i.InterConn_ProtDeal_Slaver_Lightweapon_AmmuInfoSync  main_task.o
    0x0001eaa4   0x0001eaa4   0x000000d0   Code   RO          822    i.InterConn_ProtDeal_Slaver_Poweron  main_task.o
    0x0001eb74   0x0001eb74   0x0000028c   Code   RO          823    i.InterConn_ProtDeal_Slaver_WeaponInfoRet  main_task.o
    0x0001ee00   0x0001ee00   0x00000068   Code   RO          824    i.InterConn_ProtDeal_Slaver_WeaponLockRet  main_task.o
    0x0001ee68   0x0001ee68   0x000002d0   Code   RO          825    i.InterConn_ProtDeal_Slaver_WeaponShootingInquire  main_task.o
    0x0001f138   0x0001f138   0x000000f0   Code   RO          826    i.InterConn_ProtDeal_Slaver_Weapon_State  main_task.o
    0x0001f228   0x0001f228   0x00000078   Code   RO          827    i.InterConn_Protocol_Process  main_task.o
    0x0001f2a0   0x0001f2a0   0x000000a4   Code   RO          828    i.InterConn_SlaverConnect  main_task.o
    0x0001f344   0x0001f344   0x00000056   Code   RO          829    i.InterConn_SlaverHardCtrl  main_task.o
    0x0001f39a   0x0001f39a   0x00000072   Code   RO          830    i.InterConn_SlaverStaGet  main_task.o
    0x0001f40c   0x0001f40c   0x00000020   Code   RO         8325    i.Ir_LowLevelTimedProcess  ir.o
    0x0001f42c   0x0001f42c   0x00000044   Code   RO         8326    i.Ir_Rcv_Edge_Handle  ir.o
    0x0001f470   0x0001f470   0x00000094   Code   RO         8327    i.Ir_Rcv_Handle     ir.o
    0x0001f504   0x0001f504   0x00000080   Code   RO         8328    i.Ir_Tx_Handle      ir.o
    0x0001f584   0x0001f584   0x00000034   Code   RO         6296    i.IrqRegistration   timer.o
    0x0001f5b8   0x0001f5b8   0x00000034   Code   RO         6444    i.IrqRegistration   uart.o
    0x0001f5ec   0x0001f5ec   0x00000034   Code   RO         8073    i.IrqRegistration   wtn6.o
    0x0001f620   0x0001f620   0x00000034   Code   RO         8329    i.IrqRegistration   ir.o
    0x0001f654   0x0001f654   0x00000014   Code   RO         8330    i.IsIR38SendBusy    ir.o
    0x0001f668   0x0001f668   0x00000020   Code   RO          458    i.IsParamValid      param.o
    0x0001f688   0x0001f688   0x00000014   Code   RO         6875    i.Is_PwrKeyOn       gpio.o
    0x0001f69c   0x0001f69c   0x00000146   Code   RO         3332    i.LCDScreenDayOrNightHandle  hmicom_task.o
    0x0001f7e2   0x0001f7e2   0x00000188   Code   RO         3333    i.LCDScreenSleepHandle  hmicom_task.o
    0x0001f96a   0x0001f96a   0x00000002   PAD
    0x0001f96c   0x0001f96c   0x00000008   Code   RO         3104    i.LaserComTask_HandleGet  lasercom_task.o
    0x0001f974   0x0001f974   0x00000060   Code   RO         3105    i.LaserComTask_Init  lasercom_task.o
    0x0001f9d4   0x0001f9d4   0x00000104   Code   RO         3106    i.LaserComTask_Process  lasercom_task.o
    0x0001fad8   0x0001fad8   0x00000008   Code   RO         3107    i.LaserComTask_TaskHandleGet  lasercom_task.o
    0x0001fae0   0x0001fae0   0x00000078   Code   RO         3108    i.LaserCom_Analysis  lasercom_task.o
    0x0001fb58   0x0001fb58   0x0000004c   Code   RO         3109    i.LaserCom_ComInit  lasercom_task.o
    0x0001fba4   0x0001fba4   0x00000058   Code   RO         3110    i.LaserCom_ComRead  lasercom_task.o
    0x0001fbfc   0x0001fbfc   0x00000010   Code   RO         3111    i.LaserCom_ComWrite  lasercom_task.o
    0x0001fc0c   0x0001fc0c   0x00000008   Code   RO         8245    i.LaserCom_GetLLMagHandle  lasercom.o
    0x0001fc14   0x0001fc14   0x0000000a   Code   RO         6876    i.LaserCom_GpioPowerOff  gpio.o
    0x0001fc1e   0x0001fc1e   0x0000000a   Code   RO         6877    i.LaserCom_GpioPowerOn  gpio.o
    0x0001fc28   0x0001fc28   0x0000003c   Code   RO         6878    i.LaserCom_GpioPowerOnInit  gpio.o
    0x0001fc64   0x0001fc64   0x0000000a   Code   RO         8247    i.LaserCom_LL_PowerOn  lasercom.o
    0x0001fc6e   0x0001fc6e   0x0000003e   Code   RO         8248    i.LaserCom_LowLevelInit  lasercom.o
    0x0001fcac   0x0001fcac   0x0000000a   Code   RO         8249    i.LaserCom_LowLevelTimedProcess  lasercom.o
    0x0001fcb6   0x0001fcb6   0x00000016   Code   RO         8251    i.LaserCom_PowerOn  lasercom.o
    0x0001fccc   0x0001fccc   0x00000034   Code   RO         3112    i.LaserCom_Prot_CtrlMode  lasercom_task.o
    0x0001fd00   0x0001fd00   0x00000046   Code   RO         3113    i.LaserCom_Prot_GetOnlineNum  lasercom_task.o
    0x0001fd46   0x0001fd46   0x00000002   PAD
    0x0001fd48   0x0001fd48   0x000004d0   Code   RO          832    i.LaserProtocalDeal  main_task.o
    0x00020218   0x00020218   0x00000038   Code   RO         3115    i.Laser_CtrlAutoNumbered  lasercom_task.o
    0x00020250   0x00020250   0x00000034   Code   RO         3117    i.Laser_CtrlLedOn   lasercom_task.o
    0x00020284   0x00020284   0x00000034   Code   RO         3118    i.Laser_CtrlLedToggle  lasercom_task.o
    0x000202b8   0x000202b8   0x00000030   Code   RO          833    i.Laser_GetPartitionByID  main_task.o
    0x000202e8   0x000202e8   0x00000010   Code   RO         3119    i.Laser_GetShotHandle  lasercom_task.o
    0x000202f8   0x000202f8   0x000000e4   Code   RO         3120    i.Laser_GetShotHandle_Master  lasercom_task.o
    0x000203dc   0x000203dc   0x0000002c   Code   RO          834    i.Laser_InsertPartitionAndID  main_task.o
    0x00020408   0x00020408   0x0000021c   Code   RO          835    i.Laser_JudgeHandle  main_task.o
    0x00020624   0x00020624   0x000000ce   Code   RO         3122    i.Laser_TimedProcess  lasercom_task.o
    0x000206f2   0x000206f2   0x00000022   Code   RO         7452    i.Led_Init          led.o
    0x00020714   0x00020714   0x0000000a   Code   RO         7453    i.Led_IsSuspend     led.o
    0x0002071e   0x0002071e   0x00000010   Code   RO         7455    i.Led_SetBrightness  led.o
    0x0002072e   0x0002072e   0x00000002   PAD
    0x00020730   0x00020730   0x000000b0   Code   RO         7456    i.Led_SetRunMode    led.o
    0x000207e0   0x000207e0   0x0000000a   Code   RO         7457    i.Led_Suspend       led.o
    0x000207ea   0x000207ea   0x00000026   Code   RO         7458    i.Led_TimedProcess  led.o
    0x00020810   0x00020810   0x0000005e   Code   RO         7459    i.Led_TimedProcess100Ms  led.o
    0x0002086e   0x0002086e   0x00000040   Code   RO         7460    i.Led_TimedProcess1Ms  led.o
    0x000208ae   0x000208ae   0x0000000c   Code   RO         9587    i.LinkList_Clear    linklist.o
    0x000208ba   0x000208ba   0x00000012   Code   RO         9588    i.LinkList_Create   linklist.o
    0x000208cc   0x000208cc   0x00000032   Code   RO         9589    i.LinkList_Delete   linklist.o
    0x000208fe   0x000208fe   0x00000020   Code   RO         9591    i.LinkList_Get      linklist.o
    0x0002091e   0x0002091e   0x00000038   Code   RO         9592    i.LinkList_Insert   linklist.o
    0x00020956   0x00020956   0x0000000e   Code   RO         9593    i.LinkList_Length   linklist.o
    0x00020964   0x00020964   0x00000032   Code   RO         9647    i.LinkQueue_Append  linkqueue.o
    0x00020996   0x00020996   0x00000004   Code   RO         9649    i.LinkQueue_Create  linkqueue.o
    0x0002099a   0x0002099a   0x00000012   Code   RO         9651    i.LinkQueue_Header  linkqueue.o
    0x000209ac   0x000209ac   0x00000028   Code   RO         9653    i.LinkQueue_Retrieve  linkqueue.o
    0x000209d4   0x000209d4   0x0000000a   Code   RO         6879    i.LteCom_GpioPowerOff  gpio.o
    0x000209de   0x000209de   0x0000000a   Code   RO         6880    i.LteCom_GpioPowerOn  gpio.o
    0x000209e8   0x000209e8   0x0000002a   Code   RO         6881    i.LteCom_GpioPowerOnInit  gpio.o
    0x00020a12   0x00020a12   0x0000000a   Code   RO         9264    i.MPU6050_AD0_SetLow  mpu6050.o
    0x00020a1c   0x00020a1c   0x0000003c   Code   RO         9265    i.MPU6050_GpioInit  mpu6050.o
    0x00020a58   0x00020a58   0x000000a8   Code   RO         9269    i.MPU_HwInit        mpu6050.o
    0x00020b00   0x00020b00   0x00000004   Code   RO         9270    i.MPU_Init          mpu6050.o
    0x00020b04   0x00020b04   0x0000003a   Code   RO         9271    i.MPU_Read_Byte     mpu6050.o
    0x00020b3e   0x00020b3e   0x00000070   Code   RO         9272    i.MPU_Read_Len      mpu6050.o
    0x00020bae   0x00020bae   0x0000000a   Code   RO         9273    i.MPU_Set_Accel_Fsr  mpu6050.o
    0x00020bb8   0x00020bb8   0x0000000a   Code   RO         9274    i.MPU_Set_Gyro_Fsr  mpu6050.o
    0x00020bc2   0x00020bc2   0x00000030   Code   RO         9275    i.MPU_Set_LPF       mpu6050.o
    0x00020bf2   0x00020bf2   0x0000002c   Code   RO         9276    i.MPU_Set_Rate      mpu6050.o
    0x00020c1e   0x00020c1e   0x0000004e   Code   RO         9277    i.MPU_Write_Byte    mpu6050.o
    0x00020c6c   0x00020c6c   0x0000005a   Code   RO         9278    i.MPU_Write_Len     mpu6050.o
    0x00020cc6   0x00020cc6   0x00000002   PAD
    0x00020cc8   0x00020cc8   0x00000118   Code   RO          839    i.ManoEndHandle     main_task.o
    0x00020de0   0x00020de0   0x000001c8   Code   RO          840    i.ManoStartHandle   main_task.o
    0x00020fa8   0x00020fa8   0x000000e4   Code   RO          841    i.Mano_Start_Judge  main_task.o
    0x0002108c   0x0002108c   0x0000008c   Code   RO          842    i.MasterPowerOffCheatEndUploadHandle  main_task.o
    0x00021118   0x00021118   0x00000084   Code   RO          843    i.MasterPowerOffCheatStartUploadHandle  main_task.o
    0x0002119c   0x0002119c   0x00000040   Code   RO         9279    i.Master_Initialize  mpu6050.o
    0x000211dc   0x000211dc   0x00000074   Code   RO          844    i.MedicalAidCheck   main_task.o
    0x00021250   0x00021250   0x00000098   Code   RO          845    i.MineClearanceHandle  main_task.o
    0x000212e8   0x000212e8   0x00000098   Code   RO          846    i.MineSetHandle     main_task.o
    0x00021380   0x00021380   0x000000a0   Code   RO          847    i.ModeChange_Reset  main_task.o
    0x00021420   0x00021420   0x00000008   Code   RO         7769    i.Motor_AddDelayTime  motor.o
    0x00021428   0x00021428   0x0000003c   Code   RO         6882    i.Motor_GpioInit    gpio.o
    0x00021464   0x00021464   0x0000000a   Code   RO         6883    i.Motor_GpioOff     gpio.o
    0x0002146e   0x0002146e   0x0000000a   Code   RO         6884    i.Motor_GpioOn      gpio.o
    0x00021478   0x00021478   0x00000024   Code   RO          848    i.Motor_Init        main_task.o
    0x0002149c   0x0002149c   0x00000010   Code   RO         7770    i.Motor_IsSuspend   motor.o
    0x000214ac   0x000214ac   0x00000034   Code   RO         7771    i.Motor_LL_Init     motor.o
    0x000214e0   0x000214e0   0x0000001a   Code   RO         7772    i.Motor_Off         motor.o
    0x000214fa   0x000214fa   0x00000044   Code   RO         7773    i.Motor_On          motor.o
    0x0002153e   0x0002153e   0x0000000a   Code   RO         7774    i.Motor_Recovery    motor.o
    0x00021548   0x00021548   0x00000004   Code   RO         7775    i.Motor_SetDelayTime  motor.o
    0x0002154c   0x0002154c   0x0000000a   Code   RO         7777    i.Motor_Suspend     motor.o
    0x00021556   0x00021556   0x00000038   Code   RO         7778    i.Motor_TimedProcess  motor.o
    0x0002158e   0x0002158e   0x00000002   PAD
    0x00021590   0x00021590   0x000000ac   Code   RO         9280    i.Mpu6050_GetAccel  mpu6050.o
    0x0002163c   0x0002163c   0x00000028   Code   RO         9281    i.Mpu6050_Init      mpu6050.o
    0x00021664   0x00021664   0x00000030   Code   RO         9282    i.Mpu6050_TimedProcess  mpu6050.o
    0x00021694   0x00021694   0x00000064   Code   RO          849    i.NCBTEventData_Spell  main_task.o
    0x000216f8   0x000216f8   0x000000a0   Code   RO          850    i.NCBTEventUpload_Handle  main_task.o
    0x00021798   0x00021798   0x00000148   Code   RO          851    i.NCBTEventUpload_Send  main_task.o
    0x000218e0   0x000218e0   0x00000038   Code   RO          852    i.NCBTEvent_Handle  main_task.o
    0x00021918   0x00021918   0x00000068   Code   RO          853    i.NCBT_DamageCheck  main_task.o
    0x00021980   0x00021980   0x00000068   Code   RO          854    i.NCB_InjuryEventData_Spell  main_task.o
    0x000219e8   0x000219e8   0x00000148   Code   RO          855    i.NCB_InjuryEventUpload_Send  main_task.o
    0x00021b30   0x00021b30   0x000002cc   Code   RO          856    i.NMEA_GNRMC_Analysis  main_task.o
    0x00021dfc   0x00021dfc   0x00000008   Code   RO         7601    i.NewZigbee_GetLLMagHandle  new_zigbee.o
    0x00021e04   0x00021e04   0x0000002c   Code   RO         7602    i.NewZigbee_LL_GetParam  new_zigbee.o
    0x00021e30   0x00021e30   0x0000000a   Code   RO         7605    i.NewZigbee_LL_Reset  new_zigbee.o
    0x00021e3a   0x00021e3a   0x000000c8   Code   RO         7607    i.NewZigbee_LL_SetParam  new_zigbee.o
    0x00021f02   0x00021f02   0x00000002   PAD
    0x00021f04   0x00021f04   0x0000002c   Code   RO         7608    i.NewZigbee_LL_SoftReset  new_zigbee.o
    0x00021f30   0x00021f30   0x0000004c   Code   RO         7609    i.NewZigbee_LowLevelInit  new_zigbee.o
    0x00021f7c   0x00021f7c   0x0000009e   Code   RO         7610    i.NewZigbee_LowLevelTimedProcess  new_zigbee.o
    0x0002201a   0x0002201a   0x0000009c   Code   RO         7611    i.NewZigbee_MakeSendFrame  new_zigbee.o
    0x000220b6   0x000220b6   0x0000001e   Code   RO         7612    i.NewZigbee_Reset   new_zigbee.o
    0x000220d4   0x000220d4   0x0000009e   Code   RO         7615    i.NewZigbee_Send    new_zigbee.o
    0x00022172   0x00022172   0x00000024   Code   RO         7617    i.NewZigbee_SetSelfAddr  new_zigbee.o
    0x00022196   0x00022196   0x00000014   Code   RO         7618    i.NewZigbee_SetTxPwr  new_zigbee.o
    0x000221aa   0x000221aa   0x00000014   Code   RO         7619    i.NewZigbee_StartGetParam  new_zigbee.o
    0x000221be   0x000221be   0x00000014   Code   RO         7620    i.NewZigbee_StartSetParam  new_zigbee.o
    0x000221d2   0x000221d2   0x00000014   Code   RO         7621    i.NewZigbee_StartSoftReset  new_zigbee.o
    0x000221e6   0x000221e6   0x00000014   Code   RO         7622    i.NewZigbee_StopGetParam  new_zigbee.o
    0x000221fa   0x000221fa   0x00000014   Code   RO         7623    i.NewZigbee_StopSetParam  new_zigbee.o
    0x0002220e   0x0002220e   0x00000014   Code   RO         7624    i.NewZigbee_StopSoftReset  new_zigbee.o
    0x00022222   0x00022222   0x00000002   PAD
    0x00022224   0x00022224   0x00000060   Code   RO          857    i.NightModeHandle   main_task.o
    0x00022284   0x00022284   0x0000008e   Code   RO          858    i.NonDigitIndirectLanuchEventData_Spell  main_task.o
    0x00022312   0x00022312   0x00000002   PAD
    0x00022314   0x00022314   0x00000148   Code   RO          859    i.NonDigitIndirectLanuchEventUpload_Send  main_task.o
    0x0002245c   0x0002245c   0x00000184   Code   RO          860    i.PJPShotHandle     main_task.o
    0x000225e0   0x000225e0   0x000000f0   Code   RO          861    i.PJP_BulletInfo_Sync  main_task.o
    0x000226d0   0x000226d0   0x00000030   Code   RO         4611    i.PORT_DebugPortSetting  hc32f46x_gpio.o
    0x00022700   0x00022700   0x00000014   Code   RO         4612    i.PORT_GetBit       hc32f46x_gpio.o
    0x00022714   0x00022714   0x000000c0   Code   RO         4614    i.PORT_Init         hc32f46x_gpio.o
    0x000227d4   0x000227d4   0x00000010   Code   RO         4615    i.PORT_Lock         hc32f46x_gpio.o
    0x000227e4   0x000227e4   0x00000014   Code   RO         4618    i.PORT_ResetBits    hc32f46x_gpio.o
    0x000227f8   0x000227f8   0x00000014   Code   RO         4620    i.PORT_SetBits      hc32f46x_gpio.o
    0x0002280c   0x0002280c   0x00000054   Code   RO         4621    i.PORT_SetFunc      hc32f46x_gpio.o
    0x00022860   0x00022860   0x00000014   Code   RO         4624    i.PORT_Toggle       hc32f46x_gpio.o
    0x00022874   0x00022874   0x00000010   Code   RO         4625    i.PORT_Unlock       hc32f46x_gpio.o
    0x00022884   0x00022884   0x00000030   Code   RO         4737    i.PWC_Fcg0PeriphClockCmd  hc32f46x_pwc.o
    0x000228b4   0x000228b4   0x0000001c   Code   RO         4738    i.PWC_Fcg1PeriphClockCmd  hc32f46x_pwc.o
    0x000228d0   0x000228d0   0x0000001c   Code   RO         4739    i.PWC_Fcg2PeriphClockCmd  hc32f46x_pwc.o
    0x000228ec   0x000228ec   0x0000001c   Code   RO         4740    i.PWC_Fcg3PeriphClockCmd  hc32f46x_pwc.o
    0x00022908   0x00022908   0x00000058   Code   RO          862    i.PersonnelClearMineEventData_Spell  main_task.o
    0x00022960   0x00022960   0x00000148   Code   RO          863    i.PersonnelClearMineEventUpload_Send  main_task.o
    0x00022aa8   0x00022aa8   0x00000058   Code   RO          864    i.PersonnelLayMineEventData_Spell  main_task.o
    0x00022b00   0x00022b00   0x00000148   Code   RO          865    i.PersonnelLayMineEventUpload_Send  main_task.o
    0x00022c48   0x00022c48   0x00000070   Code   RO          866    i.PoseAnalyse       main_task.o
    0x00022cb8   0x00022cb8   0x0000000e   Code   RO          869    i.PowerOnOffInit    main_task.o
    0x00022cc6   0x00022cc6   0x0000005e   Code   RO          870    i.ProtDeal_HardCtrl_48k  main_task.o
    0x00022d24   0x00022d24   0x0000003a   Code   RO          871    i.ProtDeal_HardCtrl_Fume  main_task.o
    0x00022d5e   0x00022d5e   0x00000002   PAD
    0x00022d60   0x00022d60   0x00000038   Code   RO          872    i.ProtDeal_HardCtrl_Motor  main_task.o
    0x00022d98   0x00022d98   0x00000020   Code   RO          873    i.ProtDeal_HardCtrl_Power  main_task.o
    0x00022db8   0x00022db8   0x00000018   Code   RO          874    i.ProtDeal_HardCtrl_RunLed  main_task.o
    0x00022dd0   0x00022dd0   0x00000012   Code   RO          875    i.ProtDeal_HardCtrl_Voice  main_task.o
    0x00022de2   0x00022de2   0x000000aa   Code   RO          876    i.Prot_HardCtrl_Analysis  main_task.o
    0x00022e8c   0x00022e8c   0x00000094   Code   RO         2559    i.Protocal_CmdProcess_DOWNLOAD  upgrade.o
    0x00022f20   0x00022f20   0x00000050   Code   RO         2560    i.Protocal_CmdProcess_DOWNLOAD_END  upgrade.o
    0x00022f70   0x00022f70   0x00000040   Code   RO         2561    i.Protocal_CmdProcess_DOWNLOAD_START  upgrade.o
    0x00022fb0   0x00022fb0   0x00000030   Code   RO         2562    i.Protocal_CmdProcess_GetAppVersion  upgrade.o
    0x00022fe0   0x00022fe0   0x00000044   Code   RO         2563    i.Protocal_CmdProcess_GetDevID  upgrade.o
    0x00023024   0x00023024   0x00000030   Code   RO         2564    i.Protocal_CmdProcess_GetDevMac  upgrade.o
    0x00023054   0x00023054   0x00000060   Code   RO         2565    i.Protocal_CmdProcess_RESET_DOWNLOAD_ADDR  upgrade.o
    0x000230b4   0x000230b4   0x00000060   Code   RO         2566    i.Protocal_CmdProcess_RESET_REPLACE_ADDR  upgrade.o
    0x00023114   0x00023114   0x00000028   Code   RO         2567    i.Protocal_CmdProcess_Ret  upgrade.o
    0x0002313c   0x0002313c   0x00000046   Code   RO         2568    i.Protocal_CmdProcess_SetDevMac  upgrade.o
    0x00023182   0x00023182   0x000000fc   Code   RO         9464    i.Protocal_Find55AAFrame  protocal.o
    0x0002327e   0x0002327e   0x0000004a   Code   RO         9465    i.Protocal_Find5AAAFrame  protocal.o
    0x000232c8   0x000232c8   0x00000074   Code   RO         9466    i.Protocal_FindHmi268bFrame  protocal.o
    0x0002333c   0x0002333c   0x0000004e   Code   RO         9467    i.Protocal_FindIR38_Frame  protocal.o
    0x0002338a   0x0002338a   0x0000004c   Code   RO         9468    i.Protocal_FindInterConn_Frame  protocal.o
    0x000233d6   0x000233d6   0x00000014   Code   RO         9470    i.Protocal_GetU16Sum  protocal.o
    0x000233ea   0x000233ea   0x00000014   Code   RO         9471    i.Protocal_MakeU32Sum  protocal.o
    0x000233fe   0x000233fe   0x00000016   Code   RO         9472    i.Protocal_MakeU8Sum  protocal.o
    0x00023414   0x00023414   0x0000004a   Code   RO         9475    i.Protocal_ProtocolMakeShort55AA  protocal.o
    0x0002345e   0x0002345e   0x00000002   PAD
    0x00023460   0x00023460   0x000000b8   Code   RO         2569    i.Protocal_UpgradeProcess  upgrade.o
    0x00023518   0x00023518   0x00000074   Code   RO         9476    i.Protocol_FindC1XORFrame  protocal.o
    0x0002358c   0x0002358c   0x00000038   Code   RO         6885    i.PwrEnable_GpioInit  gpio.o
    0x000235c4   0x000235c4   0x00000012   Code   RO         6886    i.PwrEnable_Off     gpio.o
    0x000235d6   0x000235d6   0x00000034   Code   RO         6888    i.PwrKey_GpioInit   gpio.o
    0x0002360a   0x0002360a   0x0000003e   Code   RO         3123    i.RGB               lasercom_task.o
    0x00023648   0x00023648   0x0000003c   Code   RO         6889    i.RLed_GpioInit     gpio.o
    0x00023684   0x00023684   0x0000000a   Code   RO         6890    i.RLed_Off          gpio.o
    0x0002368e   0x0002368e   0x0000000a   Code   RO         6891    i.RLed_On           gpio.o
    0x00023698   0x00023698   0x0000004c   Code   RO          878    i.RSP_CtrlIntervalEventData_Spell  main_task.o
    0x000236e4   0x000236e4   0x00000080   Code   RO          879    i.RSP_CtrlIntervalEventUploadHandle  main_task.o
    0x00023764   0x00023764   0x00000148   Code   RO          880    i.RSP_CtrlIntervalEventUpload_Send  main_task.o
    0x000238ac   0x000238ac   0x000000b2   Code   RO          881    i.RSP_CtrlSupplementEventData_Spell  main_task.o
    0x0002395e   0x0002395e   0x00000002   PAD
    0x00023960   0x00023960   0x000000fc   Code   RO          882    i.RSP_CtrlSupplementEventUploadHandle  main_task.o
    0x00023a5c   0x00023a5c   0x00000148   Code   RO          883    i.RSP_CtrlSupplementEventUpload_Send  main_task.o
    0x00023ba4   0x00023ba4   0x00000044   Code   RO          884    i.RSP_InjuryWorseEventData_Spell  main_task.o
    0x00023be8   0x00023be8   0x00000138   Code   RO          885    i.RSP_InjuryWorseEventUpload_Send  main_task.o
    0x00023d20   0x00023d20   0x0000000a   Code   RO         8331    i.RX_Pin_High       ir.o
    0x00023d2a   0x00023d2a   0x00000014   Code   RO         8332    i.RX_Pin_IsHigh     ir.o
    0x00023d3e   0x00023d3e   0x00000016   Code   RO         8333    i.RX_Pin_IsLow      ir.o
    0x00023d54   0x00023d54   0x00000020   Code   RO          886    i.RecordRcvBackStageProtocolTime  main_task.o
    0x00023d74   0x00023d74   0x0000011c   Code   RO         3124    i.RemapHurtPart     lasercom_task.o
    0x00023e90   0x00023e90   0x0000004c   Code   RO         3125    i.RemapHurtPartSpecial  lasercom_task.o
    0x00023edc   0x00023edc   0x00000008   Code   RO         3592    i.ResComTask_HandleGet  rescom_task.o
    0x00023ee4   0x00023ee4   0x000000e0   Code   RO         3593    i.ResComTask_Init   rescom_task.o
    0x00023fc4   0x00023fc4   0x000002e4   Code   RO         3594    i.ResComTask_Process  rescom_task.o
    0x000242a8   0x000242a8   0x000000c0   Code   RO         3595    i.ResComTask_SendToUpcom  rescom_task.o
    0x00024368   0x00024368   0x0000004c   Code   RO         3597    i.ResCom_ComInit    rescom_task.o
    0x000243b4   0x000243b4   0x00000058   Code   RO         3598    i.ResCom_ComRead    rescom_task.o
    0x0002440c   0x0002440c   0x00000010   Code   RO         3599    i.ResCom_ComWrite   rescom_task.o
    0x0002441c   0x0002441c   0x00000128   Code   RO          887    i.ResCom_FourGParam_Set  main_task.o
    0x00024544   0x00024544   0x00000008   Code   RO         3600    i.ResCom_GetLLMagHandle  rescom_task.o
    0x0002454c   0x0002454c   0x00000014   Code   RO         3601    i.ResCom_LowLevelTimedProcess  rescom_task.o
    0x00024560   0x00024560   0x0000006e   Code   RO          888    i.ReverseMapHurtPart  main_task.o
    0x000245ce   0x000245ce   0x00000002   PAD
    0x000245d0   0x000245d0   0x00000088   Code   RO          889    i.ReviveHandle      main_task.o
    0x00024658   0x00024658   0x0000003c   Code   RO         6893    i.RunLed_GpioInit   gpio.o
    0x00024694   0x00024694   0x00000030   Code   RO          890    i.RunLed_Init       main_task.o
    0x000246c4   0x000246c4   0x0000000a   Code   RO         6894    i.RunLed_Off        gpio.o
    0x000246ce   0x000246ce   0x0000000a   Code   RO         6895    i.RunLed_On         gpio.o
    0x000246d8   0x000246d8   0x0000003a   Code   RO         9477    i.Rx_CRC_CCITT      protocal.o
    0x00024712   0x00024712   0x0000002a   Code   RO          296    i.SComTask_Init     comtask.o
    0x0002473c   0x0002473c   0x00000056   Code   RO          298    i.SComTask_RetransmissionData  comtask.o
    0x00024792   0x00024792   0x00000042   Code   RO          299    i.SComTask_SendListAppend  comtask.o
    0x000247d4   0x000247d4   0x0000004c   Code   RO          300    i.SComTask_SendListAppendDiff  comtask.o
    0x00024820   0x00024820   0x00000038   Code   RO          301    i.SComTask_SendListClear  comtask.o
    0x00024858   0x00024858   0x00000004   Code   RO          302    i.SComTask_SendListCreate  comtask.o
    0x0002485c   0x0002485c   0x00000024   Code   RO          303    i.SComTask_SendListDelete  comtask.o
    0x00024880   0x00024880   0x0000004c   Code   RO          304    i.SComTask_SendListDeleteByFrameId  comtask.o
    0x000248cc   0x000248cc   0x00000004   Code   RO          306    i.SComTask_SetListNodeLen  comtask.o
    0x000248d0   0x000248d0   0x000000e8   Code   RO          308    i.SComTask_TimedProcess  comtask.o
    0x000249b8   0x000249b8   0x00000016   Code   RO         9283    i.SDA_IN_GpioInit   mpu6050.o
    0x000249ce   0x000249ce   0x00000022   Code   RO         9284    i.SDA_OUT_GpioInit  mpu6050.o
    0x000249f0   0x000249f0   0x000000b4   Code   RO         7284    i.SPI2_Init         spi.o
    0x00024aa4   0x00024aa4   0x00000058   Code   RO         7285    i.SPI2_ReadWriteByte  spi.o
    0x00024afc   0x00024afc   0x0000001c   Code   RO         7286    i.SPI2_SetSpeed     spi.o
    0x00024b18   0x00024b18   0x00000038   Code   RO         5108    i.SPI_Cmd           hc32f46x_spi.o
    0x00024b50   0x00024b50   0x00000078   Code   RO         5111    i.SPI_GetFlag       hc32f46x_spi.o
    0x00024bc8   0x00024bc8   0x000001ac   Code   RO         5112    i.SPI_Init          hc32f46x_spi.o
    0x00024d74   0x00024d74   0x00000006   Code   RO         5116    i.SPI_ReceiveData8  hc32f46x_spi.o
    0x00024d7a   0x00024d7a   0x00000002   PAD
    0x00024d7c   0x00024d7c   0x00000034   Code   RO         5120    i.SPI_SendData8     hc32f46x_spi.o
    0x00024db0   0x00024db0   0x00000038   Code   RO         5121    i.SPI_SetClockDiv   hc32f46x_spi.o
    0x00024de8   0x00024de8   0x0000000e   Code   RO          891    i.SaveDrillState    main_task.o
    0x00024df6   0x00024df6   0x0000004e   Code   RO         2570    i.SaveLastUpdateFrame  upgrade.o
    0x00024e44   0x00024e44   0x0000001c   Code   RO         8334    i.Send_High         ir.o
    0x00024e60   0x00024e60   0x00000018   Code   RO         8335    i.Send_Low          ir.o
    0x00024e78   0x00024e78   0x000000f8   Code   RO         5567    i.SetClkSyncBaudrate  hc32f46x_usart.o
    0x00024f70   0x00024f70   0x0000020c   Code   RO          892    i.SetLPosition      main_task.o
    0x0002517c   0x0002517c   0x0000000c   Code   RO         6297    i.SetRand           timer.o
    0x00025188   0x00025188   0x00000130   Code   RO         5568    i.SetScBaudrate     hc32f46x_usart.o
    0x000252b8   0x000252b8   0x0000012c   Code   RO         5569    i.SetUartBaudrate   hc32f46x_usart.o
    0x000253e4   0x000253e4   0x00000020   Code   RO          893    i.ShotAroundHandle  main_task.o
    0x00025404   0x00025404   0x00000056   Code   RO          894    i.SlaverMag_GetHandleByMac  main_task.o
    0x0002545a   0x0002545a   0x0000003e   Code   RO          895    i.SlaverMag_GetHandleByType  main_task.o
    0x00025498   0x00025498   0x000000ac   Code   RO          896    i.SlaverMag_ListInit  main_task.o
    0x00025544   0x00025544   0x000000c0   Code   RO          897    i.SlaverMag_TimedProcess  main_task.o
    0x00025604   0x00025604   0x00000012   Code   RO         6298    i.SoftTimerInit     timer.o
    0x00025616   0x00025616   0x00000002   PAD
    0x00025618   0x00025618   0x00000044   Code   RO         6299    i.SoftTimerIntervalProcess  timer.o
    0x0002565c   0x0002565c   0x00000024   Code   RO         6303    i.SoftTimerStop     timer.o
    0x00025680   0x00025680   0x00000556   Code   RO         3602    i.SoliderStatusUpload_Send  rescom_task.o
    0x00025bd6   0x00025bd6   0x00000002   PAD
    0x00025bd8   0x00025bd8   0x00000030   Code   RO          898    i.StaLed_Init       main_task.o
    0x00025c08   0x00025c08   0x00000020   Code   RO         2571    i.StartDownloadProcess  upgrade.o
    0x00025c28   0x00025c28   0x000000a8   Code   RO         2573    i.StopDownloadProcess  upgrade.o
    0x00025cd0   0x00025cd0   0x000001e0   Code   RO          899    i.SynchronizeState  main_task.o
    0x00025eb0   0x00025eb0   0x0000007e   Code   RO         6304    i.SysClkIni         timer.o
    0x00025f2e   0x00025f2e   0x00000002   PAD
    0x00025f30   0x00025f30   0x00000014   Code   RO          459    i.SysParam_GetSlaverParam  param.o
    0x00025f44   0x00025f44   0x00000068   Code   RO          460    i.SysParam_Init     param.o
    0x00025fac   0x00025fac   0x00000034   Code   RO          461    i.SysParam_Save     param.o
    0x00025fe0   0x00025fe0   0x00000048   Code   RO          462    i.SysParam_SetDefaultValue  param.o
    0x00026028   0x00026028   0x00000020   Code   RO          463    i.SysParam_SetSlaverParam  param.o
    0x00026048   0x00026048   0x00000078   Code   RO         6305    i.SysScheduleProcess  timer.o
    0x000260c0   0x000260c0   0x0000007c   Code   RO         6306    i.SysScheduleTimerInit  timer.o
    0x0002613c   0x0002613c   0x0000008c   Code   RO         3711    i.SystemCoreClockUpdate  system_hc32f46x.o
    0x000261c8   0x000261c8   0x00000020   Code   RO         3712    i.SystemInit        system_hc32f46x.o
    0x000261e8   0x000261e8   0x000000c4   Code   RO            6    i.System_TimedTask  main.o
    0x000262ac   0x000262ac   0x0000000e   Code   RO         8074    i.TIM4_Unit2_Sleep_Us  wtn6.o
    0x000262ba   0x000262ba   0x000005ce   Code   RO         5252    i.TIMER0_BaseInit   hc32f46x_timer0.o
    0x00026888   0x00026888   0x00000062   Code   RO         5253    i.TIMER0_ClearFlag  hc32f46x_timer0.o
    0x000268ea   0x000268ea   0x00000072   Code   RO         5254    i.TIMER0_Cmd        hc32f46x_timer0.o
    0x0002695c   0x0002695c   0x0000001c   Code   RO         5256    i.TIMER0_GetClkMode  hc32f46x_timer0.o
    0x00026978   0x00026978   0x000003f8   Code   RO         5260    i.TIMER0_HardTriggerInit  hc32f46x_timer0.o
    0x00026d70   0x00026d70   0x0000005c   Code   RO         5265    i.TIMER0_WriteCntReg  hc32f46x_timer0.o
    0x00026dcc   0x00026dcc   0x00000030   Code   RO         5876    i.TIMER4_CNT_ClearCountVal  hc32f46x_timer4_cnt.o
    0x00026dfc   0x00026dfc   0x0000004c   Code   RO         5877    i.TIMER4_CNT_ClearIrqFlag  hc32f46x_timer4_cnt.o
    0x00026e48   0x00026e48   0x00000026   Code   RO         5884    i.TIMER4_CNT_GetIrqFlag  hc32f46x_timer4_cnt.o
    0x00026e6e   0x00026e6e   0x00000002   PAD
    0x00026e70   0x00026e70   0x00000190   Code   RO         5886    i.TIMER4_CNT_Init   hc32f46x_timer4_cnt.o
    0x00027000   0x00027000   0x00000030   Code   RO         5894    i.TIMER4_CNT_Start  hc32f46x_timer4_cnt.o
    0x00027030   0x00027030   0x00000030   Code   RO         5895    i.TIMER4_CNT_Stop   hc32f46x_timer4_cnt.o
    0x00027060   0x00027060   0x0000008c   Code   RO         5357    i.TIMERA_BaseInit   hc32f46x_timera.o
    0x000270ec   0x000270ec   0x000000cc   Code   RO         5360    i.TIMERA_ClearFlag  hc32f46x_timera.o
    0x000271b8   0x000271b8   0x00000050   Code   RO         5361    i.TIMERA_Cmd        hc32f46x_timera.o
    0x00027208   0x00027208   0x000000b8   Code   RO         5370    i.TIMERA_GetFlag    hc32f46x_timera.o
    0x000272c0   0x000272c0   0x000000d0   Code   RO         5377    i.TIMERA_IrqCmd     hc32f46x_timera.o
    0x00027390   0x00027390   0x00000048   Code   RO         5384    i.TIMERA_SetCurrCount  hc32f46x_timera.o
    0x000273d8   0x000273d8   0x00000070   Code   RO          900    i.TerminalInjury_Save  main_task.o
    0x00027448   0x00027448   0x00000048   Code   RO          901    i.TesModeHandle     main_task.o
    0x00027490   0x00027490   0x00000084   Code   RO         8075    i.Timer4_Unit2_init  wtn6.o
    0x00027514   0x00027514   0x00000068   Code   RO         8337    i.Timera1_Config    ir.o
    0x0002757c   0x0002757c   0x0000006c   Code   RO         8338    i.Timera2_Config    ir.o
    0x000275e8   0x000275e8   0x0000006c   Code   RO         8339    i.Timera3_Config    ir.o
    0x00027654   0x00027654   0x000000d4   Code   RO          902    i.TrainModeInit     main_task.o
    0x00027728   0x00027728   0x00000058   Code   RO          903    i.Train_Mode_Revive  main_task.o
    0x00027780   0x00027780   0x0000000a   Code   RO         8340    i.Tx_Pin_Low        ir.o
    0x0002778a   0x0002778a   0x0000000a   Code   RO         8341    i.Tx_Pin_Tog        ir.o
    0x00027794   0x00027794   0x0000006c   Code   RO         5571    i.USART_ClearStatus  hc32f46x_usart.o
    0x00027800   0x00027800   0x00000048   Code   RO         5572    i.USART_DeInit      hc32f46x_usart.o
    0x00027848   0x00027848   0x0000023c   Code   RO         5573    i.USART_FuncCmd     hc32f46x_usart.o
    0x00027a84   0x00027a84   0x0000000e   Code   RO         5583    i.USART_GetStatus   hc32f46x_usart.o
    0x00027a92   0x00027a92   0x00000008   Code   RO         5586    i.USART_RecData     hc32f46x_usart.o
    0x00027a9a   0x00027a9a   0x0000000c   Code   RO         5588    i.USART_SendData    hc32f46x_usart.o
    0x00027aa6   0x00027aa6   0x00000002   PAD
    0x00027aa8   0x00027aa8   0x00000054   Code   RO         5589    i.USART_SetBaudrate  hc32f46x_usart.o
    0x00027afc   0x00027afc   0x00000298   Code   RO         5601    i.USART_UART_Init   hc32f46x_usart.o
    0x00027d94   0x00027d94   0x00000014   Code   RO         6447    i.Uart_ComConfiguration  uart.o
    0x00027da8   0x00027da8   0x000000fe   Code   RO         6449    i.Uart_ComInit      uart.o
    0x00027ea6   0x00027ea6   0x00000002   PAD
    0x00027ea8   0x00027ea8   0x0000004c   Code   RO         6451    i.Uart_EnableClock  uart.o
    0x00027ef4   0x00027ef4   0x0000010c   Code   RO         6452    i.Uart_EnableDmaRx  uart.o
    0x00028000   0x00028000   0x000000dc   Code   RO         6453    i.Uart_EnableDmaTx  uart.o
    0x000280dc   0x000280dc   0x00000046   Code   RO         6454    i.Uart_EnableIntError  uart.o
    0x00028122   0x00028122   0x0000009c   Code   RO         6455    i.Uart_EnableIntRx  uart.o
    0x000281be   0x000281be   0x0000007c   Code   RO         6456    i.Uart_EnableIntTx  uart.o
    0x0002823a   0x0002823a   0x00000020   Code   RO         6457    i.Uart_GpioConfig   uart.o
    0x0002825a   0x0002825a   0x0000008e   Code   RO         6458    i.Uart_IrqHandle_DMATC  uart.o
    0x000282e8   0x000282e8   0x00000046   Code   RO         6459    i.Uart_IrqHandle_EI  uart.o
    0x0002832e   0x0002832e   0x00000036   Code   RO         6460    i.Uart_IrqHandle_RI  uart.o
    0x00028364   0x00028364   0x000000f0   Code   RO         6461    i.Uart_IrqHandle_RTO  uart.o
    0x00028454   0x00028454   0x0000003c   Code   RO         6462    i.Uart_IrqHandle_TCI  uart.o
    0x00028490   0x00028490   0x00000068   Code   RO         6463    i.Uart_IrqHandle_TI  uart.o
    0x000284f8   0x000284f8   0x000000c4   Code   RO         6464    i.Uart_RxTimeoutConfig  uart.o
    0x000285bc   0x000285bc   0x00000036   Code   RO         6465    i.Uart_SendBuf      uart.o
    0x000285f2   0x000285f2   0x000000f8   Code   RO         6466    i.Uart_SendBuf_DMA  uart.o
    0x000286ea   0x000286ea   0x0000004e   Code   RO         6467    i.Uart_SendBuf_Interrupt  uart.o
    0x00028738   0x00028738   0x00000034   Code   RO         6468    i.Uart_SendBuf_Poll  uart.o
    0x0002876c   0x0002876c   0x0000005c   Code   RO          904    i.UnUpLoadEvtNumCalcu  main_task.o
    0x000287c8   0x000287c8   0x000004fc   Code   RO          905    i.UpdateDamage      main_task.o
    0x00028cc4   0x00028cc4   0x0000000c   Code   RO         2574    i.Update_ConfigSendFunc  upgrade.o
    0x00028cd0   0x00028cd0   0x00000044   Code   RO         2575    i.Update_MagInit    upgrade.o
    0x00028d14   0x00028d14   0x0000000e   Code   RO         2576    i.Update_ProtocalParse  upgrade.o
    0x00028d22   0x00028d22   0x00000002   PAD
    0x00028d24   0x00028d24   0x00000040   Code   RO         2577    i.Update_ProtocalProcess  upgrade.o
    0x00028d64   0x00028d64   0x00000020   Code   RO         2578    i.Update_SetDevMac  upgrade.o
    0x00028d84   0x00028d84   0x00000010   Code   RO         2579    i.Update_SetDevPID  upgrade.o
    0x00028d94   0x00028d94   0x00000010   Code   RO         2580    i.Update_SetDevRID  upgrade.o
    0x00028da4   0x00028da4   0x00000010   Code   RO         2581    i.Update_SetDevTSubType  upgrade.o
    0x00028db4   0x00028db4   0x00000010   Code   RO         2582    i.Update_SetDevTType  upgrade.o
    0x00028dc4   0x00028dc4   0x00000030   Code   RO         5602    i.UsartGetClk       hc32f46x_usart.o
    0x00028df4   0x00028df4   0x0000000c   Code   RO          906    i.UserParam_GetActLaserCnt  main_task.o
    0x00028e00   0x00028e00   0x0000000c   Code   RO          907    i.UserParam_GetActLaserCnt1  main_task.o
    0x00028e0c   0x00028e0c   0x0000000c   Code   RO          908    i.UserParam_GetBRChar  main_task.o
    0x00028e18   0x00028e18   0x0000000c   Code   RO          909    i.UserParam_GetBlood  main_task.o
    0x00028e24   0x00028e24   0x0000000c   Code   RO          910    i.UserParam_GetCIdegree  main_task.o
    0x00028e30   0x00028e30   0x00000010   Code   RO          911    i.UserParam_GetDayOrNight  main_task.o
    0x00028e40   0x00028e40   0x0000000c   Code   RO          912    i.UserParam_GetFireInstallFlg  main_task.o
    0x00028e4c   0x00028e4c   0x0000000c   Code   RO          913    i.UserParam_GetKey  main_task.o
    0x00028e58   0x00028e58   0x00000008   Code   RO          914    i.UserParam_GetLPos  main_task.o
    0x00028e60   0x00028e60   0x0000000c   Code   RO          917    i.UserParam_GetSlaverCnt  main_task.o
    0x00028e6c   0x00028e6c   0x0000001c   Code   RO          918    i.UserParam_GetSlaverMag  main_task.o
    0x00028e88   0x00028e88   0x00000008   Code   RO          920    i.UserParam_GetTime1  main_task.o
    0x00028e90   0x00028e90   0x00000014   Code   RO          922    i.UserParam_GetTsChar2  main_task.o
    0x00028ea4   0x00028ea4   0x00000008   Code   RO          923    i.UserParam_GetWMac  main_task.o
    0x00028eac   0x00028eac   0x0000000c   Code   RO          924    i.UserParam_GetWTxPwr  main_task.o
    0x00028eb8   0x00028eb8   0x0000005c   Code   RO          925    i.UserParam_GetWeaponNum  main_task.o
    0x00028f14   0x00028f14   0x000000c0   Code   RO          926    i.UserParam_Init    main_task.o
    0x00028fd4   0x00028fd4   0x0000003c   Code   RO          927    i.UserParam_Save    main_task.o
    0x00029010   0x00029010   0x0000000c   Code   RO          928    i.UserParam_SetActLaserCnt  main_task.o
    0x0002901c   0x0002901c   0x0000000c   Code   RO          929    i.UserParam_SetActLaserCnt1  main_task.o
    0x00029028   0x00029028   0x00000014   Code   RO          930    i.UserParam_SetBRChar  main_task.o
    0x0002903c   0x0002903c   0x00000010   Code   RO          931    i.UserParam_SetBlood  main_task.o
    0x0002904c   0x0002904c   0x00000014   Code   RO          933    i.UserParam_SetDayOrNight  main_task.o
    0x00029060   0x00029060   0x0000001e   Code   RO          934    i.UserParam_SetDefaultValue  main_task.o
    0x0002907e   0x0002907e   0x00000002   PAD
    0x00029080   0x00029080   0x0000000c   Code   RO          935    i.UserParam_SetFireInstallFlg  main_task.o
    0x0002908c   0x0002908c   0x0000000c   Code   RO          936    i.UserParam_SetKey  main_task.o
    0x00029098   0x00029098   0x00000010   Code   RO          940    i.UserParam_SetSlaverCnt  main_task.o
    0x000290a8   0x000290a8   0x00000020   Code   RO          941    i.UserParam_SetSlaverMag  main_task.o
    0x000290c8   0x000290c8   0x00000014   Code   RO          944    i.UserParam_SetTsChar1  main_task.o
    0x000290dc   0x000290dc   0x00000014   Code   RO          945    i.UserParam_SetTsChar2  main_task.o
    0x000290f0   0x000290f0   0x00000014   Code   RO          946    i.UserParam_SetWMac  main_task.o
    0x00029104   0x00029104   0x0000000c   Code   RO          947    i.UserParam_SetWTxPwr  main_task.o
    0x00029110   0x00029110   0x0000000e   Code   RO         8342    i.User_Ir_Init      ir.o
    0x0002911e   0x0002911e   0x00000002   PAD
    0x00029120   0x00029120   0x00000048   Code   RO         8343    i.User_Ir_Rcv       ir.o
    0x00029168   0x00029168   0x00000050   Code   RO         8344    i.User_Ir_Send      ir.o
    0x000291b8   0x000291b8   0x00000050   Code   RO         8345    i.User_Rcv_Init     ir.o
    0x00029208   0x00029208   0x0000002c   Code   RO         8346    i.User_Tx_Init      ir.o
    0x00029234   0x00029234   0x0000002a   Code   RO         6897    i.W25QXX_CS_GpioInit  gpio.o
    0x0002925e   0x0002925e   0x00000008   Code   RO         6898    i.W25QXX_CS_RESET   gpio.o
    0x00029266   0x00029266   0x00000008   Code   RO         6899    i.W25QXX_CS_SET     gpio.o
    0x0002926e   0x0002926e   0x00000046   Code   RO         7959    i.W25QXX_Erase_Page  w25qxx.o
    0x000292b4   0x000292b4   0x00000014   Code   RO         7857    i.W25QXX_HardWareInit  extflash.o
    0x000292c8   0x000292c8   0x00000034   Code   RO         7858    i.W25QXX_Init       extflash.o
    0x000292fc   0x000292fc   0x00000032   Code   RO         7859    i.W25QXX_LowLevelInit  extflash.o
    0x0002932e   0x0002932e   0x00000046   Code   RO         7963    i.W25QXX_Read       w25qxx.o
    0x00029374   0x00029374   0x0000003e   Code   RO         7964    i.W25QXX_ReadID     w25qxx.o
    0x000293b2   0x000293b2   0x0000001e   Code   RO         7965    i.W25QXX_ReadSR     w25qxx.o
    0x000293d0   0x000293d0   0x00000010   Code   RO         7967    i.W25QXX_Wait_Busy  w25qxx.o
    0x000293e0   0x000293e0   0x00000016   Code   RO         7969    i.W25QXX_Write_Enable  w25qxx.o
    0x000293f6   0x000293f6   0x00000054   Code   RO         7971    i.W25QXX_Write_Page  w25qxx.o
    0x0002944a   0x0002944a   0x00000002   PAD
    0x0002944c   0x0002944c   0x00000038   Code   RO         5831    i.WDT_Init          hc32f46x_wdt.o
    0x00029484   0x00029484   0x00000018   Code   RO         5832    i.WDT_RefreshCounter  hc32f46x_wdt.o
    0x0002949c   0x0002949c   0x000001e8   Code   RO          948    i.WeaponDistanceJudge  main_task.o
    0x00029684   0x00029684   0x0000003c   Code   RO         8076    i.Wtn6_1_2_Init     wtn6.o
    0x000296c0   0x000296c0   0x0000002a   Code   RO         6900    i.Wtn6_1_GpioBusyInit  gpio.o
    0x000296ea   0x000296ea   0x0000002a   Code   RO         6901    i.Wtn6_1_GpioDataInit  gpio.o
    0x00029714   0x00029714   0x00000008   Code   RO         6902    i.Wtn6_1_GpioDataReset  gpio.o
    0x0002971c   0x0002971c   0x00000008   Code   RO         6903    i.Wtn6_1_GpioDataSet  gpio.o
    0x00029724   0x00029724   0x0000000e   Code   RO         8077    i.Wtn6_1_HardWareInit  wtn6.o
    0x00029732   0x00029732   0x0000001a   Code   RO         6904    i.Wtn6_1_IsGpioBusySet  gpio.o
    0x0002974c   0x0002974c   0x0000000c   Code   RO         8079    i.Wtn6_DaySound     wtn6.o
    0x00029758   0x00029758   0x00000038   Code   RO         8080    i.Wtn6_Init         wtn6.o
    0x00029790   0x00029790   0x00000020   Code   RO         8081    i.Wtn6_LPlay        wtn6.o
    0x000297b0   0x000297b0   0x0000000c   Code   RO         8082    i.Wtn6_NightSound   wtn6.o
    0x000297bc   0x000297bc   0x00000004   Code   RO         8083    i.Wtn6_Play         wtn6.o
    0x000297c0   0x000297c0   0x0000000c   Code   RO         8085    i.Wtn6_Sound        wtn6.o
    0x000297cc   0x000297cc   0x0000000c   Code   RO         8086    i.Wtn6_StartLSound  wtn6.o
    0x000297d8   0x000297d8   0x00000112   Code   RO         8087    i.Wtn6_StartSound   wtn6.o
    0x000298ea   0x000298ea   0x00000042   Code   RO         8088    i.Wtn6_StepProcess  wtn6.o
    0x0002992c   0x0002992c   0x00000030   Code   RO         8089    i.Wtn6_TimedProcess  wtn6.o
    0x0002995c   0x0002995c   0x00000018   Code   RO         9478    i.Xor_Calc          protocal.o
    0x00029974   0x00029974   0x00000074   Code   RO          949    i.ZigComTask_BroadCast  main_task.o
    0x000299e8   0x000299e8   0x00000008   Code   RO         2840    i.ZigComTask_HandleGet  zigcom_task.o
    0x000299f0   0x000299f0   0x00000098   Code   RO         2841    i.ZigComTask_Init   zigcom_task.o
    0x00029a88   0x00029a88   0x00000008   Code   RO         2842    i.ZigComTask_LastCommMacGet  zigcom_task.o
    0x00029a90   0x00029a90   0x000000d0   Code   RO         2843    i.ZigComTask_Process  zigcom_task.o
    0x00029b60   0x00029b60   0x00000098   Code   RO          950    i.ZigComTask_SendToHelmet  main_task.o
    0x00029bf8   0x00029bf8   0x00000008   Code   RO         2844    i.ZigComTask_TaskHandleGet  zigcom_task.o
    0x00029c00   0x00029c00   0x000001a8   Code   RO         2845    i.ZigCom_Analysis   zigcom_task.o
    0x00029da8   0x00029da8   0x0000004c   Code   RO         2846    i.ZigCom_ComInit    zigcom_task.o
    0x00029df4   0x00029df4   0x00000058   Code   RO         2847    i.ZigCom_ComRead    zigcom_task.o
    0x00029e4c   0x00029e4c   0x00000010   Code   RO         2848    i.ZigCom_ComWrite   zigcom_task.o
    0x00029e5c   0x00029e5c   0x00000016   Code   RO         2849    i.ZigRetSend        zigcom_task.o
    0x00029e72   0x00029e72   0x0000002c   Code   RO         6910    i.Zigbee_GpioResetInit  gpio.o
    0x00029e9e   0x00029e9e   0x00000012   Code   RO         6911    i.Zigbee_GpioResetOff  gpio.o
    0x00029eb0   0x00029eb0   0x00000012   Code   RO         6912    i.Zigbee_GpioResetOn  gpio.o
    0x00029ec2   0x00029ec2   0x00000030   Code   RO        10138    i.__ARM_fpclassify  m_wm.l(fpclassify.o)
    0x00029ef2   0x00029ef2   0x0000001a   Code   RO         6469    i.__NVIC_ClearPendingIRQ  uart.o
    0x00029f0c   0x00029f0c   0x0000001a   Code   RO         8347    i.__NVIC_ClearPendingIRQ  ir.o
    0x00029f26   0x00029f26   0x0000001a   Code   RO         6470    i.__NVIC_EnableIRQ  uart.o
    0x00029f40   0x00029f40   0x0000001a   Code   RO         8348    i.__NVIC_EnableIRQ  ir.o
    0x00029f5a   0x00029f5a   0x00000020   Code   RO         6471    i.__NVIC_SetPriority  uart.o
    0x00029f7a   0x00029f7a   0x00000020   Code   RO         8349    i.__NVIC_SetPriority  ir.o
    0x00029f9a   0x00029f9a   0x00000006   PAD
    0x00029fa0   0x00029fa0   0x00000360   Code   RO         9871    i.__hardfp_asin     m_wm.l(asin.o)
    0x0002a300   0x0002a300   0x000002d8   Code   RO        10107    i.__hardfp_atan     m_wm.l(atan.o)
    0x0002a5d8   0x0002a5d8   0x00000200   Code   RO         9885    i.__hardfp_atan2    m_wm.l(atan2.o)
    0x0002a7d8   0x0002a7d8   0x000000c8   Code   RO         9897    i.__hardfp_cos      m_wm.l(cos.o)
    0x0002a8a0   0x0002a8a0   0x00000014   Code   RO         9909    i.__hardfp_fabs     m_wm.l(fabs.o)
    0x0002a8b4   0x0002a8b4   0x00000004   PAD
    0x0002a8b8   0x0002a8b8   0x00000c50   Code   RO         9915    i.__hardfp_pow      m_wm.l(pow.o)
    0x0002b508   0x0002b508   0x000000e0   Code   RO         9929    i.__hardfp_round    m_wm.l(round.o)
    0x0002b5e8   0x0002b5e8   0x000000c8   Code   RO         9933    i.__hardfp_sin      m_wm.l(sin.o)
    0x0002b6b0   0x0002b6b0   0x0000007a   Code   RO         9945    i.__hardfp_sqrt     m_wm.l(sqrt.o)
    0x0002b72a   0x0002b72a   0x00000006   PAD
    0x0002b730   0x0002b730   0x00000080   Code   RO         9957    i.__hardfp_tan      m_wm.l(tan.o)
    0x0002b7b0   0x0002b7b0   0x00000438   Code   RO        10143    i.__ieee754_rem_pio2  m_wm.l(rred.o)
    0x0002bbe8   0x0002bbe8   0x00000170   Code   RO        10121    i.__kernel_cos      m_wm.l(cos_i.o)
    0x0002bd58   0x0002bd58   0x000000f8   Code   RO        10140    i.__kernel_poly     m_wm.l(poly.o)
    0x0002be50   0x0002be50   0x00000130   Code   RO        10148    i.__kernel_sin      m_wm.l(sin_i.o)
    0x0002bf80   0x0002bf80   0x00000350   Code   RO        10154    i.__kernel_tan      m_wm.l(tan_i.o)
    0x0002c2d0   0x0002c2d0   0x00000030   Code   RO        10124    i.__mathlib_dbl_divzero  m_wm.l(dunder.o)
    0x0002c300   0x0002c300   0x00000014   Code   RO        10125    i.__mathlib_dbl_infnan  m_wm.l(dunder.o)
    0x0002c314   0x0002c314   0x00000014   Code   RO        10126    i.__mathlib_dbl_infnan2  m_wm.l(dunder.o)
    0x0002c328   0x0002c328   0x00000020   Code   RO        10127    i.__mathlib_dbl_invalid  m_wm.l(dunder.o)
    0x0002c348   0x0002c348   0x00000020   Code   RO        10128    i.__mathlib_dbl_overflow  m_wm.l(dunder.o)
    0x0002c368   0x0002c368   0x00000020   Code   RO        10130    i.__mathlib_dbl_underflow  m_wm.l(dunder.o)
    0x0002c388   0x0002c388   0x0000000e   Code   RO         9784    i._is_digit         c_w.l(__printf_wp.o)
    0x0002c396   0x0002c396   0x00000010   Code   RO        10109    i.atan              m_wm.l(atan.o)
    0x0002c3a6   0x0002c3a6   0x00000002   PAD
    0x0002c3a8   0x0002c3a8   0x0000003c   Code   RO         9052    i.decode_gesture    inv_mpu_dmp_motion_driver.o
    0x0002c3e4   0x0002c3e4   0x0000003c   Code   RO         9053    i.dmp_enable_6x_lp_quat  inv_mpu_dmp_motion_driver.o
    0x0002c420   0x0002c420   0x000001ec   Code   RO         9054    i.dmp_enable_feature  inv_mpu_dmp_motion_driver.o
    0x0002c60c   0x0002c60c   0x00000058   Code   RO         9055    i.dmp_enable_gyro_cal  inv_mpu_dmp_motion_driver.o
    0x0002c664   0x0002c664   0x0000003c   Code   RO         9056    i.dmp_enable_lp_quat  inv_mpu_dmp_motion_driver.o
    0x0002c6a0   0x0002c6a0   0x00000014   Code   RO         9061    i.dmp_load_motion_driver_firmware  inv_mpu_dmp_motion_driver.o
    0x0002c6b4   0x0002c6b4   0x00000184   Code   RO         9062    i.dmp_read_fifo     inv_mpu_dmp_motion_driver.o
    0x0002c838   0x0002c838   0x00000074   Code   RO         9066    i.dmp_set_fifo_rate  inv_mpu_dmp_motion_driver.o
    0x0002c8ac   0x0002c8ac   0x00000118   Code   RO         9069    i.dmp_set_orientation  inv_mpu_dmp_motion_driver.o
    0x0002c9c4   0x0002c9c4   0x00000030   Code   RO         9072    i.dmp_set_shake_reject_thresh  inv_mpu_dmp_motion_driver.o
    0x0002c9f4   0x0002c9f4   0x00000020   Code   RO         9073    i.dmp_set_shake_reject_time  inv_mpu_dmp_motion_driver.o
    0x0002ca14   0x0002ca14   0x00000020   Code   RO         9074    i.dmp_set_shake_reject_timeout  inv_mpu_dmp_motion_driver.o
    0x0002ca34   0x0002ca34   0x00000038   Code   RO         9075    i.dmp_set_tap_axes  inv_mpu_dmp_motion_driver.o
    0x0002ca6c   0x0002ca6c   0x00000022   Code   RO         9076    i.dmp_set_tap_count  inv_mpu_dmp_motion_driver.o
    0x0002ca8e   0x0002ca8e   0x00000002   PAD
    0x0002ca90   0x0002ca90   0x0000019c   Code   RO         9077    i.dmp_set_tap_thresh  inv_mpu_dmp_motion_driver.o
    0x0002cc2c   0x0002cc2c   0x00000020   Code   RO         9078    i.dmp_set_tap_time  inv_mpu_dmp_motion_driver.o
    0x0002cc4c   0x0002cc4c   0x00000020   Code   RO         9079    i.dmp_set_tap_time_multi  inv_mpu_dmp_motion_driver.o
    0x0002cc6c   0x0002cc6c   0x00000018   Code   RO         9911    i.fabs              m_wm.l(fabs.o)
    0x0002cc84   0x0002cc84   0x00000184   Code   RO          951    i.get_distance      main_task.o
    0x0002ce08   0x0002ce08   0x00000024   Code   RO         8712    i.inv_orientation_matrix_to_scalar  inv_mpu.o
    0x0002ce2c   0x0002ce2c   0x00000048   Code   RO         8713    i.inv_row_2_scale   inv_mpu.o
    0x0002ce74   0x0002ce74   0x0000002c   Code   RO         8350    i.ir_send_byte      ir.o
    0x0002cea0   0x0002cea0   0x00000008   Code   RO         9285    i.m_byg_sMpu6050Mag  mpu6050.o
    0x0002cea8   0x0002cea8   0x00000070   Code   RO            7    i.main              main.o
    0x0002cf18   0x0002cf18   0x00000002   Code   RO         8714    i.mget_ms           inv_mpu.o
    0x0002cf1a   0x0002cf1a   0x00000002   PAD
    0x0002cf1c   0x0002cf1c   0x00000060   Code   RO         8715    i.mpu_configure_fifo  inv_mpu.o
    0x0002cf7c   0x0002cf7c   0x00000164   Code   RO         8716    i.mpu_dmp_get_data  inv_mpu.o
    0x0002d0e0   0x0002d0e0   0x000000c0   Code   RO         8717    i.mpu_dmp_init      inv_mpu.o
    0x0002d1a0   0x0002d1a0   0x00000044   Code   RO         8718    i.mpu_get_accel_fsr  inv_mpu.o
    0x0002d1e4   0x0002d1e4   0x00000068   Code   RO         8719    i.mpu_get_accel_reg  inv_mpu.o
    0x0002d24c   0x0002d24c   0x00000150   Code   RO         8734    i.mpu_init          inv_mpu.o
    0x0002d39c   0x0002d39c   0x000000b4   Code   RO         8735    i.mpu_load_firmware  inv_mpu.o
    0x0002d450   0x0002d450   0x000000d0   Code   RO         8736    i.mpu_lp_accel_mode  inv_mpu.o
    0x0002d520   0x0002d520   0x000000ac   Code   RO         8739    i.mpu_read_fifo_stream  inv_mpu.o
    0x0002d5cc   0x0002d5cc   0x00000070   Code   RO         8740    i.mpu_read_mem      inv_mpu.o
    0x0002d63c   0x0002d63c   0x00000174   Code   RO         8743    i.mpu_reset_fifo    inv_mpu.o
    0x0002d7b0   0x0002d7b0   0x00000074   Code   RO         8746    i.mpu_set_accel_fsr  inv_mpu.o
    0x0002d824   0x0002d824   0x00000118   Code   RO         8747    i.mpu_set_bypass    inv_mpu.o
    0x0002d93c   0x0002d93c   0x0000007c   Code   RO         8749    i.mpu_set_dmp_state  inv_mpu.o
    0x0002d9b8   0x0002d9b8   0x00000078   Code   RO         8750    i.mpu_set_gyro_fsr  inv_mpu.o
    0x0002da30   0x0002da30   0x00000060   Code   RO         8751    i.mpu_set_int_latched  inv_mpu.o
    0x0002da90   0x0002da90   0x0000007c   Code   RO         8753    i.mpu_set_lpf       inv_mpu.o
    0x0002db0c   0x0002db0c   0x00000084   Code   RO         8754    i.mpu_set_sample_rate  inv_mpu.o
    0x0002db90   0x0002db90   0x000000b4   Code   RO         8755    i.mpu_set_sensors   inv_mpu.o
    0x0002dc44   0x0002dc44   0x00000070   Code   RO         8756    i.mpu_write_mem     inv_mpu.o
    0x0002dcb4   0x0002dcb4   0x00000058   Code   RO         6771    i.my_mem_free       malloc.o
    0x0002dd0c   0x0002dd0c   0x0000003c   Code   RO         6772    i.my_mem_init       malloc.o
    0x0002dd48   0x0002dd48   0x0000009c   Code   RO         6773    i.my_mem_malloc     malloc.o
    0x0002dde4   0x0002dde4   0x00000038   Code   RO         6774    i.my_mem_perused    malloc.o
    0x0002de1c   0x0002de1c   0x0000000e   Code   RO         6776    i.mymemset          malloc.o
    0x0002de2a   0x0002de2a   0x00000032   Code   RO         8091    i.play_Status       wtn6.o
    0x0002de5c   0x0002de5c   0x0000004a   Code   RO         8092    i.play_StruckPart   wtn6.o
    0x0002dea6   0x0002dea6   0x00000002   PAD
    0x0002dea8   0x0002dea8   0x00000034   Code   RO          952    i.radian            main_task.o
    0x0002dedc   0x0002dedc   0x00000018   Code   RO         6778    i.sdram_free        malloc.o
    0x0002def4   0x0002def4   0x0000000c   Code   RO         6779    i.sdram_init        malloc.o
    0x0002df00   0x0002df00   0x00000024   Code   RO         6780    i.sdram_malloc      malloc.o
    0x0002df24   0x0002df24   0x00000074   Code   RO         8758    i.set_int_enable    inv_mpu.o
    0x0002df98   0x0002df98   0x0000006e   Code   RO         9947    i.sqrt              m_wm.l(sqrt.o)
    0x0002e006   0x0002e006   0x00000016   Code   RO         6473    i.ttcpy             uart.o
    0x0002e01c   0x0002e01c   0x00000030   Code   RO         8095    i.wtn6_QueuePop     wtn6.o
    0x0002e04c   0x0002e04c   0x00000020   Code   RO         8096    i.wtn6_QueuePush    wtn6.o
    0x0002e06c   0x0002e06c   0x0000002c   Code   RO        10230    locale$$code        c_w.l(lc_ctype_c.o)
    0x0002e098   0x0002e098   0x0000002c   Code   RO        10233    locale$$code        c_w.l(lc_numeric_c.o)
    0x0002e0c4   0x0002e0c4   0x00000018   Code   RO        10082    x$fpl$basic         fz_wm.l(basic.o)
    0x0002e0dc   0x0002e0dc   0x00000062   Code   RO         9833    x$fpl$d2f           fz_wm.l(d2f.o)
    0x0002e13e   0x0002e13e   0x00000002   PAD
    0x0002e140   0x0002e140   0x00000150   Code   RO         9835    x$fpl$dadd          fz_wm.l(daddsub_clz.o)
    0x0002e290   0x0002e290   0x00000010   Code   RO        10237    x$fpl$dcheck1       fz_wm.l(dcheck1.o)
    0x0002e2a0   0x0002e2a0   0x00000018   Code   RO        10084    x$fpl$dcmpinf       fz_wm.l(dcmpi.o)
    0x0002e2b8   0x0002e2b8   0x000002b0   Code   RO         9842    x$fpl$ddiv          fz_wm.l(ddiv.o)
    0x0002e568   0x0002e568   0x00000078   Code   RO         9845    x$fpl$deqf          fz_wm.l(deqf.o)
    0x0002e5e0   0x0002e5e0   0x0000005e   Code   RO         9847    x$fpl$dfix          fz_wm.l(dfix.o)
    0x0002e63e   0x0002e63e   0x00000002   PAD
    0x0002e640   0x0002e640   0x0000005a   Code   RO         9851    x$fpl$dfixu         fz_wm.l(dfixu.o)
    0x0002e69a   0x0002e69a   0x0000002e   Code   RO         9856    x$fpl$dflt          fz_wm.l(dflt_clz.o)
    0x0002e6c8   0x0002e6c8   0x00000026   Code   RO         9855    x$fpl$dfltu         fz_wm.l(dflt_clz.o)
    0x0002e6ee   0x0002e6ee   0x00000002   PAD
    0x0002e6f0   0x0002e6f0   0x00000078   Code   RO         9861    x$fpl$dleqf         fz_wm.l(dleqf.o)
    0x0002e768   0x0002e768   0x00000154   Code   RO         9863    x$fpl$dmul          fz_wm.l(dmul.o)
    0x0002e8bc   0x0002e8bc   0x0000009c   Code   RO        10086    x$fpl$dnaninf       fz_wm.l(dnaninf.o)
    0x0002e958   0x0002e958   0x0000000c   Code   RO        10088    x$fpl$dretinf       fz_wm.l(dretinf.o)
    0x0002e964   0x0002e964   0x0000006c   Code   RO         9865    x$fpl$drleqf        fz_wm.l(drleqf.o)
    0x0002e9d0   0x0002e9d0   0x000000b4   Code   RO        10090    x$fpl$drnd          fz_wm.l(drnd.o)
    0x0002ea84   0x0002ea84   0x00000016   Code   RO         9836    x$fpl$drsb          fz_wm.l(daddsub_clz.o)
    0x0002ea9a   0x0002ea9a   0x00000002   PAD
    0x0002ea9c   0x0002ea9c   0x00000198   Code   RO        10092    x$fpl$dsqrt         fz_wm.l(dsqrt_umaal.o)
    0x0002ec34   0x0002ec34   0x000001d4   Code   RO         9837    x$fpl$dsub          fz_wm.l(daddsub_clz.o)
    0x0002ee08   0x0002ee08   0x00000056   Code   RO         9867    x$fpl$f2d           fz_wm.l(f2d.o)
    0x0002ee5e   0x0002ee5e   0x0000008c   Code   RO        10094    x$fpl$fnaninf       fz_wm.l(fnaninf.o)
    0x0002eeea   0x0002eeea   0x0000000a   Code   RO        10239    x$fpl$fpinit        fz_wm.l(fpinit.o)
    0x0002eef4   0x0002eef4   0x0000000a   Code   RO        10096    x$fpl$fretinf       fz_wm.l(fretinf.o)
    0x0002eefe   0x0002eefe   0x00000004   Code   RO         9869    x$fpl$printf1       fz_wm.l(printf1.o)
    0x0002ef02   0x0002ef02   0x00000064   Code   RO        10263    x$fpl$retnan        fz_wm.l(retnan.o)
    0x0002ef66   0x0002ef66   0x0000005c   Code   RO        10104    x$fpl$scalbn        fz_wm.l(scalbn.o)
    0x0002efc2   0x0002efc2   0x00000030   Code   RO        10281    x$fpl$trapveneer    fz_wm.l(trapv.o)
    0x0002eff2   0x0002eff2   0x00000000   Code   RO        10106    x$fpl$usenofp       fz_wm.l(usenofp.o)
    0x0002eff2   0x0002eff2   0x00000002   PAD
    0x0002eff4   0x0002eff4   0x00001214   Data   RO          954    .constdata          main_task.o
    0x00030208   0x00030208   0x000000ac   Data   RO         2851    .constdata          zigcom_task.o
    0x000302b4   0x000302b4   0x00000154   Data   RO         3127    .constdata          lasercom_task.o
    0x00030408   0x00030408   0x00000116   Data   RO         3336    .constdata          hmicom_task.o
    0x0003051e   0x0003051e   0x00000002   PAD
    0x00030520   0x00030520   0x00000090   Data   RO         3604    .constdata          rescom_task.o
    0x000305b0   0x000305b0   0x00000010   Data   RO         5603    .constdata          hc32f46x_usart.o
    0x000305c0   0x000305c0   0x0000000c   Data   RO         6784    .constdata          malloc.o
    0x000305cc   0x000305cc   0x0000014d   Data   RO         7461    .constdata          led.o
    0x00030719   0x00030719   0x00000003   PAD
    0x0003071c   0x0003071c   0x00000010   Data   RO         7864    .constdata          extflash.o
    0x0003072c   0x0003072c   0x00000018   Data   RO         8098    .constdata          wtn6.o
    0x00030744   0x00030744   0x0000001b   Data   RO         8760    .constdata          inv_mpu.o
    0x0003075f   0x0003075f   0x00000001   PAD
    0x00030760   0x00030760   0x0000000c   Data   RO         8761    .constdata          inv_mpu.o
    0x0003076c   0x0003076c   0x00000028   Data   RO         8762    .constdata          inv_mpu.o
    0x00030794   0x00030794   0x00000bf6   Data   RO         9081    .constdata          inv_mpu_dmp_motion_driver.o
    0x0003138a   0x0003138a   0x00000028   Data   RO         9772    .constdata          c_w.l(_printf_hex_int_ll_ptr.o)
    0x000313b2   0x000313b2   0x00000011   Data   RO         9792    .constdata          c_w.l(__printf_flags_ss_wp.o)
    0x000313c3   0x000313c3   0x00000005   PAD
    0x000313c8   0x000313c8   0x00000050   Data   RO         9874    .constdata          m_wm.l(asin.o)
    0x00031418   0x00031418   0x00000088   Data   RO         9918    .constdata          m_wm.l(pow.o)
    0x000314a0   0x000314a0   0x0000000c   Data   RO        10036    .constdata          c_w.l(_monlen.o)
    0x000314ac   0x000314ac   0x00000004   PAD
    0x000314b0   0x000314b0   0x00000098   Data   RO        10110    .constdata          m_wm.l(atan.o)
    0x00031548   0x00031548   0x00000030   Data   RO        10122    .constdata          m_wm.l(cos_i.o)
    0x00031578   0x00031578   0x00000008   Data   RO        10142    .constdata          m_wm.l(qnan.o)
    0x00031580   0x00031580   0x000000c8   Data   RO        10145    .constdata          m_wm.l(rred.o)
    0x00031648   0x00031648   0x00000028   Data   RO        10149    .constdata          m_wm.l(sin_i.o)
    0x00031670   0x00031670   0x00000060   Data   RO        10155    .constdata          m_wm.l(tan_i.o)
    0x000316d0   0x000316d0   0x00000094   Data   RO        10203    .constdata          c_w.l(bigflt0.o)
    0x00031764   0x00031764   0x00000134   Data   RO         3337    .conststring        hmicom_task.o
    0x00031898   0x00031898   0x00000020   Data   RO        10340    Region$$Table       anon$$obj.o
    0x000318b8   0x000318b8   0x00000110   Data   RO        10229    locale$$data        c_w.l(lc_ctype_c.o)
    0x000319c8   0x000319c8   0x0000001c   Data   RO        10232    locale$$data        c_w.l(lc_numeric_c.o)


    Execution Region RW_IRAM1 (Exec base: 0x1fff8000, Load base: 0x000319e4, Size: 0x00020198, Max: 0x0002f000, ABSOLUTE, COMPRESSED[0x000000d8])

    Exec Addr    Load Addr    Size         Type   Attr      Idx    E Section Name        Object

    0x1fff8000   COMPRESSED   0x00000060   Data   RW          955    .data               main_task.o
    0x1fff8060   COMPRESSED   0x00000001   Data   RW         2943    .data               battery_task.o
    0x1fff8061   COMPRESSED   0x00000003   PAD
    0x1fff8064   COMPRESSED   0x000000ec   Data   RW         3338    .data               hmicom_task.o
    0x1fff8150   COMPRESSED   0x00000001   Data   RW         3605    .data               rescom_task.o
    0x1fff8151   COMPRESSED   0x00000003   PAD
    0x1fff8154   COMPRESSED   0x00000004   Data   RW         3713    .data               system_hc32f46x.o
    0x1fff8158   COMPRESSED   0x00000001   Data   RW         4257    .data               hc32f46x_dmac.o
    0x1fff8159   COMPRESSED   0x00000003   PAD
    0x1fff815c   COMPRESSED   0x00000014   Data   RW         6785    .data               malloc.o
    0x1fff8170   COMPRESSED   0x00000008   Data   RW         8352    .data               ir.o
    0x1fff8178   COMPRESSED   0x00000035   Data   RW         8763    .data               inv_mpu.o
    0x1fff81ad   COMPRESSED   0x00000001   Data   RW         9287    .data               mpu6050.o
    0x1fff81ae   COMPRESSED   0x00000002   PAD
    0x1fff81b0        -       0x000000c4   Zero   RW          464    .bss                param.o
    0x1fff8274        -       0x00000884   Zero   RW          953    .bss                main_task.o
    0x1fff8af8        -       0x00002c3c   Zero   RW         2583    .bss                upgrade.o
    0x1fffb734        -       0x00000030   Zero   RW         2850    .bss                zigcom_task.o
    0x1fffb764        -       0x00000014   Zero   RW         2942    .bss                battery_task.o
    0x1fffb778        -       0x00000040   Zero   RW         3039    .bss                ir38com_task.o
    0x1fffb7b8        -       0x0000045c   Zero   RW         3126    .bss                lasercom_task.o
    0x1fffbc14   COMPRESSED   0x00000004   PAD
    0x1fffbc18        -       0x00000140   Zero   RW         3335    .bss                hmicom_task.o
    0x1fffbd58        -       0x000008b4   Zero   RW         3603    .bss                rescom_task.o
    0x1fffc60c        -       0x00000040   Zero   RW         6307    .bss                timer.o
    0x1fffc64c        -       0x00002120   Zero   RW         6474    .bss                uart.o
    0x1fffe76c   COMPRESSED   0x00000014   PAD
    0x1fffe780        -       0x00018000   Zero   RW         6782    .bss                malloc.o
    0x20016780        -       0x00000c00   Zero   RW         6783    .bss                malloc.o
    0x20017380        -       0x0000000c   Zero   RW         7185    .bss                iflash.o
    0x2001738c        -       0x0000005a   Zero   RW         7372    .bss                adc.o
    0x200173e6   COMPRESSED   0x00000002   PAD
    0x200173e8        -       0x0000005c   Zero   RW         7625    .bss                new_zigbee.o
    0x20017444        -       0x00000120   Zero   RW         7861    .bss                extflash.o
    0x20017564        -       0x00000010   Zero   RW         7863    .bss                extflash.o
    0x20017574        -       0x00000138   Zero   RW         8097    .bss                wtn6.o
    0x200176ac        -       0x00000020   Zero   RW         8252    .bss                lasercom.o
    0x200176cc        -       0x0000012c   Zero   RW         8351    .bss                ir.o
    0x200177f8        -       0x00000020   Zero   RW         8673    .bss                hmi_lt268b.o
    0x20017818        -       0x00000010   Zero   RW         9080    .bss                inv_mpu_dmp_motion_driver.o
    0x20017828        -       0x00000028   Zero   RW         9286    .bss                mpu6050.o
    0x20017850        -       0x000000e4   Zero   RW         9806    .bss                c_w.l(rand.o)
    0x20017934        -       0x00000060   Zero   RW        10161    .bss                c_w.l(libspace.o)
    0x20017994   COMPRESSED   0x00000004   PAD
    0x20017998        -       0x00000400   Zero   RW         3702    HEAP                startup_hc32f46x.o
    0x20017d98        -       0x00000400   Zero   RW         3701    STACK               startup_hc32f46x.o



  Load Region LR_IROM2 (Base: 0x03000c00, Size: 0x00000000, Max: 0x000003c0, ABSOLUTE)

    Execution Region ER_IROM2 (Exec base: 0x03000c00, Load base: 0x03000c00, Size: 0x00000000, Max: 0x000003c0, ABSOLUTE)

    **** No section assigned to this execution region ****


==============================================================================

Image component sizes


      Code (inc. data)   RO Data    RW Data    ZI Data      Debug   Object Name

       120         12          0          0         90       1388   adc.o
       662         52          0          1         20       7954   battery_task.o
       284          0          0          0          0       5397   beep.o
       786          4          0          0          0      10952   comtask.o
       746         24         16          0        304      10045   extflash.o
      1014          0          0          0          0      21338   gpio.o
       542         26          0          0          0      10723   hc32f46x_adc.o
       924         60          0          0          0      11835   hc32f46x_clk.o
       990         22          0          1          0      16258   hc32f46x_dmac.o
       376         48          0          0          0       6426   hc32f46x_efm.o
        92         14          0          0          0       3213   hc32f46x_exint_nmi_swi.o
       436         46          0          0          0      10481   hc32f46x_gpio.o
       132         28          0          0          0       2772   hc32f46x_pwc.o
       718         94          0          0          0       8816   hc32f46x_spi.o
      2934         10          0          0          0       9428   hc32f46x_timer0.o
       658         60          0          0          0       6268   hc32f46x_timer4_cnt.o
       888        184          0          0          0       9837   hc32f46x_timera.o
      2434        180         16          0          0      12444   hc32f46x_usart.o
        80         10          0          0          0       3016   hc32f46x_wdt.o
        74          4          0          0         32       2495   hmi_lt268b.o
      9304       1116        586        236        320      37254   hmicom_task.o
       362          0          0          0         12       9045   iflash.o
      3706        116         79         53          0      26422   inv_mpu.o
      2242        118       3062          0         16      20737   inv_mpu_dmp_motion_driver.o
      1736        136          0          8        300      25829   ir.o
       350         24          0          0         64       5158   ir38com_task.o
        48          0          0          0          0       1080   iwdt.o
       112          4          0          0         32       3655   lasercom.o
      2210        108        340          0       1116      20069   lasercom_task.o
       442         16        333          0          0       7211   led.o
       182          0          0          0          0       4904   linklist.o
       112          0          0          0          0       3322   linkqueue.o
       472         62          0          0          0    1617345   main.o
     51608       2304       4628         96       2180     279796   main_task.o
       446         52         12         20     101376       7457   malloc.o
       250          0          0          0          0       6033   motor.o
      1436         36          0          1         40      20460   mpu6050.o
      1060         32          0          0         92      13520   new_zigbee.o
       892        166          0          0        196      17705   param.o
       934          0          0          0          0      12150   protocal.o
      3192         92        144          1       2228      30044   rescom_task.o
        54          0          0          0          0       1078   sort.o
       296         14          0          0          0       2081   spi.o
       116         38        640          0       2048        980   startup_hc32f46x.o
       172         22          0          4          0       1839   system_hc32f46x.o
       732         66          0          0         64      40059   timer.o
      3028        222          0          0       8480      33610   uart.o
      1716        144          0          0      11324      53253   upgrade.o
       354          0          0          0          0       6075   w25qxx.o
      1060         84         24          0        312      16832   wtn6.o
      1010         42        172          0         48       8960   zigcom_task.o

    ----------------------------------------------------------------------
    104630       5892      10090        432     130720    2505049   Object Totals
         0          0         32          0          0          0   (incl. Generated)
       106          0          6         11         26          0   (incl. Padding)

    ----------------------------------------------------------------------

      Code (inc. data)   RO Data    RW Data    ZI Data      Debug   Library Member Name

        60          8          0          0          0         84   __0sscanf.o
        44          6          0          0          0         84   __2sprintf.o
        90          0          0          0          0          0   __dczerorl2.o
         8          0          0          0          0         68   __main.o
       392          4         17          0          0         92   __printf_flags_ss_wp.o
        14          0          0          0          0         68   __printf_wp.o
         0          0          0          0          0          0   __rtentry.o
        12          0          0          0          0          0   __rtentry2.o
         6          0          0          0          0          0   __rtentry4.o
        52          8          0          0          0          0   __scatter.o
        28          0          0          0          0          0   __scatter_zi.o
        28          0          0          0          0         68   _chval.o
         0          0         12          0          0          0   _monlen.o
        48          6          0          0          0         96   _printf_char_common.o
         6          0          0          0          0          0   _printf_d.o
       120         16          0          0          0         92   _printf_dec.o
         6          0          0          0          0          0   _printf_f.o
      1054          0          0          0          0        216   _printf_fp_dec.o
       128         16          0          0          0         84   _printf_fp_infnan.o
       148          4         40          0          0        160   _printf_hex_int_ll_ptr.o
       178          0          0          0          0         88   _printf_intcommon.o
        78          0          0          0          0        108   _printf_pad.o
         0          0          0          0          0          0   _printf_percent.o
         4          0          0          0          0          0   _printf_percent_end.o
         6          0          0          0          0          0   _printf_x.o
        22          0          0          0          0        100   _rserrno.o
       884          4          0          0          0        100   _scanf.o
       332          0          0          0          0         96   _scanf_int.o
        64          0          0          0          0         84   _sgetc.o
        10          0          0          0          0         68   _sputc.o
       158          0          0          0          0         92   _strtoul.o
        16          0          0          0          0         68   aeabi_memset.o
       228          4        148          0          0         96   bigflt0.o
      1936        128          0          0          0        672   btod.o
        18          0          0          0          0         80   exit.o
         6          0          0          0          0        152   heapauxi.o
         0          0          0          0          0          0   indicate_semi.o
        18          0          0          0          0         76   isspace.o
        44         10        272          0          0         76   lc_ctype_c.o
        44         10         28          0          0         76   lc_numeric_c.o
         2          0          0          0          0          0   libinit.o
        38          0          0          0          0          0   libinit2.o
         2          0          0          0          0          0   libshutdown.o
         2          0          0          0          0          0   libshutdown2.o
         8          4          0          0         96         68   libspace.o
       138          0          0          0          0         80   lludiv10.o
       238          0          0          0          0        100   lludivv7m.o
        88          0          0          0          0         76   memcmp.o
       428         10          0          0          0        116   mktime.o
       112         18          0          0        228        160   rand.o
        16          4          0          0          0         76   rt_ctype_table.o
         8          4          0          0          0         68   rt_errno_addr_intlibspace.o
         8          4          0          0          0         68   rt_locale_intlibspace.o
        68          0          0          0          0         68   rt_memclr.o
        78          0          0          0          0         80   rt_memclr_w.o
       138          0          0          0          0         68   rt_memcpy_v6.o
       100          0          0          0          0         80   rt_memcpy_w.o
         2          0          0          0          0          0   rtexit.o
        10          0          0          0          0          0   rtexit2.o
        44          8          0          0          0         84   scanf_char.o
       128          0          0          0          0         68   strcmpv7m.o
        62          0          0          0          0         76   strlen.o
       150          0          0          0          0         80   strncmp.o
        36          0          0          0          0         80   strstr.o
       114          0          0          0          0         92   strtoul.o
        12          4          0          0          0         68   sys_exit.o
        74          0          0          0          0         80   sys_stackheap_outer.o
         2          0          0          0          0         68   use_no_semi.o
        24          0          0          0          0        164   basic.o
        98          4          0          0          0        140   d2f.o
       826         16          0          0          0        492   daddsub_clz.o
        16          4          0          0          0        116   dcheck1.o
        24          0          0          0          0        116   dcmpi.o
       688        140          0          0          0        256   ddiv.o
       120          4          0          0          0        140   deqf.o
        94          4          0          0          0        140   dfix.o
        90          4          0          0          0        140   dfixu.o
        84          0          0          0          0        232   dflt_clz.o
       120          4          0          0          0        140   dleqf.o
       340         12          0          0          0        152   dmul.o
       156          4          0          0          0        140   dnaninf.o
        12          0          0          0          0        116   dretinf.o
       108          0          0          0          0        128   drleqf.o
       180          4          0          0          0        128   drnd.o
       408         56          0          0          0        168   dsqrt_umaal.o
        86          4          0          0          0        132   f2d.o
       140          4          0          0          0        132   fnaninf.o
        10          0          0          0          0        116   fpinit.o
        10          0          0          0          0        116   fretinf.o
         4          0          0          0          0        116   printf1.o
       100          0          0          0          0        116   retnan.o
        92          0          0          0          0        116   scalbn.o
        48          0          0          0          0        116   trapv.o
         0          0          0          0          0          0   usenofp.o
       864         94         80          0          0        280   asin.o
       744        106        152          0          0        352   atan.o
       512         64          0          0          0        208   atan2.o
       200         20          0          0          0        164   cos.o
       368         46         48          0          0        200   cos_i.o
       184         44          0          0          0        744   dunder.o
        44          0          0          0          0        248   fabs.o
        48          0          0          0          0        124   fpclassify.o
       248          0          0          0          0        152   poly.o
      3152        296        136          0          0        352   pow.o
         0          0          8          0          0          0   qnan.o
       224         30          0          0          0        172   round.o
      1080        142        200          0          0        188   rred.o
       200         20          0          0          0        164   sin.o
       304         24         40          0          0        208   sin_i.o
       232          0          0          0          0        296   sqrt.o
       128         20          0          0          0        144   tan.o
       848         84         96          0          0        196   tan_i.o

    ----------------------------------------------------------------------
     21694       1534       1286          0        328      13008   Library Totals
        40          0          9          0          4          0   (incl. Padding)

    ----------------------------------------------------------------------

      Code (inc. data)   RO Data    RW Data    ZI Data      Debug   Library Name

      8396        280        517          0        324       4948   c_w.l
      3878        264          0          0          0       3868   fz_wm.l
      9380        990        760          0          0       4192   m_wm.l

    ----------------------------------------------------------------------
     21694       1534       1286          0        328      13008   Library Totals

    ----------------------------------------------------------------------

==============================================================================


      Code (inc. data)   RO Data    RW Data    ZI Data      Debug   

    126324       7426      11376        432     131048    2422349   Grand Totals
    126324       7426      11376        216     131048    2422349   ELF Image Totals (compressed)
    126324       7426      11376        216          0          0   ROM Totals

==============================================================================

    Total RO  Size (Code + RO Data)               137700 ( 134.47kB)
    Total RW  Size (RW Data + ZI Data)            131480 ( 128.40kB)
    Total ROM Size (Code + RO Data + RW Data)     137916 ( 134.68kB)

==============================================================================

