<!doctype html public "-//w3c//dtd html 4.0 transitional//en">
<html><head>
<title>Static Call Graph - [.\Objects\App_DB_BJ_F460_V6_1_1_20231115_2.axf]</title></head>
<body><HR>
<H1>Static Call Graph for image .\Objects\App_DB_BJ_F460_V6_1_1_20231115_2.axf</H1><HR>
<BR><P>#&#060CALLGRAPH&#062# ARM Linker, 5060960: Last Updated: Wed Dec 06 17:31:42 2023
<BR><P>
<H3>Maximum Stack Usage =       2056 bytes + Unknown(Cycles, Untraceable Function Pointers)</H3><H3>
Call chain for Maximum Stack Depth:</H3>
__rt_entry_main &rArr; main &rArr; UserParam_Init &rArr; DrillStateRecovery &rArr; AssignStateFromBuffer &rArr; DayModeHandle &rArr; InterConn_ProtDeal_SelfStatue &rArr; InterChanSend &rArr; SComTask_SendListAppendDiff &rArr; SComTask_SendListDeleteByFrameId &rArr; SComTask_SendListDelete &rArr; sdram_free &rArr; my_mem_free
<P>
<H3>
Mutually Recursive functions
</H3> <LI><a href="#[7]">NMI_Handler</a>&nbsp;&nbsp;&nbsp;&rArr;&nbsp;&nbsp;&nbsp;<a href="#[7]">NMI_Handler</a><BR>
 <LI><a href="#[8]">HardFault_Handler</a>&nbsp;&nbsp;&nbsp;&rArr;&nbsp;&nbsp;&nbsp;<a href="#[8]">HardFault_Handler</a><BR>
 <LI><a href="#[9]">MemManage_Handler</a>&nbsp;&nbsp;&nbsp;&rArr;&nbsp;&nbsp;&nbsp;<a href="#[9]">MemManage_Handler</a><BR>
 <LI><a href="#[a]">BusFault_Handler</a>&nbsp;&nbsp;&nbsp;&rArr;&nbsp;&nbsp;&nbsp;<a href="#[a]">BusFault_Handler</a><BR>
 <LI><a href="#[b]">UsageFault_Handler</a>&nbsp;&nbsp;&nbsp;&rArr;&nbsp;&nbsp;&nbsp;<a href="#[b]">UsageFault_Handler</a><BR>
 <LI><a href="#[c]">SVC_Handler</a>&nbsp;&nbsp;&nbsp;&rArr;&nbsp;&nbsp;&nbsp;<a href="#[c]">SVC_Handler</a><BR>
 <LI><a href="#[d]">DebugMon_Handler</a>&nbsp;&nbsp;&nbsp;&rArr;&nbsp;&nbsp;&nbsp;<a href="#[d]">DebugMon_Handler</a><BR>
 <LI><a href="#[e]">PendSV_Handler</a>&nbsp;&nbsp;&nbsp;&rArr;&nbsp;&nbsp;&nbsp;<a href="#[e]">PendSV_Handler</a><BR>
 <LI><a href="#[f]">SysTick_Handler</a>&nbsp;&nbsp;&nbsp;&rArr;&nbsp;&nbsp;&nbsp;<a href="#[f]">SysTick_Handler</a><BR>
 <LI><a href="#[2e]">IRQ030_Handler</a>&nbsp;&nbsp;&nbsp;&rArr;&nbsp;&nbsp;&nbsp;<a href="#[2e]">IRQ030_Handler</a><BR>
</UL>
<P>
<H3>
Function Pointers
</H3><UL>
 <LI><a href="#[b8]">Beep_GpioInit</a> from gpio.o(i.Beep_GpioInit) referenced from main_task.o(.constdata)
 <LI><a href="#[ba]">Beep_GpioOff</a> from gpio.o(i.Beep_GpioOff) referenced from main_task.o(.constdata)
 <LI><a href="#[b9]">Beep_GpioOn</a> from gpio.o(i.Beep_GpioOn) referenced from main_task.o(.constdata)
 <LI><a href="#[bb]">Beep_GpioToggle</a> from gpio.o(i.Beep_GpioToggle) referenced from main_task.o(.constdata)
 <LI><a href="#[a]">BusFault_Handler</a> from startup_hc32f46x.o(.text) referenced from startup_hc32f46x.o(RESET)
 <LI><a href="#[d]">DebugMon_Handler</a> from startup_hc32f46x.o(.text) referenced from startup_hc32f46x.o(RESET)
 <LI><a href="#[bf]">Fume_GpioInit</a> from gpio.o(i.Fume_GpioInit) referenced from main_task.o(.constdata)
 <LI><a href="#[c2]">Fume_GpioIsInstalled</a> from gpio.o(i.Fume_GpioIsInstalled) referenced from main_task.o(.constdata)
 <LI><a href="#[c1]">Fume_GpioOff</a> from gpio.o(i.Fume_GpioOff) referenced from main_task.o(.constdata)
 <LI><a href="#[c0]">Fume_GpioOn</a> from gpio.o(i.Fume_GpioOn) referenced from main_task.o(.constdata)
 <LI><a href="#[8]">HardFault_Handler</a> from startup_hc32f46x.o(.text) referenced from startup_hc32f46x.o(RESET)
 <LI><a href="#[cd]">HmiCom_ComInit</a> from hmicom_task.o(i.HmiCom_ComInit) referenced from hmicom_task.o(.constdata)
 <LI><a href="#[ce]">HmiCom_ComRead</a> from hmicom_task.o(i.HmiCom_ComRead) referenced from hmicom_task.o(.constdata)
 <LI><a href="#[cf]">HmiCom_ComWrite</a> from hmicom_task.o(i.HmiCom_ComWrite) referenced from hmicom_task.o(.constdata)
 <LI><a href="#[a9]">IR38Com_ComInit</a> from ir38com_task.o(i.IR38Com_ComInit) referenced from ir38com_task.o(i.IR38ComTask_Init)
 <LI><a href="#[aa]">IR38Com_Read</a> from ir38com_task.o(i.IR38Com_Read) referenced from ir38com_task.o(i.IR38ComTask_Init)
 <LI><a href="#[ab]">IR38Com_Write</a> from ir38com_task.o(i.IR38Com_Write) referenced from ir38com_task.o(i.IR38ComTask_Init)
 <LI><a href="#[10]">IRQ000_Handler</a> from ir.o(i.IRQ000_Handler) referenced from startup_hc32f46x.o(RESET)
 <LI><a href="#[11]">IRQ001_Handler</a> from ir.o(i.IRQ001_Handler) referenced from startup_hc32f46x.o(RESET)
 <LI><a href="#[12]">IRQ002_Handler</a> from ir.o(i.IRQ002_Handler) referenced from startup_hc32f46x.o(RESET)
 <LI><a href="#[13]">IRQ003_Handler</a> from ir.o(i.IRQ003_Handler) referenced from startup_hc32f46x.o(RESET)
 <LI><a href="#[14]">IRQ004_Handler</a> from wtn6.o(i.IRQ004_Handler) referenced from startup_hc32f46x.o(RESET)
 <LI><a href="#[15]">IRQ005_Handler</a> from timer.o(i.IRQ005_Handler) referenced from startup_hc32f46x.o(RESET)
 <LI><a href="#[16]">IRQ006_Handler</a> from uart.o(i.IRQ006_Handler) referenced from startup_hc32f46x.o(RESET)
 <LI><a href="#[17]">IRQ007_Handler</a> from uart.o(i.IRQ007_Handler) referenced from startup_hc32f46x.o(RESET)
 <LI><a href="#[18]">IRQ008_Handler</a> from uart.o(i.IRQ008_Handler) referenced from startup_hc32f46x.o(RESET)
 <LI><a href="#[19]">IRQ009_Handler</a> from uart.o(i.IRQ009_Handler) referenced from startup_hc32f46x.o(RESET)
 <LI><a href="#[1a]">IRQ010_Handler</a> from uart.o(i.IRQ010_Handler) referenced from startup_hc32f46x.o(RESET)
 <LI><a href="#[1b]">IRQ011_Handler</a> from uart.o(i.IRQ011_Handler) referenced from startup_hc32f46x.o(RESET)
 <LI><a href="#[1c]">IRQ012_Handler</a> from uart.o(i.IRQ012_Handler) referenced from startup_hc32f46x.o(RESET)
 <LI><a href="#[1d]">IRQ013_Handler</a> from uart.o(i.IRQ013_Handler) referenced from startup_hc32f46x.o(RESET)
 <LI><a href="#[1e]">IRQ014_Handler</a> from uart.o(i.IRQ014_Handler) referenced from startup_hc32f46x.o(RESET)
 <LI><a href="#[1f]">IRQ015_Handler</a> from uart.o(i.IRQ015_Handler) referenced from startup_hc32f46x.o(RESET)
 <LI><a href="#[20]">IRQ016_Handler</a> from uart.o(i.IRQ016_Handler) referenced from startup_hc32f46x.o(RESET)
 <LI><a href="#[21]">IRQ017_Handler</a> from uart.o(i.IRQ017_Handler) referenced from startup_hc32f46x.o(RESET)
 <LI><a href="#[22]">IRQ018_Handler</a> from uart.o(i.IRQ018_Handler) referenced from startup_hc32f46x.o(RESET)
 <LI><a href="#[23]">IRQ019_Handler</a> from uart.o(i.IRQ019_Handler) referenced from startup_hc32f46x.o(RESET)
 <LI><a href="#[24]">IRQ020_Handler</a> from uart.o(i.IRQ020_Handler) referenced from startup_hc32f46x.o(RESET)
 <LI><a href="#[25]">IRQ021_Handler</a> from uart.o(i.IRQ021_Handler) referenced from startup_hc32f46x.o(RESET)
 <LI><a href="#[26]">IRQ022_Handler</a> from uart.o(i.IRQ022_Handler) referenced from startup_hc32f46x.o(RESET)
 <LI><a href="#[27]">IRQ023_Handler</a> from uart.o(i.IRQ023_Handler) referenced from startup_hc32f46x.o(RESET)
 <LI><a href="#[28]">IRQ024_Handler</a> from uart.o(i.IRQ024_Handler) referenced from startup_hc32f46x.o(RESET)
 <LI><a href="#[29]">IRQ025_Handler</a> from uart.o(i.IRQ025_Handler) referenced from startup_hc32f46x.o(RESET)
 <LI><a href="#[2a]">IRQ026_Handler</a> from uart.o(i.IRQ026_Handler) referenced from startup_hc32f46x.o(RESET)
 <LI><a href="#[2b]">IRQ027_Handler</a> from uart.o(i.IRQ027_Handler) referenced from startup_hc32f46x.o(RESET)
 <LI><a href="#[2c]">IRQ028_Handler</a> from uart.o(i.IRQ028_Handler) referenced from startup_hc32f46x.o(RESET)
 <LI><a href="#[2d]">IRQ029_Handler</a> from uart.o(i.IRQ029_Handler) referenced from startup_hc32f46x.o(RESET)
 <LI><a href="#[2e]">IRQ030_Handler</a> from startup_hc32f46x.o(.text) referenced from startup_hc32f46x.o(RESET)
 <LI><a href="#[2f]">IRQ031_Handler</a> from startup_hc32f46x.o(.text) referenced from startup_hc32f46x.o(RESET)
 <LI><a href="#[30]">IRQ032_Handler</a> from startup_hc32f46x.o(.text) referenced from startup_hc32f46x.o(RESET)
 <LI><a href="#[31]">IRQ033_Handler</a> from startup_hc32f46x.o(.text) referenced from startup_hc32f46x.o(RESET)
 <LI><a href="#[32]">IRQ034_Handler</a> from startup_hc32f46x.o(.text) referenced from startup_hc32f46x.o(RESET)
 <LI><a href="#[33]">IRQ035_Handler</a> from startup_hc32f46x.o(.text) referenced from startup_hc32f46x.o(RESET)
 <LI><a href="#[34]">IRQ036_Handler</a> from startup_hc32f46x.o(.text) referenced from startup_hc32f46x.o(RESET)
 <LI><a href="#[35]">IRQ037_Handler</a> from startup_hc32f46x.o(.text) referenced from startup_hc32f46x.o(RESET)
 <LI><a href="#[36]">IRQ038_Handler</a> from startup_hc32f46x.o(.text) referenced from startup_hc32f46x.o(RESET)
 <LI><a href="#[37]">IRQ039_Handler</a> from startup_hc32f46x.o(.text) referenced from startup_hc32f46x.o(RESET)
 <LI><a href="#[38]">IRQ040_Handler</a> from startup_hc32f46x.o(.text) referenced from startup_hc32f46x.o(RESET)
 <LI><a href="#[39]">IRQ041_Handler</a> from startup_hc32f46x.o(.text) referenced from startup_hc32f46x.o(RESET)
 <LI><a href="#[3a]">IRQ042_Handler</a> from startup_hc32f46x.o(.text) referenced from startup_hc32f46x.o(RESET)
 <LI><a href="#[3b]">IRQ043_Handler</a> from startup_hc32f46x.o(.text) referenced from startup_hc32f46x.o(RESET)
 <LI><a href="#[3c]">IRQ044_Handler</a> from startup_hc32f46x.o(.text) referenced from startup_hc32f46x.o(RESET)
 <LI><a href="#[3d]">IRQ045_Handler</a> from startup_hc32f46x.o(.text) referenced from startup_hc32f46x.o(RESET)
 <LI><a href="#[3e]">IRQ046_Handler</a> from startup_hc32f46x.o(.text) referenced from startup_hc32f46x.o(RESET)
 <LI><a href="#[3f]">IRQ047_Handler</a> from startup_hc32f46x.o(.text) referenced from startup_hc32f46x.o(RESET)
 <LI><a href="#[40]">IRQ048_Handler</a> from startup_hc32f46x.o(.text) referenced from startup_hc32f46x.o(RESET)
 <LI><a href="#[41]">IRQ049_Handler</a> from startup_hc32f46x.o(.text) referenced from startup_hc32f46x.o(RESET)
 <LI><a href="#[42]">IRQ050_Handler</a> from startup_hc32f46x.o(.text) referenced from startup_hc32f46x.o(RESET)
 <LI><a href="#[43]">IRQ051_Handler</a> from startup_hc32f46x.o(.text) referenced from startup_hc32f46x.o(RESET)
 <LI><a href="#[44]">IRQ052_Handler</a> from startup_hc32f46x.o(.text) referenced from startup_hc32f46x.o(RESET)
 <LI><a href="#[45]">IRQ053_Handler</a> from startup_hc32f46x.o(.text) referenced from startup_hc32f46x.o(RESET)
 <LI><a href="#[46]">IRQ054_Handler</a> from startup_hc32f46x.o(.text) referenced from startup_hc32f46x.o(RESET)
 <LI><a href="#[47]">IRQ055_Handler</a> from startup_hc32f46x.o(.text) referenced from startup_hc32f46x.o(RESET)
 <LI><a href="#[48]">IRQ056_Handler</a> from startup_hc32f46x.o(.text) referenced from startup_hc32f46x.o(RESET)
 <LI><a href="#[49]">IRQ057_Handler</a> from startup_hc32f46x.o(.text) referenced from startup_hc32f46x.o(RESET)
 <LI><a href="#[4a]">IRQ058_Handler</a> from startup_hc32f46x.o(.text) referenced from startup_hc32f46x.o(RESET)
 <LI><a href="#[4b]">IRQ059_Handler</a> from startup_hc32f46x.o(.text) referenced from startup_hc32f46x.o(RESET)
 <LI><a href="#[4c]">IRQ060_Handler</a> from startup_hc32f46x.o(.text) referenced from startup_hc32f46x.o(RESET)
 <LI><a href="#[4d]">IRQ061_Handler</a> from startup_hc32f46x.o(.text) referenced from startup_hc32f46x.o(RESET)
 <LI><a href="#[4e]">IRQ062_Handler</a> from startup_hc32f46x.o(.text) referenced from startup_hc32f46x.o(RESET)
 <LI><a href="#[4f]">IRQ063_Handler</a> from startup_hc32f46x.o(.text) referenced from startup_hc32f46x.o(RESET)
 <LI><a href="#[50]">IRQ064_Handler</a> from startup_hc32f46x.o(.text) referenced from startup_hc32f46x.o(RESET)
 <LI><a href="#[51]">IRQ065_Handler</a> from startup_hc32f46x.o(.text) referenced from startup_hc32f46x.o(RESET)
 <LI><a href="#[52]">IRQ066_Handler</a> from startup_hc32f46x.o(.text) referenced from startup_hc32f46x.o(RESET)
 <LI><a href="#[53]">IRQ067_Handler</a> from startup_hc32f46x.o(.text) referenced from startup_hc32f46x.o(RESET)
 <LI><a href="#[54]">IRQ068_Handler</a> from startup_hc32f46x.o(.text) referenced from startup_hc32f46x.o(RESET)
 <LI><a href="#[55]">IRQ069_Handler</a> from startup_hc32f46x.o(.text) referenced from startup_hc32f46x.o(RESET)
 <LI><a href="#[56]">IRQ070_Handler</a> from startup_hc32f46x.o(.text) referenced from startup_hc32f46x.o(RESET)
 <LI><a href="#[57]">IRQ071_Handler</a> from startup_hc32f46x.o(.text) referenced from startup_hc32f46x.o(RESET)
 <LI><a href="#[58]">IRQ072_Handler</a> from startup_hc32f46x.o(.text) referenced from startup_hc32f46x.o(RESET)
 <LI><a href="#[59]">IRQ073_Handler</a> from startup_hc32f46x.o(.text) referenced from startup_hc32f46x.o(RESET)
 <LI><a href="#[5a]">IRQ074_Handler</a> from startup_hc32f46x.o(.text) referenced from startup_hc32f46x.o(RESET)
 <LI><a href="#[5b]">IRQ075_Handler</a> from startup_hc32f46x.o(.text) referenced from startup_hc32f46x.o(RESET)
 <LI><a href="#[5c]">IRQ076_Handler</a> from startup_hc32f46x.o(.text) referenced from startup_hc32f46x.o(RESET)
 <LI><a href="#[5d]">IRQ077_Handler</a> from startup_hc32f46x.o(.text) referenced from startup_hc32f46x.o(RESET)
 <LI><a href="#[5e]">IRQ078_Handler</a> from startup_hc32f46x.o(.text) referenced from startup_hc32f46x.o(RESET)
 <LI><a href="#[5f]">IRQ079_Handler</a> from startup_hc32f46x.o(.text) referenced from startup_hc32f46x.o(RESET)
 <LI><a href="#[60]">IRQ080_Handler</a> from startup_hc32f46x.o(.text) referenced from startup_hc32f46x.o(RESET)
 <LI><a href="#[61]">IRQ081_Handler</a> from startup_hc32f46x.o(.text) referenced from startup_hc32f46x.o(RESET)
 <LI><a href="#[62]">IRQ082_Handler</a> from startup_hc32f46x.o(.text) referenced from startup_hc32f46x.o(RESET)
 <LI><a href="#[63]">IRQ083_Handler</a> from startup_hc32f46x.o(.text) referenced from startup_hc32f46x.o(RESET)
 <LI><a href="#[64]">IRQ084_Handler</a> from startup_hc32f46x.o(.text) referenced from startup_hc32f46x.o(RESET)
 <LI><a href="#[65]">IRQ085_Handler</a> from startup_hc32f46x.o(.text) referenced from startup_hc32f46x.o(RESET)
 <LI><a href="#[66]">IRQ086_Handler</a> from startup_hc32f46x.o(.text) referenced from startup_hc32f46x.o(RESET)
 <LI><a href="#[67]">IRQ087_Handler</a> from startup_hc32f46x.o(.text) referenced from startup_hc32f46x.o(RESET)
 <LI><a href="#[68]">IRQ088_Handler</a> from startup_hc32f46x.o(.text) referenced from startup_hc32f46x.o(RESET)
 <LI><a href="#[69]">IRQ089_Handler</a> from startup_hc32f46x.o(.text) referenced from startup_hc32f46x.o(RESET)
 <LI><a href="#[6a]">IRQ090_Handler</a> from startup_hc32f46x.o(.text) referenced from startup_hc32f46x.o(RESET)
 <LI><a href="#[6b]">IRQ091_Handler</a> from startup_hc32f46x.o(.text) referenced from startup_hc32f46x.o(RESET)
 <LI><a href="#[6c]">IRQ092_Handler</a> from startup_hc32f46x.o(.text) referenced from startup_hc32f46x.o(RESET)
 <LI><a href="#[6d]">IRQ093_Handler</a> from startup_hc32f46x.o(.text) referenced from startup_hc32f46x.o(RESET)
 <LI><a href="#[6e]">IRQ094_Handler</a> from startup_hc32f46x.o(.text) referenced from startup_hc32f46x.o(RESET)
 <LI><a href="#[6f]">IRQ095_Handler</a> from startup_hc32f46x.o(.text) referenced from startup_hc32f46x.o(RESET)
 <LI><a href="#[70]">IRQ096_Handler</a> from startup_hc32f46x.o(.text) referenced from startup_hc32f46x.o(RESET)
 <LI><a href="#[71]">IRQ097_Handler</a> from startup_hc32f46x.o(.text) referenced from startup_hc32f46x.o(RESET)
 <LI><a href="#[72]">IRQ098_Handler</a> from startup_hc32f46x.o(.text) referenced from startup_hc32f46x.o(RESET)
 <LI><a href="#[73]">IRQ099_Handler</a> from startup_hc32f46x.o(.text) referenced from startup_hc32f46x.o(RESET)
 <LI><a href="#[74]">IRQ100_Handler</a> from startup_hc32f46x.o(.text) referenced from startup_hc32f46x.o(RESET)
 <LI><a href="#[75]">IRQ101_Handler</a> from startup_hc32f46x.o(.text) referenced from startup_hc32f46x.o(RESET)
 <LI><a href="#[76]">IRQ102_Handler</a> from startup_hc32f46x.o(.text) referenced from startup_hc32f46x.o(RESET)
 <LI><a href="#[77]">IRQ103_Handler</a> from startup_hc32f46x.o(.text) referenced from startup_hc32f46x.o(RESET)
 <LI><a href="#[78]">IRQ104_Handler</a> from startup_hc32f46x.o(.text) referenced from startup_hc32f46x.o(RESET)
 <LI><a href="#[79]">IRQ105_Handler</a> from startup_hc32f46x.o(.text) referenced from startup_hc32f46x.o(RESET)
 <LI><a href="#[7a]">IRQ106_Handler</a> from startup_hc32f46x.o(.text) referenced from startup_hc32f46x.o(RESET)
 <LI><a href="#[7b]">IRQ107_Handler</a> from startup_hc32f46x.o(.text) referenced from startup_hc32f46x.o(RESET)
 <LI><a href="#[7c]">IRQ108_Handler</a> from startup_hc32f46x.o(.text) referenced from startup_hc32f46x.o(RESET)
 <LI><a href="#[7d]">IRQ109_Handler</a> from startup_hc32f46x.o(.text) referenced from startup_hc32f46x.o(RESET)
 <LI><a href="#[7e]">IRQ110_Handler</a> from startup_hc32f46x.o(.text) referenced from startup_hc32f46x.o(RESET)
 <LI><a href="#[7f]">IRQ111_Handler</a> from startup_hc32f46x.o(.text) referenced from startup_hc32f46x.o(RESET)
 <LI><a href="#[80]">IRQ112_Handler</a> from startup_hc32f46x.o(.text) referenced from startup_hc32f46x.o(RESET)
 <LI><a href="#[81]">IRQ113_Handler</a> from startup_hc32f46x.o(.text) referenced from startup_hc32f46x.o(RESET)
 <LI><a href="#[82]">IRQ114_Handler</a> from startup_hc32f46x.o(.text) referenced from startup_hc32f46x.o(RESET)
 <LI><a href="#[83]">IRQ115_Handler</a> from startup_hc32f46x.o(.text) referenced from startup_hc32f46x.o(RESET)
 <LI><a href="#[84]">IRQ116_Handler</a> from startup_hc32f46x.o(.text) referenced from startup_hc32f46x.o(RESET)
 <LI><a href="#[85]">IRQ117_Handler</a> from startup_hc32f46x.o(.text) referenced from startup_hc32f46x.o(RESET)
 <LI><a href="#[86]">IRQ118_Handler</a> from startup_hc32f46x.o(.text) referenced from startup_hc32f46x.o(RESET)
 <LI><a href="#[87]">IRQ119_Handler</a> from startup_hc32f46x.o(.text) referenced from startup_hc32f46x.o(RESET)
 <LI><a href="#[88]">IRQ120_Handler</a> from startup_hc32f46x.o(.text) referenced from startup_hc32f46x.o(RESET)
 <LI><a href="#[89]">IRQ121_Handler</a> from startup_hc32f46x.o(.text) referenced from startup_hc32f46x.o(RESET)
 <LI><a href="#[8a]">IRQ122_Handler</a> from startup_hc32f46x.o(.text) referenced from startup_hc32f46x.o(RESET)
 <LI><a href="#[8b]">IRQ123_Handler</a> from startup_hc32f46x.o(.text) referenced from startup_hc32f46x.o(RESET)
 <LI><a href="#[8c]">IRQ124_Handler</a> from startup_hc32f46x.o(.text) referenced from startup_hc32f46x.o(RESET)
 <LI><a href="#[8d]">IRQ125_Handler</a> from startup_hc32f46x.o(.text) referenced from startup_hc32f46x.o(RESET)
 <LI><a href="#[8e]">IRQ126_Handler</a> from startup_hc32f46x.o(.text) referenced from startup_hc32f46x.o(RESET)
 <LI><a href="#[8f]">IRQ127_Handler</a> from startup_hc32f46x.o(.text) referenced from startup_hc32f46x.o(RESET)
 <LI><a href="#[90]">IRQ128_Handler</a> from startup_hc32f46x.o(.text) referenced from startup_hc32f46x.o(RESET)
 <LI><a href="#[91]">IRQ129_Handler</a> from startup_hc32f46x.o(.text) referenced from startup_hc32f46x.o(RESET)
 <LI><a href="#[92]">IRQ130_Handler</a> from startup_hc32f46x.o(.text) referenced from startup_hc32f46x.o(RESET)
 <LI><a href="#[93]">IRQ131_Handler</a> from startup_hc32f46x.o(.text) referenced from startup_hc32f46x.o(RESET)
 <LI><a href="#[94]">IRQ132_Handler</a> from startup_hc32f46x.o(.text) referenced from startup_hc32f46x.o(RESET)
 <LI><a href="#[95]">IRQ133_Handler</a> from startup_hc32f46x.o(.text) referenced from startup_hc32f46x.o(RESET)
 <LI><a href="#[96]">IRQ134_Handler</a> from startup_hc32f46x.o(.text) referenced from startup_hc32f46x.o(RESET)
 <LI><a href="#[97]">IRQ135_Handler</a> from startup_hc32f46x.o(.text) referenced from startup_hc32f46x.o(RESET)
 <LI><a href="#[98]">IRQ136_Handler</a> from startup_hc32f46x.o(.text) referenced from startup_hc32f46x.o(RESET)
 <LI><a href="#[99]">IRQ137_Handler</a> from startup_hc32f46x.o(.text) referenced from startup_hc32f46x.o(RESET)
 <LI><a href="#[9a]">IRQ138_Handler</a> from startup_hc32f46x.o(.text) referenced from startup_hc32f46x.o(RESET)
 <LI><a href="#[9b]">IRQ139_Handler</a> from startup_hc32f46x.o(.text) referenced from startup_hc32f46x.o(RESET)
 <LI><a href="#[9c]">IRQ140_Handler</a> from startup_hc32f46x.o(.text) referenced from startup_hc32f46x.o(RESET)
 <LI><a href="#[9d]">IRQ141_Handler</a> from startup_hc32f46x.o(.text) referenced from startup_hc32f46x.o(RESET)
 <LI><a href="#[9e]">IRQ142_Handler</a> from startup_hc32f46x.o(.text) referenced from startup_hc32f46x.o(RESET)
 <LI><a href="#[9f]">IRQ143_Handler</a> from startup_hc32f46x.o(.text) referenced from startup_hc32f46x.o(RESET)
 <LI><a href="#[c8]">LaserCom_ComInit</a> from lasercom_task.o(i.LaserCom_ComInit) referenced from lasercom_task.o(.constdata)
 <LI><a href="#[c9]">LaserCom_ComRead</a> from lasercom_task.o(i.LaserCom_ComRead) referenced from lasercom_task.o(.constdata)
 <LI><a href="#[ca]">LaserCom_ComWrite</a> from lasercom_task.o(i.LaserCom_ComWrite) referenced from lasercom_task.o(.constdata)
 <LI><a href="#[cc]">LaserCom_GpioPowerOff</a> from gpio.o(i.LaserCom_GpioPowerOff) referenced from lasercom_task.o(.constdata)
 <LI><a href="#[cb]">LaserCom_GpioPowerOn</a> from gpio.o(i.LaserCom_GpioPowerOn) referenced from lasercom_task.o(.constdata)
 <LI><a href="#[b0]">LteCom_GpioPowerOff</a> from gpio.o(i.LteCom_GpioPowerOff) referenced from rescom_task.o(i.ResComTask_Init)
 <LI><a href="#[af]">LteCom_GpioPowerOn</a> from gpio.o(i.LteCom_GpioPowerOn) referenced from rescom_task.o(i.ResComTask_Init)
 <LI><a href="#[9]">MemManage_Handler</a> from startup_hc32f46x.o(.text) referenced from startup_hc32f46x.o(RESET)
 <LI><a href="#[bc]">Motor_GpioInit</a> from gpio.o(i.Motor_GpioInit) referenced from main_task.o(.constdata)
 <LI><a href="#[be]">Motor_GpioOff</a> from gpio.o(i.Motor_GpioOff) referenced from main_task.o(.constdata)
 <LI><a href="#[bd]">Motor_GpioOn</a> from gpio.o(i.Motor_GpioOn) referenced from main_task.o(.constdata)
 <LI><a href="#[7]">NMI_Handler</a> from startup_hc32f46x.o(.text) referenced from startup_hc32f46x.o(RESET)
 <LI><a href="#[e]">PendSV_Handler</a> from startup_hc32f46x.o(.text) referenced from startup_hc32f46x.o(RESET)
 <LI><a href="#[b4]">RLed_GpioInit</a> from gpio.o(i.RLed_GpioInit) referenced from main_task.o(i.StaLed_Init)
 <LI><a href="#[b6]">RLed_Off</a> from gpio.o(i.RLed_Off) referenced from main_task.o(i.StaLed_Init)
 <LI><a href="#[b5]">RLed_On</a> from gpio.o(i.RLed_On) referenced from main_task.o(i.StaLed_Init)
 <LI><a href="#[ac]">ResCom_ComInit</a> from rescom_task.o(i.ResCom_ComInit) referenced from rescom_task.o(i.ResComTask_Init)
 <LI><a href="#[ad]">ResCom_ComRead</a> from rescom_task.o(i.ResCom_ComRead) referenced from rescom_task.o(i.ResComTask_Init)
 <LI><a href="#[ae]">ResCom_ComWrite</a> from rescom_task.o(i.ResCom_ComWrite) referenced from rescom_task.o(i.ResComTask_Init)
 <LI><a href="#[6]">Reset_Handler</a> from startup_hc32f46x.o(.text) referenced from startup_hc32f46x.o(RESET)
 <LI><a href="#[b1]">RunLed_GpioInit</a> from gpio.o(i.RunLed_GpioInit) referenced from main_task.o(i.RunLed_Init)
 <LI><a href="#[b3]">RunLed_Off</a> from gpio.o(i.RunLed_Off) referenced from main_task.o(i.RunLed_Init)
 <LI><a href="#[b2]">RunLed_On</a> from gpio.o(i.RunLed_On) referenced from main_task.o(i.RunLed_Init)
 <LI><a href="#[d3]">SPI2_ReadWriteByte</a> from spi.o(i.SPI2_ReadWriteByte) referenced from extflash.o(.constdata)
 <LI><a href="#[c]">SVC_Handler</a> from startup_hc32f46x.o(.text) referenced from startup_hc32f46x.o(RESET)
 <LI><a href="#[f]">SysTick_Handler</a> from startup_hc32f46x.o(.text) referenced from startup_hc32f46x.o(RESET)
 <LI><a href="#[a0]">SystemInit</a> from system_hc32f46x.o(i.SystemInit) referenced from startup_hc32f46x.o(.text)
 <LI><a href="#[d4]">TIM4_Unit2_Sleep_Us</a> from wtn6.o(i.TIM4_Unit2_Sleep_Us) referenced from wtn6.o(.constdata)
 <LI><a href="#[b]">UsageFault_Handler</a> from startup_hc32f46x.o(.text) referenced from startup_hc32f46x.o(RESET)
 <LI><a href="#[d2]">W25QXX_CS_RESET</a> from gpio.o(i.W25QXX_CS_RESET) referenced from extflash.o(.constdata)
 <LI><a href="#[d1]">W25QXX_CS_SET</a> from gpio.o(i.W25QXX_CS_SET) referenced from extflash.o(.constdata)
 <LI><a href="#[d0]">W25QXX_HardWareInit</a> from extflash.o(i.W25QXX_HardWareInit) referenced from extflash.o(.constdata)
 <LI><a href="#[d8]">Wtn6_1_GpioDataReset</a> from gpio.o(i.Wtn6_1_GpioDataReset) referenced from wtn6.o(.constdata)
 <LI><a href="#[d7]">Wtn6_1_GpioDataSet</a> from gpio.o(i.Wtn6_1_GpioDataSet) referenced from wtn6.o(.constdata)
 <LI><a href="#[d6]">Wtn6_1_HardWareInit</a> from wtn6.o(i.Wtn6_1_HardWareInit) referenced from wtn6.o(.constdata)
 <LI><a href="#[d9]">Wtn6_1_IsGpioBusySet</a> from gpio.o(i.Wtn6_1_IsGpioBusySet) referenced from wtn6.o(.constdata)
 <LI><a href="#[d5]">Wtn6_StepProcess</a> from wtn6.o(i.Wtn6_StepProcess) referenced from wtn6.o(.constdata)
 <LI><a href="#[c3]">ZigCom_ComInit</a> from zigcom_task.o(i.ZigCom_ComInit) referenced from zigcom_task.o(.constdata)
 <LI><a href="#[c4]">ZigCom_ComRead</a> from zigcom_task.o(i.ZigCom_ComRead) referenced from zigcom_task.o(.constdata)
 <LI><a href="#[c5]">ZigCom_ComWrite</a> from zigcom_task.o(i.ZigCom_ComWrite) referenced from zigcom_task.o(.constdata)
 <LI><a href="#[b7]">ZigRetSend</a> from zigcom_task.o(i.ZigRetSend) referenced from zigcom_task.o(i.ZigCom_Analysis)
 <LI><a href="#[c7]">Zigbee_GpioResetOff</a> from gpio.o(i.Zigbee_GpioResetOff) referenced from zigcom_task.o(.constdata)
 <LI><a href="#[c6]">Zigbee_GpioResetOn</a> from gpio.o(i.Zigbee_GpioResetOn) referenced from zigcom_task.o(.constdata)
 <LI><a href="#[da]">__main</a> from __main.o(!!!main) referenced from startup_hc32f46x.o(.text)
 <LI><a href="#[a5]">_get_lc_ctype</a> from lc_ctype_c.o(locale$$code) referenced from rt_ctype_table.o(.text)
 <LI><a href="#[a6]">_printf_input_char</a> from _printf_char_common.o(.text) referenced from _printf_char_common.o(.text)
 <LI><a href="#[a4]">_sbackspace</a> from _sgetc.o(.text) referenced from __0sscanf.o(.text)
 <LI><a href="#[a7]">_scanf_char_input</a> from scanf_char.o(.text) referenced from scanf_char.o(.text)
 <LI><a href="#[a3]">_sgetc</a> from _sgetc.o(.text) referenced from __0sscanf.o(.text)
 <LI><a href="#[a2]">_sputc</a> from _sputc.o(.text) referenced from __2sprintf.o(.text)
 <LI><a href="#[a8]">isspace</a> from isspace.o(.text) referenced from scanf_char.o(.text)
 <LI><a href="#[4]">my_mem_init</a> from malloc.o(i.my_mem_init) referenced 2 times from malloc.o(.data)
 <LI><a href="#[5]">my_mem_perused</a> from malloc.o(i.my_mem_perused) referenced 2 times from malloc.o(.data)
</UL>
<P>
<H3>
Global Symbols
</H3>
<P><STRONG><a name="[da]"></a>__main</STRONG> (Thumb, 8 bytes, Stack size 0 bytes, __main.o(!!!main))
<BR><BR>[Calls]<UL><LI><a href="#[db]">&gt;&gt;</a>&nbsp;&nbsp;&nbsp;__scatterload
<LI><a href="#[dc]">&gt;&gt;</a>&nbsp;&nbsp;&nbsp;__rt_entry
</UL>

<P><STRONG><a name="[db]"></a>__scatterload</STRONG> (Thumb, 0 bytes, Stack size unknown bytes, __scatter.o(!!!scatter))
<BR><BR>[Called By]<UL><LI><a href="#[da]">&gt;&gt;</a>&nbsp;&nbsp;&nbsp;__main
</UL>

<P><STRONG><a name="[dd]"></a>__scatterload_rt2</STRONG> (Thumb, 44 bytes, Stack size unknown bytes, __scatter.o(!!!scatter), UNUSED)
<BR><BR>[Calls]<UL><LI><a href="#[dc]">&gt;&gt;</a>&nbsp;&nbsp;&nbsp;__rt_entry
</UL>

<P><STRONG><a name="[494]"></a>__scatterload_rt2_thumb_only</STRONG> (Thumb, 0 bytes, Stack size unknown bytes, __scatter.o(!!!scatter), UNUSED)

<P><STRONG><a name="[495]"></a>__scatterload_null</STRONG> (Thumb, 0 bytes, Stack size unknown bytes, __scatter.o(!!!scatter), UNUSED)

<P><STRONG><a name="[496]"></a>__decompress</STRONG> (Thumb, 90 bytes, Stack size unknown bytes, __dczerorl2.o(!!dczerorl2), UNUSED)

<P><STRONG><a name="[497]"></a>__decompress1</STRONG> (Thumb, 0 bytes, Stack size unknown bytes, __dczerorl2.o(!!dczerorl2), UNUSED)

<P><STRONG><a name="[498]"></a>__scatterload_zeroinit</STRONG> (Thumb, 28 bytes, Stack size unknown bytes, __scatter_zi.o(!!handler_zi), UNUSED)

<P><STRONG><a name="[de]"></a>_printf_f</STRONG> (Thumb, 0 bytes, Stack size unknown bytes, _printf_f.o(.ARM.Collect$$_printf_percent$$00000003))
<BR><BR>[Stack]<UL><LI>Max Depth = 324 + Unknown Stack Size
<LI>Call Chain = _printf_f &rArr; _printf_fp_dec &rArr; _printf_fp_dec_real &rArr; _fp_digits &rArr; _btod_etento &rArr; _btod_emul &rArr; _e2e
</UL>
<BR>[Calls]<UL><LI><a href="#[df]">&gt;&gt;</a>&nbsp;&nbsp;&nbsp;_printf_fp_dec
</UL>

<P><STRONG><a name="[100]"></a>_printf_percent</STRONG> (Thumb, 0 bytes, Stack size unknown bytes, _printf_percent.o(.ARM.Collect$$_printf_percent$$00000000))
<BR><BR>[Called By]<UL><LI><a href="#[fe]">&gt;&gt;</a>&nbsp;&nbsp;&nbsp;__printf
</UL>

<P><STRONG><a name="[e0]"></a>_printf_d</STRONG> (Thumb, 0 bytes, Stack size unknown bytes, _printf_d.o(.ARM.Collect$$_printf_percent$$00000009))
<BR><BR>[Stack]<UL><LI>Max Depth = 72 + Unknown Stack Size
<LI>Call Chain = _printf_d &rArr; _printf_int_dec &rArr; _printf_int_common &rArr; _printf_post_padding
</UL>
<BR>[Calls]<UL><LI><a href="#[e1]">&gt;&gt;</a>&nbsp;&nbsp;&nbsp;_printf_int_dec
</UL>

<P><STRONG><a name="[e2]"></a>_printf_x</STRONG> (Thumb, 0 bytes, Stack size unknown bytes, _printf_x.o(.ARM.Collect$$_printf_percent$$0000000C))
<BR><BR>[Stack]<UL><LI>Max Depth = 80 + Unknown Stack Size
<LI>Call Chain = _printf_x &rArr; _printf_int_hex &rArr; _printf_longlong_hex &rArr; _printf_int_common &rArr; _printf_post_padding
</UL>
<BR>[Calls]<UL><LI><a href="#[e3]">&gt;&gt;</a>&nbsp;&nbsp;&nbsp;_printf_int_hex
</UL>

<P><STRONG><a name="[499]"></a>_printf_percent_end</STRONG> (Thumb, 0 bytes, Stack size unknown bytes, _printf_percent_end.o(.ARM.Collect$$_printf_percent$$00000017))

<P><STRONG><a name="[f0]"></a>__rt_lib_init</STRONG> (Thumb, 0 bytes, Stack size unknown bytes, libinit.o(.ARM.Collect$$libinit$$00000000))
<BR><BR>[Called By]<UL><LI><a href="#[ef]">&gt;&gt;</a>&nbsp;&nbsp;&nbsp;__rt_entry_li
</UL>

<P><STRONG><a name="[e4]"></a>__rt_lib_init_fp_1</STRONG> (Thumb, 0 bytes, Stack size unknown bytes, libinit2.o(.ARM.Collect$$libinit$$00000001))
<BR><BR>[Calls]<UL><LI><a href="#[e5]">&gt;&gt;</a>&nbsp;&nbsp;&nbsp;_fp_init
</UL>

<P><STRONG><a name="[49a]"></a>__rt_lib_init_heap_1</STRONG> (Thumb, 0 bytes, Stack size unknown bytes, libinit2.o(.ARM.Collect$$libinit$$0000000A))

<P><STRONG><a name="[49b]"></a>__rt_lib_init_preinit_1</STRONG> (Thumb, 0 bytes, Stack size unknown bytes, libinit2.o(.ARM.Collect$$libinit$$00000004))

<P><STRONG><a name="[e6]"></a>__rt_lib_init_rand_2</STRONG> (Thumb, 0 bytes, Stack size unknown bytes, libinit2.o(.ARM.Collect$$libinit$$0000000D))
<BR><BR>[Stack]<UL><LI>Max Depth = 8 + Unknown Stack Size
<LI>Call Chain = __rt_lib_init_rand_2 &rArr; _rand_init &rArr; srand
</UL>
<BR>[Calls]<UL><LI><a href="#[e7]">&gt;&gt;</a>&nbsp;&nbsp;&nbsp;_rand_init
</UL>

<P><STRONG><a name="[49c]"></a>__rt_lib_init_user_alloc_1</STRONG> (Thumb, 0 bytes, Stack size unknown bytes, libinit2.o(.ARM.Collect$$libinit$$0000000C))

<P><STRONG><a name="[e8]"></a>__rt_lib_init_lc_common</STRONG> (Thumb, 0 bytes, Stack size unknown bytes, libinit2.o(.ARM.Collect$$libinit$$0000000F))
<BR><BR>[Calls]<UL><LI><a href="#[e9]">&gt;&gt;</a>&nbsp;&nbsp;&nbsp;__rt_locale
</UL>

<P><STRONG><a name="[49d]"></a>__rt_lib_init_rand_1</STRONG> (Thumb, 0 bytes, Stack size unknown bytes, libinit2.o(.ARM.Collect$$libinit$$0000000E))

<P><STRONG><a name="[49e]"></a>__rt_lib_init_lc_collate_1</STRONG> (Thumb, 0 bytes, Stack size unknown bytes, libinit2.o(.ARM.Collect$$libinit$$00000011))

<P><STRONG><a name="[ea]"></a>__rt_lib_init_lc_ctype_2</STRONG> (Thumb, 0 bytes, Stack size unknown bytes, libinit2.o(.ARM.Collect$$libinit$$00000012))
<BR><BR>[Stack]<UL><LI>Max Depth = 8 + Unknown Stack Size
<LI>Call Chain = __rt_lib_init_lc_ctype_2 &rArr; _get_lc_ctype
</UL>
<BR>[Calls]<UL><LI><a href="#[a5]">&gt;&gt;</a>&nbsp;&nbsp;&nbsp;_get_lc_ctype
</UL>

<P><STRONG><a name="[49f]"></a>__rt_lib_init_lc_ctype_1</STRONG> (Thumb, 0 bytes, Stack size unknown bytes, libinit2.o(.ARM.Collect$$libinit$$00000013))

<P><STRONG><a name="[4a0]"></a>__rt_lib_init_lc_monetary_1</STRONG> (Thumb, 0 bytes, Stack size unknown bytes, libinit2.o(.ARM.Collect$$libinit$$00000015))

<P><STRONG><a name="[eb]"></a>__rt_lib_init_lc_numeric_2</STRONG> (Thumb, 0 bytes, Stack size unknown bytes, libinit2.o(.ARM.Collect$$libinit$$00000016))
<BR><BR>[Stack]<UL><LI>Max Depth = 8 + Unknown Stack Size
<LI>Call Chain = __rt_lib_init_lc_numeric_2 &rArr; _get_lc_numeric
</UL>
<BR>[Calls]<UL><LI><a href="#[ec]">&gt;&gt;</a>&nbsp;&nbsp;&nbsp;_get_lc_numeric
</UL>

<P><STRONG><a name="[4a1]"></a>__rt_lib_init_alloca_1</STRONG> (Thumb, 0 bytes, Stack size unknown bytes, libinit2.o(.ARM.Collect$$libinit$$0000002E))

<P><STRONG><a name="[4a2]"></a>__rt_lib_init_argv_1</STRONG> (Thumb, 0 bytes, Stack size unknown bytes, libinit2.o(.ARM.Collect$$libinit$$0000002C))

<P><STRONG><a name="[4a3]"></a>__rt_lib_init_atexit_1</STRONG> (Thumb, 0 bytes, Stack size unknown bytes, libinit2.o(.ARM.Collect$$libinit$$0000001B))

<P><STRONG><a name="[4a4]"></a>__rt_lib_init_clock_1</STRONG> (Thumb, 0 bytes, Stack size unknown bytes, libinit2.o(.ARM.Collect$$libinit$$00000021))

<P><STRONG><a name="[4a5]"></a>__rt_lib_init_cpp_1</STRONG> (Thumb, 0 bytes, Stack size unknown bytes, libinit2.o(.ARM.Collect$$libinit$$00000032))

<P><STRONG><a name="[4a6]"></a>__rt_lib_init_exceptions_1</STRONG> (Thumb, 0 bytes, Stack size unknown bytes, libinit2.o(.ARM.Collect$$libinit$$00000030))

<P><STRONG><a name="[4a7]"></a>__rt_lib_init_fp_trap_1</STRONG> (Thumb, 0 bytes, Stack size unknown bytes, libinit2.o(.ARM.Collect$$libinit$$0000001F))

<P><STRONG><a name="[4a8]"></a>__rt_lib_init_getenv_1</STRONG> (Thumb, 0 bytes, Stack size unknown bytes, libinit2.o(.ARM.Collect$$libinit$$00000023))

<P><STRONG><a name="[4a9]"></a>__rt_lib_init_lc_numeric_1</STRONG> (Thumb, 0 bytes, Stack size unknown bytes, libinit2.o(.ARM.Collect$$libinit$$00000017))

<P><STRONG><a name="[4aa]"></a>__rt_lib_init_lc_time_1</STRONG> (Thumb, 0 bytes, Stack size unknown bytes, libinit2.o(.ARM.Collect$$libinit$$00000019))

<P><STRONG><a name="[4ab]"></a>__rt_lib_init_return</STRONG> (Thumb, 0 bytes, Stack size unknown bytes, libinit2.o(.ARM.Collect$$libinit$$00000033))

<P><STRONG><a name="[4ac]"></a>__rt_lib_init_signal_1</STRONG> (Thumb, 0 bytes, Stack size unknown bytes, libinit2.o(.ARM.Collect$$libinit$$0000001D))

<P><STRONG><a name="[4ad]"></a>__rt_lib_init_stdio_1</STRONG> (Thumb, 0 bytes, Stack size unknown bytes, libinit2.o(.ARM.Collect$$libinit$$00000025))

<P><STRONG><a name="[f5]"></a>__rt_lib_shutdown</STRONG> (Thumb, 0 bytes, Stack size unknown bytes, libshutdown.o(.ARM.Collect$$libshutdown$$00000000))
<BR><BR>[Called By]<UL><LI><a href="#[f4]">&gt;&gt;</a>&nbsp;&nbsp;&nbsp;__rt_exit_ls
</UL>

<P><STRONG><a name="[4ae]"></a>__rt_lib_shutdown_cpp_1</STRONG> (Thumb, 0 bytes, Stack size unknown bytes, libshutdown2.o(.ARM.Collect$$libshutdown$$00000004))

<P><STRONG><a name="[4af]"></a>__rt_lib_shutdown_fini_1</STRONG> (Thumb, 0 bytes, Stack size unknown bytes, libshutdown2.o(.ARM.Collect$$libshutdown$$00000002))

<P><STRONG><a name="[4b0]"></a>__rt_lib_shutdown_fp_trap_1</STRONG> (Thumb, 0 bytes, Stack size unknown bytes, libshutdown2.o(.ARM.Collect$$libshutdown$$00000009))

<P><STRONG><a name="[4b1]"></a>__rt_lib_shutdown_heap_1</STRONG> (Thumb, 0 bytes, Stack size unknown bytes, libshutdown2.o(.ARM.Collect$$libshutdown$$00000011))

<P><STRONG><a name="[4b2]"></a>__rt_lib_shutdown_return</STRONG> (Thumb, 0 bytes, Stack size unknown bytes, libshutdown2.o(.ARM.Collect$$libshutdown$$00000012))

<P><STRONG><a name="[4b3]"></a>__rt_lib_shutdown_signal_1</STRONG> (Thumb, 0 bytes, Stack size unknown bytes, libshutdown2.o(.ARM.Collect$$libshutdown$$0000000C))

<P><STRONG><a name="[4b4]"></a>__rt_lib_shutdown_stdio_1</STRONG> (Thumb, 0 bytes, Stack size unknown bytes, libshutdown2.o(.ARM.Collect$$libshutdown$$00000006))

<P><STRONG><a name="[4b5]"></a>__rt_lib_shutdown_user_alloc_1</STRONG> (Thumb, 0 bytes, Stack size unknown bytes, libshutdown2.o(.ARM.Collect$$libshutdown$$0000000E))

<P><STRONG><a name="[dc]"></a>__rt_entry</STRONG> (Thumb, 0 bytes, Stack size unknown bytes, __rtentry.o(.ARM.Collect$$rtentry$$00000000))
<BR><BR>[Called By]<UL><LI><a href="#[dd]">&gt;&gt;</a>&nbsp;&nbsp;&nbsp;__scatterload_rt2
<LI><a href="#[da]">&gt;&gt;</a>&nbsp;&nbsp;&nbsp;__main
</UL>

<P><STRONG><a name="[4b6]"></a>__rt_entry_presh_1</STRONG> (Thumb, 0 bytes, Stack size unknown bytes, __rtentry2.o(.ARM.Collect$$rtentry$$00000002))

<P><STRONG><a name="[ed]"></a>__rt_entry_sh</STRONG> (Thumb, 0 bytes, Stack size unknown bytes, __rtentry4.o(.ARM.Collect$$rtentry$$00000004))
<BR><BR>[Stack]<UL><LI>Max Depth = 8 + Unknown Stack Size
<LI>Call Chain = __rt_entry_sh &rArr; __user_setup_stackheap
</UL>
<BR>[Calls]<UL><LI><a href="#[ee]">&gt;&gt;</a>&nbsp;&nbsp;&nbsp;__user_setup_stackheap
</UL>

<P><STRONG><a name="[ef]"></a>__rt_entry_li</STRONG> (Thumb, 0 bytes, Stack size unknown bytes, __rtentry2.o(.ARM.Collect$$rtentry$$0000000A))
<BR><BR>[Calls]<UL><LI><a href="#[f0]">&gt;&gt;</a>&nbsp;&nbsp;&nbsp;__rt_lib_init
</UL>

<P><STRONG><a name="[4b7]"></a>__rt_entry_postsh_1</STRONG> (Thumb, 0 bytes, Stack size unknown bytes, __rtentry2.o(.ARM.Collect$$rtentry$$00000009))

<P><STRONG><a name="[f1]"></a>__rt_entry_main</STRONG> (Thumb, 0 bytes, Stack size unknown bytes, __rtentry2.o(.ARM.Collect$$rtentry$$0000000D))
<BR><BR>[Stack]<UL><LI>Max Depth = 2056 + Unknown Stack Size
<LI>Call Chain = __rt_entry_main &rArr; main &rArr; UserParam_Init &rArr; DrillStateRecovery &rArr; AssignStateFromBuffer &rArr; DayModeHandle &rArr; InterConn_ProtDeal_SelfStatue &rArr; InterChanSend &rArr; SComTask_SendListAppendDiff &rArr; SComTask_SendListDeleteByFrameId &rArr; SComTask_SendListDelete &rArr; sdram_free &rArr; my_mem_free
</UL>
<BR>[Calls]<UL><LI><a href="#[f2]">&gt;&gt;</a>&nbsp;&nbsp;&nbsp;main
<LI><a href="#[f3]">&gt;&gt;</a>&nbsp;&nbsp;&nbsp;exit
</UL>

<P><STRONG><a name="[4b8]"></a>__rt_entry_postli_1</STRONG> (Thumb, 0 bytes, Stack size unknown bytes, __rtentry2.o(.ARM.Collect$$rtentry$$0000000C))

<P><STRONG><a name="[122]"></a>__rt_exit</STRONG> (Thumb, 0 bytes, Stack size unknown bytes, rtexit.o(.ARM.Collect$$rtexit$$00000000))
<BR><BR>[Called By]<UL><LI><a href="#[f3]">&gt;&gt;</a>&nbsp;&nbsp;&nbsp;exit
</UL>

<P><STRONG><a name="[f4]"></a>__rt_exit_ls</STRONG> (Thumb, 0 bytes, Stack size unknown bytes, rtexit2.o(.ARM.Collect$$rtexit$$00000003))
<BR><BR>[Calls]<UL><LI><a href="#[f5]">&gt;&gt;</a>&nbsp;&nbsp;&nbsp;__rt_lib_shutdown
</UL>

<P><STRONG><a name="[4b9]"></a>__rt_exit_prels_1</STRONG> (Thumb, 0 bytes, Stack size unknown bytes, rtexit2.o(.ARM.Collect$$rtexit$$00000002))

<P><STRONG><a name="[f6]"></a>__rt_exit_exit</STRONG> (Thumb, 0 bytes, Stack size unknown bytes, rtexit2.o(.ARM.Collect$$rtexit$$00000004))
<BR><BR>[Calls]<UL><LI><a href="#[f7]">&gt;&gt;</a>&nbsp;&nbsp;&nbsp;_sys_exit
</UL>

<P><STRONG><a name="[18c]"></a>rand</STRONG> (Thumb, 48 bytes, Stack size 0 bytes, rand.o(.emb_text))
<BR><BR>[Called By]<UL><LI><a href="#[30e]">&gt;&gt;</a>&nbsp;&nbsp;&nbsp;InterConn_ProtDeal_Explosive
<LI><a href="#[30f]">&gt;&gt;</a>&nbsp;&nbsp;&nbsp;InterConn_ProtDeal_Bomb
<LI><a href="#[1a2]">&gt;&gt;</a>&nbsp;&nbsp;&nbsp;GetWorseLevelBlood
<LI><a href="#[197]">&gt;&gt;</a>&nbsp;&nbsp;&nbsp;GetReliefBlood
<LI><a href="#[262]">&gt;&gt;</a>&nbsp;&nbsp;&nbsp;GetInjuryBloodByExplodePart
<LI><a href="#[19b]">&gt;&gt;</a>&nbsp;&nbsp;&nbsp;BSN_Judge_SlightHandle
<LI><a href="#[19a]">&gt;&gt;</a>&nbsp;&nbsp;&nbsp;BSN_Judge_SevereHandle
<LI><a href="#[193]">&gt;&gt;</a>&nbsp;&nbsp;&nbsp;BSN_Judge_NCBHandle
<LI><a href="#[192]">&gt;&gt;</a>&nbsp;&nbsp;&nbsp;BSN_Judge_ModerateHandle
<LI><a href="#[18b]">&gt;&gt;</a>&nbsp;&nbsp;&nbsp;BSN_Judge_CriticalHandle
</UL>

<P><STRONG><a name="[6]"></a>Reset_Handler</STRONG> (Thumb, 48 bytes, Stack size 0 bytes, startup_hc32f46x.o(.text))
<BR>[Address Reference Count : 1]<UL><LI> startup_hc32f46x.o(RESET)
</UL>
<P><STRONG><a name="[7]"></a>NMI_Handler</STRONG> (Thumb, 2 bytes, Stack size 0 bytes, startup_hc32f46x.o(.text))
<BR><BR>[Calls]<UL><LI><a href="#[7]">&gt;&gt;</a>&nbsp;&nbsp;&nbsp;NMI_Handler
</UL>
<BR>[Called By]<UL><LI><a href="#[7]">&gt;&gt;</a>&nbsp;&nbsp;&nbsp;NMI_Handler
</UL>
<BR>[Address Reference Count : 1]<UL><LI> startup_hc32f46x.o(RESET)
</UL>
<P><STRONG><a name="[8]"></a>HardFault_Handler</STRONG> (Thumb, 2 bytes, Stack size 0 bytes, startup_hc32f46x.o(.text))
<BR><BR>[Calls]<UL><LI><a href="#[8]">&gt;&gt;</a>&nbsp;&nbsp;&nbsp;HardFault_Handler
</UL>
<BR>[Called By]<UL><LI><a href="#[8]">&gt;&gt;</a>&nbsp;&nbsp;&nbsp;HardFault_Handler
</UL>
<BR>[Address Reference Count : 1]<UL><LI> startup_hc32f46x.o(RESET)
</UL>
<P><STRONG><a name="[9]"></a>MemManage_Handler</STRONG> (Thumb, 2 bytes, Stack size 0 bytes, startup_hc32f46x.o(.text))
<BR><BR>[Calls]<UL><LI><a href="#[9]">&gt;&gt;</a>&nbsp;&nbsp;&nbsp;MemManage_Handler
</UL>
<BR>[Called By]<UL><LI><a href="#[9]">&gt;&gt;</a>&nbsp;&nbsp;&nbsp;MemManage_Handler
</UL>
<BR>[Address Reference Count : 1]<UL><LI> startup_hc32f46x.o(RESET)
</UL>
<P><STRONG><a name="[a]"></a>BusFault_Handler</STRONG> (Thumb, 2 bytes, Stack size 0 bytes, startup_hc32f46x.o(.text))
<BR><BR>[Calls]<UL><LI><a href="#[a]">&gt;&gt;</a>&nbsp;&nbsp;&nbsp;BusFault_Handler
</UL>
<BR>[Called By]<UL><LI><a href="#[a]">&gt;&gt;</a>&nbsp;&nbsp;&nbsp;BusFault_Handler
</UL>
<BR>[Address Reference Count : 1]<UL><LI> startup_hc32f46x.o(RESET)
</UL>
<P><STRONG><a name="[b]"></a>UsageFault_Handler</STRONG> (Thumb, 2 bytes, Stack size 0 bytes, startup_hc32f46x.o(.text))
<BR><BR>[Calls]<UL><LI><a href="#[b]">&gt;&gt;</a>&nbsp;&nbsp;&nbsp;UsageFault_Handler
</UL>
<BR>[Called By]<UL><LI><a href="#[b]">&gt;&gt;</a>&nbsp;&nbsp;&nbsp;UsageFault_Handler
</UL>
<BR>[Address Reference Count : 1]<UL><LI> startup_hc32f46x.o(RESET)
</UL>
<P><STRONG><a name="[c]"></a>SVC_Handler</STRONG> (Thumb, 2 bytes, Stack size 0 bytes, startup_hc32f46x.o(.text))
<BR><BR>[Calls]<UL><LI><a href="#[c]">&gt;&gt;</a>&nbsp;&nbsp;&nbsp;SVC_Handler
</UL>
<BR>[Called By]<UL><LI><a href="#[c]">&gt;&gt;</a>&nbsp;&nbsp;&nbsp;SVC_Handler
</UL>
<BR>[Address Reference Count : 1]<UL><LI> startup_hc32f46x.o(RESET)
</UL>
<P><STRONG><a name="[d]"></a>DebugMon_Handler</STRONG> (Thumb, 2 bytes, Stack size 0 bytes, startup_hc32f46x.o(.text))
<BR><BR>[Calls]<UL><LI><a href="#[d]">&gt;&gt;</a>&nbsp;&nbsp;&nbsp;DebugMon_Handler
</UL>
<BR>[Called By]<UL><LI><a href="#[d]">&gt;&gt;</a>&nbsp;&nbsp;&nbsp;DebugMon_Handler
</UL>
<BR>[Address Reference Count : 1]<UL><LI> startup_hc32f46x.o(RESET)
</UL>
<P><STRONG><a name="[e]"></a>PendSV_Handler</STRONG> (Thumb, 2 bytes, Stack size 0 bytes, startup_hc32f46x.o(.text))
<BR><BR>[Calls]<UL><LI><a href="#[e]">&gt;&gt;</a>&nbsp;&nbsp;&nbsp;PendSV_Handler
</UL>
<BR>[Called By]<UL><LI><a href="#[e]">&gt;&gt;</a>&nbsp;&nbsp;&nbsp;PendSV_Handler
</UL>
<BR>[Address Reference Count : 1]<UL><LI> startup_hc32f46x.o(RESET)
</UL>
<P><STRONG><a name="[f]"></a>SysTick_Handler</STRONG> (Thumb, 2 bytes, Stack size 0 bytes, startup_hc32f46x.o(.text))
<BR><BR>[Calls]<UL><LI><a href="#[f]">&gt;&gt;</a>&nbsp;&nbsp;&nbsp;SysTick_Handler
</UL>
<BR>[Called By]<UL><LI><a href="#[f]">&gt;&gt;</a>&nbsp;&nbsp;&nbsp;SysTick_Handler
</UL>
<BR>[Address Reference Count : 1]<UL><LI> startup_hc32f46x.o(RESET)
</UL>
<P><STRONG><a name="[2e]"></a>IRQ030_Handler</STRONG> (Thumb, 0 bytes, Stack size 0 bytes, startup_hc32f46x.o(.text))
<BR><BR>[Calls]<UL><LI><a href="#[2e]">&gt;&gt;</a>&nbsp;&nbsp;&nbsp;IRQ030_Handler
</UL>
<BR>[Called By]<UL><LI><a href="#[2e]">&gt;&gt;</a>&nbsp;&nbsp;&nbsp;IRQ030_Handler
</UL>
<BR>[Address Reference Count : 1]<UL><LI> startup_hc32f46x.o(RESET)
</UL>
<P><STRONG><a name="[2f]"></a>IRQ031_Handler</STRONG> (Thumb, 0 bytes, Stack size 0 bytes, startup_hc32f46x.o(.text))
<BR>[Address Reference Count : 1]<UL><LI> startup_hc32f46x.o(RESET)
</UL>
<P><STRONG><a name="[30]"></a>IRQ032_Handler</STRONG> (Thumb, 0 bytes, Stack size 0 bytes, startup_hc32f46x.o(.text))
<BR>[Address Reference Count : 1]<UL><LI> startup_hc32f46x.o(RESET)
</UL>
<P><STRONG><a name="[31]"></a>IRQ033_Handler</STRONG> (Thumb, 0 bytes, Stack size 0 bytes, startup_hc32f46x.o(.text))
<BR>[Address Reference Count : 1]<UL><LI> startup_hc32f46x.o(RESET)
</UL>
<P><STRONG><a name="[32]"></a>IRQ034_Handler</STRONG> (Thumb, 0 bytes, Stack size 0 bytes, startup_hc32f46x.o(.text))
<BR>[Address Reference Count : 1]<UL><LI> startup_hc32f46x.o(RESET)
</UL>
<P><STRONG><a name="[33]"></a>IRQ035_Handler</STRONG> (Thumb, 0 bytes, Stack size 0 bytes, startup_hc32f46x.o(.text))
<BR>[Address Reference Count : 1]<UL><LI> startup_hc32f46x.o(RESET)
</UL>
<P><STRONG><a name="[34]"></a>IRQ036_Handler</STRONG> (Thumb, 0 bytes, Stack size 0 bytes, startup_hc32f46x.o(.text))
<BR>[Address Reference Count : 1]<UL><LI> startup_hc32f46x.o(RESET)
</UL>
<P><STRONG><a name="[35]"></a>IRQ037_Handler</STRONG> (Thumb, 0 bytes, Stack size 0 bytes, startup_hc32f46x.o(.text))
<BR>[Address Reference Count : 1]<UL><LI> startup_hc32f46x.o(RESET)
</UL>
<P><STRONG><a name="[36]"></a>IRQ038_Handler</STRONG> (Thumb, 0 bytes, Stack size 0 bytes, startup_hc32f46x.o(.text))
<BR>[Address Reference Count : 1]<UL><LI> startup_hc32f46x.o(RESET)
</UL>
<P><STRONG><a name="[37]"></a>IRQ039_Handler</STRONG> (Thumb, 0 bytes, Stack size 0 bytes, startup_hc32f46x.o(.text))
<BR>[Address Reference Count : 1]<UL><LI> startup_hc32f46x.o(RESET)
</UL>
<P><STRONG><a name="[38]"></a>IRQ040_Handler</STRONG> (Thumb, 0 bytes, Stack size 0 bytes, startup_hc32f46x.o(.text))
<BR>[Address Reference Count : 1]<UL><LI> startup_hc32f46x.o(RESET)
</UL>
<P><STRONG><a name="[39]"></a>IRQ041_Handler</STRONG> (Thumb, 0 bytes, Stack size 0 bytes, startup_hc32f46x.o(.text))
<BR>[Address Reference Count : 1]<UL><LI> startup_hc32f46x.o(RESET)
</UL>
<P><STRONG><a name="[3a]"></a>IRQ042_Handler</STRONG> (Thumb, 0 bytes, Stack size 0 bytes, startup_hc32f46x.o(.text))
<BR>[Address Reference Count : 1]<UL><LI> startup_hc32f46x.o(RESET)
</UL>
<P><STRONG><a name="[3b]"></a>IRQ043_Handler</STRONG> (Thumb, 0 bytes, Stack size 0 bytes, startup_hc32f46x.o(.text))
<BR>[Address Reference Count : 1]<UL><LI> startup_hc32f46x.o(RESET)
</UL>
<P><STRONG><a name="[3c]"></a>IRQ044_Handler</STRONG> (Thumb, 0 bytes, Stack size 0 bytes, startup_hc32f46x.o(.text))
<BR>[Address Reference Count : 1]<UL><LI> startup_hc32f46x.o(RESET)
</UL>
<P><STRONG><a name="[3d]"></a>IRQ045_Handler</STRONG> (Thumb, 0 bytes, Stack size 0 bytes, startup_hc32f46x.o(.text))
<BR>[Address Reference Count : 1]<UL><LI> startup_hc32f46x.o(RESET)
</UL>
<P><STRONG><a name="[3e]"></a>IRQ046_Handler</STRONG> (Thumb, 0 bytes, Stack size 0 bytes, startup_hc32f46x.o(.text))
<BR>[Address Reference Count : 1]<UL><LI> startup_hc32f46x.o(RESET)
</UL>
<P><STRONG><a name="[3f]"></a>IRQ047_Handler</STRONG> (Thumb, 0 bytes, Stack size 0 bytes, startup_hc32f46x.o(.text))
<BR>[Address Reference Count : 1]<UL><LI> startup_hc32f46x.o(RESET)
</UL>
<P><STRONG><a name="[40]"></a>IRQ048_Handler</STRONG> (Thumb, 0 bytes, Stack size 0 bytes, startup_hc32f46x.o(.text))
<BR>[Address Reference Count : 1]<UL><LI> startup_hc32f46x.o(RESET)
</UL>
<P><STRONG><a name="[41]"></a>IRQ049_Handler</STRONG> (Thumb, 0 bytes, Stack size 0 bytes, startup_hc32f46x.o(.text))
<BR>[Address Reference Count : 1]<UL><LI> startup_hc32f46x.o(RESET)
</UL>
<P><STRONG><a name="[42]"></a>IRQ050_Handler</STRONG> (Thumb, 0 bytes, Stack size 0 bytes, startup_hc32f46x.o(.text))
<BR>[Address Reference Count : 1]<UL><LI> startup_hc32f46x.o(RESET)
</UL>
<P><STRONG><a name="[43]"></a>IRQ051_Handler</STRONG> (Thumb, 0 bytes, Stack size 0 bytes, startup_hc32f46x.o(.text))
<BR>[Address Reference Count : 1]<UL><LI> startup_hc32f46x.o(RESET)
</UL>
<P><STRONG><a name="[44]"></a>IRQ052_Handler</STRONG> (Thumb, 0 bytes, Stack size 0 bytes, startup_hc32f46x.o(.text))
<BR>[Address Reference Count : 1]<UL><LI> startup_hc32f46x.o(RESET)
</UL>
<P><STRONG><a name="[45]"></a>IRQ053_Handler</STRONG> (Thumb, 0 bytes, Stack size 0 bytes, startup_hc32f46x.o(.text))
<BR>[Address Reference Count : 1]<UL><LI> startup_hc32f46x.o(RESET)
</UL>
<P><STRONG><a name="[46]"></a>IRQ054_Handler</STRONG> (Thumb, 0 bytes, Stack size 0 bytes, startup_hc32f46x.o(.text))
<BR>[Address Reference Count : 1]<UL><LI> startup_hc32f46x.o(RESET)
</UL>
<P><STRONG><a name="[47]"></a>IRQ055_Handler</STRONG> (Thumb, 0 bytes, Stack size 0 bytes, startup_hc32f46x.o(.text))
<BR>[Address Reference Count : 1]<UL><LI> startup_hc32f46x.o(RESET)
</UL>
<P><STRONG><a name="[48]"></a>IRQ056_Handler</STRONG> (Thumb, 0 bytes, Stack size 0 bytes, startup_hc32f46x.o(.text))
<BR>[Address Reference Count : 1]<UL><LI> startup_hc32f46x.o(RESET)
</UL>
<P><STRONG><a name="[49]"></a>IRQ057_Handler</STRONG> (Thumb, 0 bytes, Stack size 0 bytes, startup_hc32f46x.o(.text))
<BR>[Address Reference Count : 1]<UL><LI> startup_hc32f46x.o(RESET)
</UL>
<P><STRONG><a name="[4a]"></a>IRQ058_Handler</STRONG> (Thumb, 0 bytes, Stack size 0 bytes, startup_hc32f46x.o(.text))
<BR>[Address Reference Count : 1]<UL><LI> startup_hc32f46x.o(RESET)
</UL>
<P><STRONG><a name="[4b]"></a>IRQ059_Handler</STRONG> (Thumb, 0 bytes, Stack size 0 bytes, startup_hc32f46x.o(.text))
<BR>[Address Reference Count : 1]<UL><LI> startup_hc32f46x.o(RESET)
</UL>
<P><STRONG><a name="[4c]"></a>IRQ060_Handler</STRONG> (Thumb, 0 bytes, Stack size 0 bytes, startup_hc32f46x.o(.text))
<BR>[Address Reference Count : 1]<UL><LI> startup_hc32f46x.o(RESET)
</UL>
<P><STRONG><a name="[4d]"></a>IRQ061_Handler</STRONG> (Thumb, 0 bytes, Stack size 0 bytes, startup_hc32f46x.o(.text))
<BR>[Address Reference Count : 1]<UL><LI> startup_hc32f46x.o(RESET)
</UL>
<P><STRONG><a name="[4e]"></a>IRQ062_Handler</STRONG> (Thumb, 0 bytes, Stack size 0 bytes, startup_hc32f46x.o(.text))
<BR>[Address Reference Count : 1]<UL><LI> startup_hc32f46x.o(RESET)
</UL>
<P><STRONG><a name="[4f]"></a>IRQ063_Handler</STRONG> (Thumb, 0 bytes, Stack size 0 bytes, startup_hc32f46x.o(.text))
<BR>[Address Reference Count : 1]<UL><LI> startup_hc32f46x.o(RESET)
</UL>
<P><STRONG><a name="[50]"></a>IRQ064_Handler</STRONG> (Thumb, 0 bytes, Stack size 0 bytes, startup_hc32f46x.o(.text))
<BR>[Address Reference Count : 1]<UL><LI> startup_hc32f46x.o(RESET)
</UL>
<P><STRONG><a name="[51]"></a>IRQ065_Handler</STRONG> (Thumb, 0 bytes, Stack size 0 bytes, startup_hc32f46x.o(.text))
<BR>[Address Reference Count : 1]<UL><LI> startup_hc32f46x.o(RESET)
</UL>
<P><STRONG><a name="[52]"></a>IRQ066_Handler</STRONG> (Thumb, 0 bytes, Stack size 0 bytes, startup_hc32f46x.o(.text))
<BR>[Address Reference Count : 1]<UL><LI> startup_hc32f46x.o(RESET)
</UL>
<P><STRONG><a name="[53]"></a>IRQ067_Handler</STRONG> (Thumb, 0 bytes, Stack size 0 bytes, startup_hc32f46x.o(.text))
<BR>[Address Reference Count : 1]<UL><LI> startup_hc32f46x.o(RESET)
</UL>
<P><STRONG><a name="[54]"></a>IRQ068_Handler</STRONG> (Thumb, 0 bytes, Stack size 0 bytes, startup_hc32f46x.o(.text))
<BR>[Address Reference Count : 1]<UL><LI> startup_hc32f46x.o(RESET)
</UL>
<P><STRONG><a name="[55]"></a>IRQ069_Handler</STRONG> (Thumb, 0 bytes, Stack size 0 bytes, startup_hc32f46x.o(.text))
<BR>[Address Reference Count : 1]<UL><LI> startup_hc32f46x.o(RESET)
</UL>
<P><STRONG><a name="[56]"></a>IRQ070_Handler</STRONG> (Thumb, 0 bytes, Stack size 0 bytes, startup_hc32f46x.o(.text))
<BR>[Address Reference Count : 1]<UL><LI> startup_hc32f46x.o(RESET)
</UL>
<P><STRONG><a name="[57]"></a>IRQ071_Handler</STRONG> (Thumb, 0 bytes, Stack size 0 bytes, startup_hc32f46x.o(.text))
<BR>[Address Reference Count : 1]<UL><LI> startup_hc32f46x.o(RESET)
</UL>
<P><STRONG><a name="[58]"></a>IRQ072_Handler</STRONG> (Thumb, 0 bytes, Stack size 0 bytes, startup_hc32f46x.o(.text))
<BR>[Address Reference Count : 1]<UL><LI> startup_hc32f46x.o(RESET)
</UL>
<P><STRONG><a name="[59]"></a>IRQ073_Handler</STRONG> (Thumb, 0 bytes, Stack size 0 bytes, startup_hc32f46x.o(.text))
<BR>[Address Reference Count : 1]<UL><LI> startup_hc32f46x.o(RESET)
</UL>
<P><STRONG><a name="[5a]"></a>IRQ074_Handler</STRONG> (Thumb, 0 bytes, Stack size 0 bytes, startup_hc32f46x.o(.text))
<BR>[Address Reference Count : 1]<UL><LI> startup_hc32f46x.o(RESET)
</UL>
<P><STRONG><a name="[5b]"></a>IRQ075_Handler</STRONG> (Thumb, 0 bytes, Stack size 0 bytes, startup_hc32f46x.o(.text))
<BR>[Address Reference Count : 1]<UL><LI> startup_hc32f46x.o(RESET)
</UL>
<P><STRONG><a name="[5c]"></a>IRQ076_Handler</STRONG> (Thumb, 0 bytes, Stack size 0 bytes, startup_hc32f46x.o(.text))
<BR>[Address Reference Count : 1]<UL><LI> startup_hc32f46x.o(RESET)
</UL>
<P><STRONG><a name="[5d]"></a>IRQ077_Handler</STRONG> (Thumb, 0 bytes, Stack size 0 bytes, startup_hc32f46x.o(.text))
<BR>[Address Reference Count : 1]<UL><LI> startup_hc32f46x.o(RESET)
</UL>
<P><STRONG><a name="[5e]"></a>IRQ078_Handler</STRONG> (Thumb, 0 bytes, Stack size 0 bytes, startup_hc32f46x.o(.text))
<BR>[Address Reference Count : 1]<UL><LI> startup_hc32f46x.o(RESET)
</UL>
<P><STRONG><a name="[5f]"></a>IRQ079_Handler</STRONG> (Thumb, 0 bytes, Stack size 0 bytes, startup_hc32f46x.o(.text))
<BR>[Address Reference Count : 1]<UL><LI> startup_hc32f46x.o(RESET)
</UL>
<P><STRONG><a name="[60]"></a>IRQ080_Handler</STRONG> (Thumb, 0 bytes, Stack size 0 bytes, startup_hc32f46x.o(.text))
<BR>[Address Reference Count : 1]<UL><LI> startup_hc32f46x.o(RESET)
</UL>
<P><STRONG><a name="[61]"></a>IRQ081_Handler</STRONG> (Thumb, 0 bytes, Stack size 0 bytes, startup_hc32f46x.o(.text))
<BR>[Address Reference Count : 1]<UL><LI> startup_hc32f46x.o(RESET)
</UL>
<P><STRONG><a name="[62]"></a>IRQ082_Handler</STRONG> (Thumb, 0 bytes, Stack size 0 bytes, startup_hc32f46x.o(.text))
<BR>[Address Reference Count : 1]<UL><LI> startup_hc32f46x.o(RESET)
</UL>
<P><STRONG><a name="[63]"></a>IRQ083_Handler</STRONG> (Thumb, 0 bytes, Stack size 0 bytes, startup_hc32f46x.o(.text))
<BR>[Address Reference Count : 1]<UL><LI> startup_hc32f46x.o(RESET)
</UL>
<P><STRONG><a name="[64]"></a>IRQ084_Handler</STRONG> (Thumb, 0 bytes, Stack size 0 bytes, startup_hc32f46x.o(.text))
<BR>[Address Reference Count : 1]<UL><LI> startup_hc32f46x.o(RESET)
</UL>
<P><STRONG><a name="[65]"></a>IRQ085_Handler</STRONG> (Thumb, 0 bytes, Stack size 0 bytes, startup_hc32f46x.o(.text))
<BR>[Address Reference Count : 1]<UL><LI> startup_hc32f46x.o(RESET)
</UL>
<P><STRONG><a name="[66]"></a>IRQ086_Handler</STRONG> (Thumb, 0 bytes, Stack size 0 bytes, startup_hc32f46x.o(.text))
<BR>[Address Reference Count : 1]<UL><LI> startup_hc32f46x.o(RESET)
</UL>
<P><STRONG><a name="[67]"></a>IRQ087_Handler</STRONG> (Thumb, 0 bytes, Stack size 0 bytes, startup_hc32f46x.o(.text))
<BR>[Address Reference Count : 1]<UL><LI> startup_hc32f46x.o(RESET)
</UL>
<P><STRONG><a name="[68]"></a>IRQ088_Handler</STRONG> (Thumb, 0 bytes, Stack size 0 bytes, startup_hc32f46x.o(.text))
<BR>[Address Reference Count : 1]<UL><LI> startup_hc32f46x.o(RESET)
</UL>
<P><STRONG><a name="[69]"></a>IRQ089_Handler</STRONG> (Thumb, 0 bytes, Stack size 0 bytes, startup_hc32f46x.o(.text))
<BR>[Address Reference Count : 1]<UL><LI> startup_hc32f46x.o(RESET)
</UL>
<P><STRONG><a name="[6a]"></a>IRQ090_Handler</STRONG> (Thumb, 0 bytes, Stack size 0 bytes, startup_hc32f46x.o(.text))
<BR>[Address Reference Count : 1]<UL><LI> startup_hc32f46x.o(RESET)
</UL>
<P><STRONG><a name="[6b]"></a>IRQ091_Handler</STRONG> (Thumb, 0 bytes, Stack size 0 bytes, startup_hc32f46x.o(.text))
<BR>[Address Reference Count : 1]<UL><LI> startup_hc32f46x.o(RESET)
</UL>
<P><STRONG><a name="[6c]"></a>IRQ092_Handler</STRONG> (Thumb, 0 bytes, Stack size 0 bytes, startup_hc32f46x.o(.text))
<BR>[Address Reference Count : 1]<UL><LI> startup_hc32f46x.o(RESET)
</UL>
<P><STRONG><a name="[6d]"></a>IRQ093_Handler</STRONG> (Thumb, 0 bytes, Stack size 0 bytes, startup_hc32f46x.o(.text))
<BR>[Address Reference Count : 1]<UL><LI> startup_hc32f46x.o(RESET)
</UL>
<P><STRONG><a name="[6e]"></a>IRQ094_Handler</STRONG> (Thumb, 0 bytes, Stack size 0 bytes, startup_hc32f46x.o(.text))
<BR>[Address Reference Count : 1]<UL><LI> startup_hc32f46x.o(RESET)
</UL>
<P><STRONG><a name="[6f]"></a>IRQ095_Handler</STRONG> (Thumb, 0 bytes, Stack size 0 bytes, startup_hc32f46x.o(.text))
<BR>[Address Reference Count : 1]<UL><LI> startup_hc32f46x.o(RESET)
</UL>
<P><STRONG><a name="[70]"></a>IRQ096_Handler</STRONG> (Thumb, 0 bytes, Stack size 0 bytes, startup_hc32f46x.o(.text))
<BR>[Address Reference Count : 1]<UL><LI> startup_hc32f46x.o(RESET)
</UL>
<P><STRONG><a name="[71]"></a>IRQ097_Handler</STRONG> (Thumb, 0 bytes, Stack size 0 bytes, startup_hc32f46x.o(.text))
<BR>[Address Reference Count : 1]<UL><LI> startup_hc32f46x.o(RESET)
</UL>
<P><STRONG><a name="[72]"></a>IRQ098_Handler</STRONG> (Thumb, 0 bytes, Stack size 0 bytes, startup_hc32f46x.o(.text))
<BR>[Address Reference Count : 1]<UL><LI> startup_hc32f46x.o(RESET)
</UL>
<P><STRONG><a name="[73]"></a>IRQ099_Handler</STRONG> (Thumb, 0 bytes, Stack size 0 bytes, startup_hc32f46x.o(.text))
<BR>[Address Reference Count : 1]<UL><LI> startup_hc32f46x.o(RESET)
</UL>
<P><STRONG><a name="[74]"></a>IRQ100_Handler</STRONG> (Thumb, 0 bytes, Stack size 0 bytes, startup_hc32f46x.o(.text))
<BR>[Address Reference Count : 1]<UL><LI> startup_hc32f46x.o(RESET)
</UL>
<P><STRONG><a name="[75]"></a>IRQ101_Handler</STRONG> (Thumb, 0 bytes, Stack size 0 bytes, startup_hc32f46x.o(.text))
<BR>[Address Reference Count : 1]<UL><LI> startup_hc32f46x.o(RESET)
</UL>
<P><STRONG><a name="[76]"></a>IRQ102_Handler</STRONG> (Thumb, 0 bytes, Stack size 0 bytes, startup_hc32f46x.o(.text))
<BR>[Address Reference Count : 1]<UL><LI> startup_hc32f46x.o(RESET)
</UL>
<P><STRONG><a name="[77]"></a>IRQ103_Handler</STRONG> (Thumb, 0 bytes, Stack size 0 bytes, startup_hc32f46x.o(.text))
<BR>[Address Reference Count : 1]<UL><LI> startup_hc32f46x.o(RESET)
</UL>
<P><STRONG><a name="[78]"></a>IRQ104_Handler</STRONG> (Thumb, 0 bytes, Stack size 0 bytes, startup_hc32f46x.o(.text))
<BR>[Address Reference Count : 1]<UL><LI> startup_hc32f46x.o(RESET)
</UL>
<P><STRONG><a name="[79]"></a>IRQ105_Handler</STRONG> (Thumb, 0 bytes, Stack size 0 bytes, startup_hc32f46x.o(.text))
<BR>[Address Reference Count : 1]<UL><LI> startup_hc32f46x.o(RESET)
</UL>
<P><STRONG><a name="[7a]"></a>IRQ106_Handler</STRONG> (Thumb, 0 bytes, Stack size 0 bytes, startup_hc32f46x.o(.text))
<BR>[Address Reference Count : 1]<UL><LI> startup_hc32f46x.o(RESET)
</UL>
<P><STRONG><a name="[7b]"></a>IRQ107_Handler</STRONG> (Thumb, 0 bytes, Stack size 0 bytes, startup_hc32f46x.o(.text))
<BR>[Address Reference Count : 1]<UL><LI> startup_hc32f46x.o(RESET)
</UL>
<P><STRONG><a name="[7c]"></a>IRQ108_Handler</STRONG> (Thumb, 0 bytes, Stack size 0 bytes, startup_hc32f46x.o(.text))
<BR>[Address Reference Count : 1]<UL><LI> startup_hc32f46x.o(RESET)
</UL>
<P><STRONG><a name="[7d]"></a>IRQ109_Handler</STRONG> (Thumb, 0 bytes, Stack size 0 bytes, startup_hc32f46x.o(.text))
<BR>[Address Reference Count : 1]<UL><LI> startup_hc32f46x.o(RESET)
</UL>
<P><STRONG><a name="[7e]"></a>IRQ110_Handler</STRONG> (Thumb, 0 bytes, Stack size 0 bytes, startup_hc32f46x.o(.text))
<BR>[Address Reference Count : 1]<UL><LI> startup_hc32f46x.o(RESET)
</UL>
<P><STRONG><a name="[7f]"></a>IRQ111_Handler</STRONG> (Thumb, 0 bytes, Stack size 0 bytes, startup_hc32f46x.o(.text))
<BR>[Address Reference Count : 1]<UL><LI> startup_hc32f46x.o(RESET)
</UL>
<P><STRONG><a name="[80]"></a>IRQ112_Handler</STRONG> (Thumb, 0 bytes, Stack size 0 bytes, startup_hc32f46x.o(.text))
<BR>[Address Reference Count : 1]<UL><LI> startup_hc32f46x.o(RESET)
</UL>
<P><STRONG><a name="[81]"></a>IRQ113_Handler</STRONG> (Thumb, 0 bytes, Stack size 0 bytes, startup_hc32f46x.o(.text))
<BR>[Address Reference Count : 1]<UL><LI> startup_hc32f46x.o(RESET)
</UL>
<P><STRONG><a name="[82]"></a>IRQ114_Handler</STRONG> (Thumb, 0 bytes, Stack size 0 bytes, startup_hc32f46x.o(.text))
<BR>[Address Reference Count : 1]<UL><LI> startup_hc32f46x.o(RESET)
</UL>
<P><STRONG><a name="[83]"></a>IRQ115_Handler</STRONG> (Thumb, 0 bytes, Stack size 0 bytes, startup_hc32f46x.o(.text))
<BR>[Address Reference Count : 1]<UL><LI> startup_hc32f46x.o(RESET)
</UL>
<P><STRONG><a name="[84]"></a>IRQ116_Handler</STRONG> (Thumb, 0 bytes, Stack size 0 bytes, startup_hc32f46x.o(.text))
<BR>[Address Reference Count : 1]<UL><LI> startup_hc32f46x.o(RESET)
</UL>
<P><STRONG><a name="[85]"></a>IRQ117_Handler</STRONG> (Thumb, 0 bytes, Stack size 0 bytes, startup_hc32f46x.o(.text))
<BR>[Address Reference Count : 1]<UL><LI> startup_hc32f46x.o(RESET)
</UL>
<P><STRONG><a name="[86]"></a>IRQ118_Handler</STRONG> (Thumb, 0 bytes, Stack size 0 bytes, startup_hc32f46x.o(.text))
<BR>[Address Reference Count : 1]<UL><LI> startup_hc32f46x.o(RESET)
</UL>
<P><STRONG><a name="[87]"></a>IRQ119_Handler</STRONG> (Thumb, 0 bytes, Stack size 0 bytes, startup_hc32f46x.o(.text))
<BR>[Address Reference Count : 1]<UL><LI> startup_hc32f46x.o(RESET)
</UL>
<P><STRONG><a name="[88]"></a>IRQ120_Handler</STRONG> (Thumb, 0 bytes, Stack size 0 bytes, startup_hc32f46x.o(.text))
<BR>[Address Reference Count : 1]<UL><LI> startup_hc32f46x.o(RESET)
</UL>
<P><STRONG><a name="[89]"></a>IRQ121_Handler</STRONG> (Thumb, 0 bytes, Stack size 0 bytes, startup_hc32f46x.o(.text))
<BR>[Address Reference Count : 1]<UL><LI> startup_hc32f46x.o(RESET)
</UL>
<P><STRONG><a name="[8a]"></a>IRQ122_Handler</STRONG> (Thumb, 0 bytes, Stack size 0 bytes, startup_hc32f46x.o(.text))
<BR>[Address Reference Count : 1]<UL><LI> startup_hc32f46x.o(RESET)
</UL>
<P><STRONG><a name="[8b]"></a>IRQ123_Handler</STRONG> (Thumb, 0 bytes, Stack size 0 bytes, startup_hc32f46x.o(.text))
<BR>[Address Reference Count : 1]<UL><LI> startup_hc32f46x.o(RESET)
</UL>
<P><STRONG><a name="[8c]"></a>IRQ124_Handler</STRONG> (Thumb, 0 bytes, Stack size 0 bytes, startup_hc32f46x.o(.text))
<BR>[Address Reference Count : 1]<UL><LI> startup_hc32f46x.o(RESET)
</UL>
<P><STRONG><a name="[8d]"></a>IRQ125_Handler</STRONG> (Thumb, 0 bytes, Stack size 0 bytes, startup_hc32f46x.o(.text))
<BR>[Address Reference Count : 1]<UL><LI> startup_hc32f46x.o(RESET)
</UL>
<P><STRONG><a name="[8e]"></a>IRQ126_Handler</STRONG> (Thumb, 0 bytes, Stack size 0 bytes, startup_hc32f46x.o(.text))
<BR>[Address Reference Count : 1]<UL><LI> startup_hc32f46x.o(RESET)
</UL>
<P><STRONG><a name="[8f]"></a>IRQ127_Handler</STRONG> (Thumb, 0 bytes, Stack size 0 bytes, startup_hc32f46x.o(.text))
<BR>[Address Reference Count : 1]<UL><LI> startup_hc32f46x.o(RESET)
</UL>
<P><STRONG><a name="[90]"></a>IRQ128_Handler</STRONG> (Thumb, 0 bytes, Stack size 0 bytes, startup_hc32f46x.o(.text))
<BR>[Address Reference Count : 1]<UL><LI> startup_hc32f46x.o(RESET)
</UL>
<P><STRONG><a name="[91]"></a>IRQ129_Handler</STRONG> (Thumb, 0 bytes, Stack size 0 bytes, startup_hc32f46x.o(.text))
<BR>[Address Reference Count : 1]<UL><LI> startup_hc32f46x.o(RESET)
</UL>
<P><STRONG><a name="[92]"></a>IRQ130_Handler</STRONG> (Thumb, 0 bytes, Stack size 0 bytes, startup_hc32f46x.o(.text))
<BR>[Address Reference Count : 1]<UL><LI> startup_hc32f46x.o(RESET)
</UL>
<P><STRONG><a name="[93]"></a>IRQ131_Handler</STRONG> (Thumb, 0 bytes, Stack size 0 bytes, startup_hc32f46x.o(.text))
<BR>[Address Reference Count : 1]<UL><LI> startup_hc32f46x.o(RESET)
</UL>
<P><STRONG><a name="[94]"></a>IRQ132_Handler</STRONG> (Thumb, 0 bytes, Stack size 0 bytes, startup_hc32f46x.o(.text))
<BR>[Address Reference Count : 1]<UL><LI> startup_hc32f46x.o(RESET)
</UL>
<P><STRONG><a name="[95]"></a>IRQ133_Handler</STRONG> (Thumb, 0 bytes, Stack size 0 bytes, startup_hc32f46x.o(.text))
<BR>[Address Reference Count : 1]<UL><LI> startup_hc32f46x.o(RESET)
</UL>
<P><STRONG><a name="[96]"></a>IRQ134_Handler</STRONG> (Thumb, 0 bytes, Stack size 0 bytes, startup_hc32f46x.o(.text))
<BR>[Address Reference Count : 1]<UL><LI> startup_hc32f46x.o(RESET)
</UL>
<P><STRONG><a name="[97]"></a>IRQ135_Handler</STRONG> (Thumb, 0 bytes, Stack size 0 bytes, startup_hc32f46x.o(.text))
<BR>[Address Reference Count : 1]<UL><LI> startup_hc32f46x.o(RESET)
</UL>
<P><STRONG><a name="[98]"></a>IRQ136_Handler</STRONG> (Thumb, 0 bytes, Stack size 0 bytes, startup_hc32f46x.o(.text))
<BR>[Address Reference Count : 1]<UL><LI> startup_hc32f46x.o(RESET)
</UL>
<P><STRONG><a name="[99]"></a>IRQ137_Handler</STRONG> (Thumb, 0 bytes, Stack size 0 bytes, startup_hc32f46x.o(.text))
<BR>[Address Reference Count : 1]<UL><LI> startup_hc32f46x.o(RESET)
</UL>
<P><STRONG><a name="[9a]"></a>IRQ138_Handler</STRONG> (Thumb, 0 bytes, Stack size 0 bytes, startup_hc32f46x.o(.text))
<BR>[Address Reference Count : 1]<UL><LI> startup_hc32f46x.o(RESET)
</UL>
<P><STRONG><a name="[9b]"></a>IRQ139_Handler</STRONG> (Thumb, 0 bytes, Stack size 0 bytes, startup_hc32f46x.o(.text))
<BR>[Address Reference Count : 1]<UL><LI> startup_hc32f46x.o(RESET)
</UL>
<P><STRONG><a name="[9c]"></a>IRQ140_Handler</STRONG> (Thumb, 0 bytes, Stack size 0 bytes, startup_hc32f46x.o(.text))
<BR>[Address Reference Count : 1]<UL><LI> startup_hc32f46x.o(RESET)
</UL>
<P><STRONG><a name="[9d]"></a>IRQ141_Handler</STRONG> (Thumb, 0 bytes, Stack size 0 bytes, startup_hc32f46x.o(.text))
<BR>[Address Reference Count : 1]<UL><LI> startup_hc32f46x.o(RESET)
</UL>
<P><STRONG><a name="[9e]"></a>IRQ142_Handler</STRONG> (Thumb, 0 bytes, Stack size 0 bytes, startup_hc32f46x.o(.text))
<BR>[Address Reference Count : 1]<UL><LI> startup_hc32f46x.o(RESET)
</UL>
<P><STRONG><a name="[9f]"></a>IRQ143_Handler</STRONG> (Thumb, 0 bytes, Stack size 0 bytes, startup_hc32f46x.o(.text))
<BR>[Address Reference Count : 1]<UL><LI> startup_hc32f46x.o(RESET)
</UL>
<P><STRONG><a name="[121]"></a>__user_initial_stackheap</STRONG> (Thumb, 10 bytes, Stack size 0 bytes, startup_hc32f46x.o(.text))
<BR><BR>[Called By]<UL><LI><a href="#[ee]">&gt;&gt;</a>&nbsp;&nbsp;&nbsp;__user_setup_stackheap
</UL>

<P><STRONG><a name="[3dd]"></a>__aeabi_uldivmod</STRONG> (Thumb, 0 bytes, Stack size 48 bytes, lludivv7m.o(.text))
<BR><BR>[Stack]<UL><LI>Max Depth = 48<LI>Call Chain = __aeabi_uldivmod
</UL>
<BR>[Called By]<UL><LI><a href="#[3df]">&gt;&gt;</a>&nbsp;&nbsp;&nbsp;SetUartBaudrate
<LI><a href="#[3de]">&gt;&gt;</a>&nbsp;&nbsp;&nbsp;SetScBaudrate
<LI><a href="#[3db]">&gt;&gt;</a>&nbsp;&nbsp;&nbsp;SetClkSyncBaudrate
</UL>

<P><STRONG><a name="[4ba]"></a>_ll_udiv</STRONG> (Thumb, 238 bytes, Stack size 48 bytes, lludivv7m.o(.text), UNUSED)

<P><STRONG><a name="[f8]"></a>__2sprintf</STRONG> (Thumb, 38 bytes, Stack size 32 bytes, __2sprintf.o(.text))
<BR><BR>[Stack]<UL><LI>Max Depth = 136 + Unknown Stack Size
<LI>Call Chain = __2sprintf &rArr; _printf_char_common &rArr; __printf
</UL>
<BR>[Calls]<UL><LI><a href="#[a2]">&gt;&gt;</a>&nbsp;&nbsp;&nbsp;_sputc
<LI><a href="#[f9]">&gt;&gt;</a>&nbsp;&nbsp;&nbsp;_printf_char_common
</UL>
<BR>[Called By]<UL><LI><a href="#[280]">&gt;&gt;</a>&nbsp;&nbsp;&nbsp;HMI_WeaponInfo
<LI><a href="#[27d]">&gt;&gt;</a>&nbsp;&nbsp;&nbsp;HMI_UnUpLoadEvtNum
<LI><a href="#[27f]">&gt;&gt;</a>&nbsp;&nbsp;&nbsp;HMI_UctTime
<LI><a href="#[27b]">&gt;&gt;</a>&nbsp;&nbsp;&nbsp;HMI_Show_Init
<LI><a href="#[27a]">&gt;&gt;</a>&nbsp;&nbsp;&nbsp;HMI_PosPic
<LI><a href="#[278]">&gt;&gt;</a>&nbsp;&nbsp;&nbsp;HMI_Location
<LI><a href="#[276]">&gt;&gt;</a>&nbsp;&nbsp;&nbsp;HMI_ID
<LI><a href="#[270]">&gt;&gt;</a>&nbsp;&nbsp;&nbsp;HMI_Damage
<LI><a href="#[26a]">&gt;&gt;</a>&nbsp;&nbsp;&nbsp;HMI_ButtonMsgHandle
<LI><a href="#[17b]">&gt;&gt;</a>&nbsp;&nbsp;&nbsp;BNSoldierManoParamSetHandle
<LI><a href="#[32b]">&gt;&gt;</a>&nbsp;&nbsp;&nbsp;ResCom_FourGParam_Set
</UL>

<P><STRONG><a name="[114]"></a>_printf_pre_padding</STRONG> (Thumb, 44 bytes, Stack size 16 bytes, _printf_pad.o(.text))
<BR><BR>[Stack]<UL><LI>Max Depth = 16<LI>Call Chain = _printf_pre_padding
</UL>
<BR>[Called By]<UL><LI><a href="#[11e]">&gt;&gt;</a>&nbsp;&nbsp;&nbsp;_printf_fp_infnan
<LI><a href="#[11c]">&gt;&gt;</a>&nbsp;&nbsp;&nbsp;_printf_fp_dec_real
<LI><a href="#[fa]">&gt;&gt;</a>&nbsp;&nbsp;&nbsp;_printf_int_common
</UL>

<P><STRONG><a name="[115]"></a>_printf_post_padding</STRONG> (Thumb, 34 bytes, Stack size 16 bytes, _printf_pad.o(.text))
<BR><BR>[Stack]<UL><LI>Max Depth = 16<LI>Call Chain = _printf_post_padding
</UL>
<BR>[Called By]<UL><LI><a href="#[11e]">&gt;&gt;</a>&nbsp;&nbsp;&nbsp;_printf_fp_infnan
<LI><a href="#[11c]">&gt;&gt;</a>&nbsp;&nbsp;&nbsp;_printf_fp_dec_real
<LI><a href="#[fa]">&gt;&gt;</a>&nbsp;&nbsp;&nbsp;_printf_int_common
</UL>

<P><STRONG><a name="[e1]"></a>_printf_int_dec</STRONG> (Thumb, 104 bytes, Stack size 24 bytes, _printf_dec.o(.text))
<BR><BR>[Stack]<UL><LI>Max Depth = 72<LI>Call Chain = _printf_int_dec &rArr; _printf_int_common &rArr; _printf_post_padding
</UL>
<BR>[Calls]<UL><LI><a href="#[fa]">&gt;&gt;</a>&nbsp;&nbsp;&nbsp;_printf_int_common
</UL>
<BR>[Called By]<UL><LI><a href="#[e0]">&gt;&gt;</a>&nbsp;&nbsp;&nbsp;_printf_d
</UL>

<P><STRONG><a name="[fb]"></a>_printf_longlong_hex</STRONG> (Thumb, 86 bytes, Stack size 16 bytes, _printf_hex_int_ll_ptr.o(.text))
<BR><BR>[Stack]<UL><LI>Max Depth = 64<LI>Call Chain = _printf_longlong_hex &rArr; _printf_int_common &rArr; _printf_post_padding
</UL>
<BR>[Calls]<UL><LI><a href="#[fa]">&gt;&gt;</a>&nbsp;&nbsp;&nbsp;_printf_int_common
</UL>
<BR>[Called By]<UL><LI><a href="#[fd]">&gt;&gt;</a>&nbsp;&nbsp;&nbsp;_printf_hex_ptr
<LI><a href="#[fc]">&gt;&gt;</a>&nbsp;&nbsp;&nbsp;_printf_ll_hex
<LI><a href="#[e3]">&gt;&gt;</a>&nbsp;&nbsp;&nbsp;_printf_int_hex
</UL>

<P><STRONG><a name="[e3]"></a>_printf_int_hex</STRONG> (Thumb, 28 bytes, Stack size 16 bytes, _printf_hex_int_ll_ptr.o(.text))
<BR><BR>[Stack]<UL><LI>Max Depth = 80<LI>Call Chain = _printf_int_hex &rArr; _printf_longlong_hex &rArr; _printf_int_common &rArr; _printf_post_padding
</UL>
<BR>[Calls]<UL><LI><a href="#[fb]">&gt;&gt;</a>&nbsp;&nbsp;&nbsp;_printf_longlong_hex
</UL>
<BR>[Called By]<UL><LI><a href="#[e2]">&gt;&gt;</a>&nbsp;&nbsp;&nbsp;_printf_x
</UL>

<P><STRONG><a name="[fc]"></a>_printf_ll_hex</STRONG> (Thumb, 12 bytes, Stack size 0 bytes, _printf_hex_int_ll_ptr.o(.text), UNUSED)
<BR><BR>[Calls]<UL><LI><a href="#[fb]">&gt;&gt;</a>&nbsp;&nbsp;&nbsp;_printf_longlong_hex
</UL>

<P><STRONG><a name="[fd]"></a>_printf_hex_ptr</STRONG> (Thumb, 18 bytes, Stack size 0 bytes, _printf_hex_int_ll_ptr.o(.text), UNUSED)
<BR><BR>[Calls]<UL><LI><a href="#[fb]">&gt;&gt;</a>&nbsp;&nbsp;&nbsp;_printf_longlong_hex
</UL>

<P><STRONG><a name="[fe]"></a>__printf</STRONG> (Thumb, 388 bytes, Stack size 40 bytes, __printf_flags_ss_wp.o(.text))
<BR><BR>[Stack]<UL><LI>Max Depth = 40 + Unknown Stack Size
<LI>Call Chain = __printf
</UL>
<BR>[Calls]<UL><LI><a href="#[100]">&gt;&gt;</a>&nbsp;&nbsp;&nbsp;_printf_percent
<LI><a href="#[ff]">&gt;&gt;</a>&nbsp;&nbsp;&nbsp;_is_digit
</UL>
<BR>[Called By]<UL><LI><a href="#[f9]">&gt;&gt;</a>&nbsp;&nbsp;&nbsp;_printf_char_common
</UL>

<P><STRONG><a name="[101]"></a>__0sscanf</STRONG> (Thumb, 52 bytes, Stack size 72 bytes, __0sscanf.o(.text))
<BR><BR>[Stack]<UL><LI>Max Depth = 224<LI>Call Chain = __0sscanf &rArr; __vfscanf_char &rArr; __vfscanf &rArr; _scanf_int
</UL>
<BR>[Calls]<UL><LI><a href="#[102]">&gt;&gt;</a>&nbsp;&nbsp;&nbsp;__vfscanf_char
</UL>
<BR>[Called By]<UL><LI><a href="#[386]">&gt;&gt;</a>&nbsp;&nbsp;&nbsp;NMEA_GNRMC_Analysis
</UL>

<P><STRONG><a name="[103]"></a>_scanf_int</STRONG> (Thumb, 332 bytes, Stack size 56 bytes, _scanf_int.o(.text))
<BR><BR>[Stack]<UL><LI>Max Depth = 56<LI>Call Chain = _scanf_int
</UL>
<BR>[Calls]<UL><LI><a href="#[104]">&gt;&gt;</a>&nbsp;&nbsp;&nbsp;_chval
</UL>
<BR>[Called By]<UL><LI><a href="#[11f]">&gt;&gt;</a>&nbsp;&nbsp;&nbsp;__vfscanf
</UL>

<P><STRONG><a name="[105]"></a>strtoul</STRONG> (Thumb, 114 bytes, Stack size 40 bytes, strtoul.o(.text))
<BR><BR>[Stack]<UL><LI>Max Depth = 80<LI>Call Chain = strtoul &rArr; _strtoul
</UL>
<BR>[Calls]<UL><LI><a href="#[108]">&gt;&gt;</a>&nbsp;&nbsp;&nbsp;_strtoul
<LI><a href="#[106]">&gt;&gt;</a>&nbsp;&nbsp;&nbsp;__aeabi_errno_addr
<LI><a href="#[107]">&gt;&gt;</a>&nbsp;&nbsp;&nbsp;__rt_ctype_table
</UL>
<BR>[Called By]<UL><LI><a href="#[24b]">&gt;&gt;</a>&nbsp;&nbsp;&nbsp;GPS_FindNMEA0183String
</UL>

<P><STRONG><a name="[109]"></a>srand</STRONG> (Thumb, 42 bytes, Stack size 8 bytes, rand.o(.text))
<BR><BR>[Stack]<UL><LI>Max Depth = 8<LI>Call Chain = srand
</UL>
<BR>[Called By]<UL><LI><a href="#[30e]">&gt;&gt;</a>&nbsp;&nbsp;&nbsp;InterConn_ProtDeal_Explosive
<LI><a href="#[30f]">&gt;&gt;</a>&nbsp;&nbsp;&nbsp;InterConn_ProtDeal_Bomb
<LI><a href="#[1a2]">&gt;&gt;</a>&nbsp;&nbsp;&nbsp;GetWorseLevelBlood
<LI><a href="#[19b]">&gt;&gt;</a>&nbsp;&nbsp;&nbsp;BSN_Judge_SlightHandle
<LI><a href="#[19a]">&gt;&gt;</a>&nbsp;&nbsp;&nbsp;BSN_Judge_SevereHandle
<LI><a href="#[192]">&gt;&gt;</a>&nbsp;&nbsp;&nbsp;BSN_Judge_ModerateHandle
<LI><a href="#[18b]">&gt;&gt;</a>&nbsp;&nbsp;&nbsp;BSN_Judge_CriticalHandle
<LI><a href="#[194]">&gt;&gt;</a>&nbsp;&nbsp;&nbsp;SetRand
<LI><a href="#[e7]">&gt;&gt;</a>&nbsp;&nbsp;&nbsp;_rand_init
</UL>

<P><STRONG><a name="[e7]"></a>_rand_init</STRONG> (Thumb, 4 bytes, Stack size 0 bytes, rand.o(.text))
<BR><BR>[Stack]<UL><LI>Max Depth = 8<LI>Call Chain = _rand_init &rArr; srand
</UL>
<BR>[Calls]<UL><LI><a href="#[109]">&gt;&gt;</a>&nbsp;&nbsp;&nbsp;srand
</UL>
<BR>[Called By]<UL><LI><a href="#[e6]">&gt;&gt;</a>&nbsp;&nbsp;&nbsp;__rt_lib_init_rand_2
</UL>

<P><STRONG><a name="[24c]"></a>strstr</STRONG> (Thumb, 36 bytes, Stack size 12 bytes, strstr.o(.text))
<BR><BR>[Stack]<UL><LI>Max Depth = 12<LI>Call Chain = strstr
</UL>
<BR>[Called By]<UL><LI><a href="#[24b]">&gt;&gt;</a>&nbsp;&nbsp;&nbsp;GPS_FindNMEA0183String
</UL>

<P><STRONG><a name="[17d]"></a>memcmp</STRONG> (Thumb, 88 bytes, Stack size 8 bytes, memcmp.o(.text))
<BR><BR>[Stack]<UL><LI>Max Depth = 8<LI>Call Chain = memcmp
</UL>
<BR>[Called By]<UL><LI><a href="#[17b]">&gt;&gt;</a>&nbsp;&nbsp;&nbsp;BNSoldierManoParamSetHandle
<LI><a href="#[319]">&gt;&gt;</a>&nbsp;&nbsp;&nbsp;SlaverMag_GetHandleByMac
<LI><a href="#[389]">&gt;&gt;</a>&nbsp;&nbsp;&nbsp;NewZigbee_LL_SetParam
<LI><a href="#[461]">&gt;&gt;</a>&nbsp;&nbsp;&nbsp;mpu_load_firmware
</UL>

<P><STRONG><a name="[26d]"></a>strlen</STRONG> (Thumb, 62 bytes, Stack size 8 bytes, strlen.o(.text))
<BR><BR>[Stack]<UL><LI>Max Depth = 8<LI>Call Chain = strlen
</UL>
<BR>[Called By]<UL><LI><a href="#[280]">&gt;&gt;</a>&nbsp;&nbsp;&nbsp;HMI_WeaponInfo
<LI><a href="#[27d]">&gt;&gt;</a>&nbsp;&nbsp;&nbsp;HMI_UnUpLoadEvtNum
<LI><a href="#[27f]">&gt;&gt;</a>&nbsp;&nbsp;&nbsp;HMI_UctTime
<LI><a href="#[27b]">&gt;&gt;</a>&nbsp;&nbsp;&nbsp;HMI_Show_Init
<LI><a href="#[27a]">&gt;&gt;</a>&nbsp;&nbsp;&nbsp;HMI_PosPic
<LI><a href="#[278]">&gt;&gt;</a>&nbsp;&nbsp;&nbsp;HMI_Location
<LI><a href="#[276]">&gt;&gt;</a>&nbsp;&nbsp;&nbsp;HMI_ID
<LI><a href="#[270]">&gt;&gt;</a>&nbsp;&nbsp;&nbsp;HMI_Damage
<LI><a href="#[26a]">&gt;&gt;</a>&nbsp;&nbsp;&nbsp;HMI_ButtonMsgHandle
</UL>

<P><STRONG><a name="[387]"></a>strncmp</STRONG> (Thumb, 150 bytes, Stack size 16 bytes, strncmp.o(.text))
<BR><BR>[Stack]<UL><LI>Max Depth = 16<LI>Call Chain = strncmp
</UL>
<BR>[Called By]<UL><LI><a href="#[386]">&gt;&gt;</a>&nbsp;&nbsp;&nbsp;NMEA_GNRMC_Analysis
</UL>

<P><STRONG><a name="[13d]"></a>__aeabi_memcpy</STRONG> (Thumb, 0 bytes, Stack size 0 bytes, rt_memcpy_v6.o(.text))
<BR><BR>[Called By]<UL><LI><a href="#[ad]">&gt;&gt;</a>&nbsp;&nbsp;&nbsp;ResCom_ComRead
<LI><a href="#[277]">&gt;&gt;</a>&nbsp;&nbsp;&nbsp;HmiCom_Prot_Text1Show
<LI><a href="#[26e]">&gt;&gt;</a>&nbsp;&nbsp;&nbsp;HmiCom_Prot_Text0Show
<LI><a href="#[ce]">&gt;&gt;</a>&nbsp;&nbsp;&nbsp;HmiCom_ComRead
<LI><a href="#[c9]">&gt;&gt;</a>&nbsp;&nbsp;&nbsp;LaserCom_ComRead
<LI><a href="#[32d]">&gt;&gt;</a>&nbsp;&nbsp;&nbsp;SysParam_SetSlaverParam
<LI><a href="#[3aa]">&gt;&gt;</a>&nbsp;&nbsp;&nbsp;SComTask_RetransmissionData
<LI><a href="#[1f2]">&gt;&gt;</a>&nbsp;&nbsp;&nbsp;ComTask_RetransmissionData
<LI><a href="#[437]">&gt;&gt;</a>&nbsp;&nbsp;&nbsp;ZigComTask_Process
<LI><a href="#[3c6]">&gt;&gt;</a>&nbsp;&nbsp;&nbsp;ResComTask_Process
<LI><a href="#[1c1]">&gt;&gt;</a>&nbsp;&nbsp;&nbsp;Led_SetRunMode
<LI><a href="#[341]">&gt;&gt;</a>&nbsp;&nbsp;&nbsp;LaserComTask_Process
<LI><a href="#[29a]">&gt;&gt;</a>&nbsp;&nbsp;&nbsp;HmiComTask_Process
<LI><a href="#[41c]">&gt;&gt;</a>&nbsp;&nbsp;&nbsp;Uart_SendBuf_Interrupt
<LI><a href="#[41d]">&gt;&gt;</a>&nbsp;&nbsp;&nbsp;Uart_SendBuf_DMA
<LI><a href="#[28a]">&gt;&gt;</a>&nbsp;&nbsp;&nbsp;InterChanSend
<LI><a href="#[28f]">&gt;&gt;</a>&nbsp;&nbsp;&nbsp;HeavyWpnLaunchEventUpload_Send
<LI><a href="#[245]">&gt;&gt;</a>&nbsp;&nbsp;&nbsp;FullConditionRecovery
<LI><a href="#[13f]">&gt;&gt;</a>&nbsp;&nbsp;&nbsp;EventStorageToFlash
<LI><a href="#[223]">&gt;&gt;</a>&nbsp;&nbsp;&nbsp;DigitIndirectLanuchEventUpload_Send
<LI><a href="#[20d]">&gt;&gt;</a>&nbsp;&nbsp;&nbsp;DamageReportEventUpload_Send
<LI><a href="#[208]">&gt;&gt;</a>&nbsp;&nbsp;&nbsp;CtrlManoParamEventUpload_Send
<LI><a href="#[1ea]">&gt;&gt;</a>&nbsp;&nbsp;&nbsp;ChangeToManoEventUpload_Send
<LI><a href="#[1a4]">&gt;&gt;</a>&nbsp;&nbsp;&nbsp;BSN_RescureEvtUpload_Send
<LI><a href="#[17b]">&gt;&gt;</a>&nbsp;&nbsp;&nbsp;BNSoldierManoParamSetHandle
<LI><a href="#[171]">&gt;&gt;</a>&nbsp;&nbsp;&nbsp;BNJudgeEventUpload_Send
<LI><a href="#[14f]">&gt;&gt;</a>&nbsp;&nbsp;&nbsp;AssignStateFromBuffer
<LI><a href="#[140]">&gt;&gt;</a>&nbsp;&nbsp;&nbsp;AgaistRuleStopEventUpload_Send
<LI><a href="#[13a]">&gt;&gt;</a>&nbsp;&nbsp;&nbsp;AgaistRuleStartEventUpload_Send
<LI><a href="#[2be]">&gt;&gt;</a>&nbsp;&nbsp;&nbsp;User_Ir_Rcv
<LI><a href="#[aa]">&gt;&gt;</a>&nbsp;&nbsp;&nbsp;IR38Com_Read
<LI><a href="#[392]">&gt;&gt;</a>&nbsp;&nbsp;&nbsp;NewZigbee_SetSelfAddr
<LI><a href="#[391]">&gt;&gt;</a>&nbsp;&nbsp;&nbsp;NewZigbee_Send
<LI><a href="#[c4]">&gt;&gt;</a>&nbsp;&nbsp;&nbsp;ZigCom_ComRead
<LI><a href="#[438]">&gt;&gt;</a>&nbsp;&nbsp;&nbsp;ZigCom_Analysis
<LI><a href="#[41f]">&gt;&gt;</a>&nbsp;&nbsp;&nbsp;Update_SetDevMac
<LI><a href="#[225]">&gt;&gt;</a>&nbsp;&nbsp;&nbsp;DownloadProcess_Sync
<LI><a href="#[3ae]">&gt;&gt;</a>&nbsp;&nbsp;&nbsp;SaveLastUpdateFrame
<LI><a href="#[3ac]">&gt;&gt;</a>&nbsp;&nbsp;&nbsp;Protocal_CmdProcess_DOWNLOAD
<LI><a href="#[3a3]">&gt;&gt;</a>&nbsp;&nbsp;&nbsp;ResComTask_SendToUpcom
<LI><a href="#[336]">&gt;&gt;</a>&nbsp;&nbsp;&nbsp;Protocal_ProtocolMakeShort55AA
<LI><a href="#[2e7]">&gt;&gt;</a>&nbsp;&nbsp;&nbsp;NewZigbee_MakeSendFrame
<LI><a href="#[313]">&gt;&gt;</a>&nbsp;&nbsp;&nbsp;ZigComTask_SendToHelmet
<LI><a href="#[1ef]">&gt;&gt;</a>&nbsp;&nbsp;&nbsp;ZigComTask_BroadCast
<LI><a href="#[422]">&gt;&gt;</a>&nbsp;&nbsp;&nbsp;UserParam_SetWMac
<LI><a href="#[22a]">&gt;&gt;</a>&nbsp;&nbsp;&nbsp;SynchronizeState
<LI><a href="#[169]">&gt;&gt;</a>&nbsp;&nbsp;&nbsp;RSP_InjuryWorseEventUpload_Send
<LI><a href="#[3c0]">&gt;&gt;</a>&nbsp;&nbsp;&nbsp;RSP_CtrlSupplementEventUpload_Send
<LI><a href="#[3be]">&gt;&gt;</a>&nbsp;&nbsp;&nbsp;RSP_CtrlIntervalEventUpload_Send
<LI><a href="#[373]">&gt;&gt;</a>&nbsp;&nbsp;&nbsp;PersonnelLayMineEventUpload_Send
<LI><a href="#[372]">&gt;&gt;</a>&nbsp;&nbsp;&nbsp;PersonnelClearMineEventUpload_Send
<LI><a href="#[39a]">&gt;&gt;</a>&nbsp;&nbsp;&nbsp;NonDigitIndirectLanuchEventUpload_Send
<LI><a href="#[195]">&gt;&gt;</a>&nbsp;&nbsp;&nbsp;NCB_InjuryEventUpload_Send
<LI><a href="#[382]">&gt;&gt;</a>&nbsp;&nbsp;&nbsp;NCBTEventUpload_Send
<LI><a href="#[36e]">&gt;&gt;</a>&nbsp;&nbsp;&nbsp;ModeChange_Reset
<LI><a href="#[305]">&gt;&gt;</a>&nbsp;&nbsp;&nbsp;InterConn_ProtDeal_Slaver_WeaponInfoRet
<LI><a href="#[2ef]">&gt;&gt;</a>&nbsp;&nbsp;&nbsp;InterConn_ProtDeal_Slaver_HeavyWeaponInfoRet
<LI><a href="#[389]">&gt;&gt;</a>&nbsp;&nbsp;&nbsp;NewZigbee_LL_SetParam
</UL>

<P><STRONG><a name="[10a]"></a>__rt_memcpy</STRONG> (Thumb, 138 bytes, Stack size 0 bytes, rt_memcpy_v6.o(.text), UNUSED)
<BR><BR>[Calls]<UL><LI><a href="#[10b]">&gt;&gt;</a>&nbsp;&nbsp;&nbsp;__aeabi_memcpy4
</UL>

<P><STRONG><a name="[4bb]"></a>_memcpy_lastbytes</STRONG> (Thumb, 0 bytes, Stack size unknown bytes, rt_memcpy_v6.o(.text), UNUSED)

<P><STRONG><a name="[10b]"></a>__aeabi_memcpy4</STRONG> (Thumb, 0 bytes, Stack size 8 bytes, rt_memcpy_w.o(.text))
<BR><BR>[Stack]<UL><LI>Max Depth = 8<LI>Call Chain = __aeabi_memcpy4
</UL>
<BR>[Called By]<UL><LI><a href="#[ac]">&gt;&gt;</a>&nbsp;&nbsp;&nbsp;ResCom_ComInit
<LI><a href="#[cd]">&gt;&gt;</a>&nbsp;&nbsp;&nbsp;HmiCom_ComInit
<LI><a href="#[26a]">&gt;&gt;</a>&nbsp;&nbsp;&nbsp;HMI_ButtonMsgHandle
<LI><a href="#[c8]">&gt;&gt;</a>&nbsp;&nbsp;&nbsp;LaserCom_ComInit
[...]
</UL>
<BR>[Called By]<UL><LI><a href="#[483]">&gt;&gt;</a>&nbsp;&nbsp;&nbsp;__fpl_dcheck_NaN1
</UL>

<P><STRONG><a name="[44d]"></a>__ARM_scalbn</STRONG> (Thumb, 92 bytes, Stack size 0 bytes, scalbn.o(x$fpl$scalbn))
<BR><BR>[Calls]<UL><LI><a href="#[483]">&gt;&gt;</a>&nbsp;&nbsp;&nbsp;__fpl_dcheck_NaN1
</UL>
<BR>[Called By]<UL><LI><a href="#[44a]">&gt;&gt;</a>&nbsp;&nbsp;&nbsp;__hardfp_pow
</UL>

<P><STRONG><a name="[493]"></a>__fpl_cmpreturn</STRONG> (Thumb, 48 bytes, Stack size 0 bytes, trapv.o(x$fpl$trapveneer))
<BR><BR>[Called By]<UL><LI><a href="#[484]">&gt;&gt;</a>&nbsp;&nbsp;&nbsp;__fpl_return_NaN
</UL>
<P>
<H3>
Local Symbols
</H3>
<P><STRONG><a name="[3ad]"></a>GetLastUpdateFrameIndex</STRONG> (Thumb, 18 bytes, Stack size 0 bytes, upgrade.o(i.GetLastUpdateFrameIndex))
<BR><BR>[Called By]<UL><LI><a href="#[3ac]">&gt;&gt;</a>&nbsp;&nbsp;&nbsp;Protocal_CmdProcess_DOWNLOAD
</UL>

<P><STRONG><a name="[3ac]"></a>Protocal_CmdProcess_DOWNLOAD</STRONG> (Thumb, 136 bytes, Stack size 136 bytes, upgrade.o(i.Protocal_CmdProcess_DOWNLOAD))
<BR><BR>[Stack]<UL><LI>Max Depth = 192<LI>Call Chain = Protocal_CmdProcess_DOWNLOAD &rArr; Protocal_CmdProcess_Ret &rArr; Protocal_ProtocolMakeShort55AA
</UL>
<BR>[Calls]<UL><LI><a href="#[3ae]">&gt;&gt;</a>&nbsp;&nbsp;&nbsp;SaveLastUpdateFrame
<LI><a href="#[227]">&gt;&gt;</a>&nbsp;&nbsp;&nbsp;Protocal_CmdProcess_Ret
<LI><a href="#[3ad]">&gt;&gt;</a>&nbsp;&nbsp;&nbsp;GetLastUpdateFrameIndex
<LI><a href="#[13d]">&gt;&gt;</a>&nbsp;&nbsp;&nbsp;__aeabi_memcpy
</UL>
<BR>[Called By]<UL><LI><a href="#[3bc]">&gt;&gt;</a>&nbsp;&nbsp;&nbsp;Protocal_UpgradeProcess
</UL>

<P><STRONG><a name="[3af]"></a>Protocal_CmdProcess_DOWNLOAD_END</STRONG> (Thumb, 76 bytes, Stack size 112 bytes, upgrade.o(i.Protocal_CmdProcess_DOWNLOAD_END))
<BR><BR>[Stack]<UL><LI>Max Depth = 128<LI>Call Chain = Protocal_CmdProcess_DOWNLOAD_END &rArr; SaveLastUpdateFrame
</UL>
<BR>[Calls]<UL><LI><a href="#[3ae]">&gt;&gt;</a>&nbsp;&nbsp;&nbsp;SaveLastUpdateFrame
<LI><a href="#[336]">&gt;&gt;</a>&nbsp;&nbsp;&nbsp;Protocal_ProtocolMakeShort55AA
</UL>
<BR>[Called By]<UL><LI><a href="#[3bc]">&gt;&gt;</a>&nbsp;&nbsp;&nbsp;Protocal_UpgradeProcess
</UL>

<P><STRONG><a name="[3b0]"></a>Protocal_CmdProcess_DOWNLOAD_START</STRONG> (Thumb, 60 bytes, Stack size 32 bytes, upgrade.o(i.Protocal_CmdProcess_DOWNLOAD_START))
<BR><BR>[Stack]<UL><LI>Max Depth = 48<LI>Call Chain = Protocal_CmdProcess_DOWNLOAD_START &rArr; Protocal_ProtocolMakeShort55AA
</UL>
<BR>[Calls]<UL><LI><a href="#[3b1]">&gt;&gt;</a>&nbsp;&nbsp;&nbsp;StartDownloadProcess
<LI><a href="#[336]">&gt;&gt;</a>&nbsp;&nbsp;&nbsp;Protocal_ProtocolMakeShort55AA
</UL>
<BR>[Called By]<UL><LI><a href="#[3bc]">&gt;&gt;</a>&nbsp;&nbsp;&nbsp;Protocal_UpgradeProcess
</UL>

<P><STRONG><a name="[3b5]"></a>Protocal_CmdProcess_RESET_DOWNLOAD_ADDR</STRONG> (Thumb, 82 bytes, Stack size 120 bytes, upgrade.o(i.Protocal_CmdProcess_RESET_DOWNLOAD_ADDR))
<BR><BR>[Stack]<UL><LI>Max Depth = 136<LI>Call Chain = Protocal_CmdProcess_RESET_DOWNLOAD_ADDR &rArr; Protocal_ProtocolMakeShort55AA
</UL>
<BR>[Calls]<UL><LI><a href="#[336]">&gt;&gt;</a>&nbsp;&nbsp;&nbsp;Protocal_ProtocolMakeShort55AA
</UL>
<BR>[Called By]<UL><LI><a href="#[3bc]">&gt;&gt;</a>&nbsp;&nbsp;&nbsp;Protocal_UpgradeProcess
</UL>

<P><STRONG><a name="[3b6]"></a>Protocal_CmdProcess_RESET_REPLACE_ADDR</STRONG> (Thumb, 82 bytes, Stack size 120 bytes, upgrade.o(i.Protocal_CmdProcess_RESET_REPLACE_ADDR))
<BR><BR>[Stack]<UL><LI>Max Depth = 136<LI>Call Chain = Protocal_CmdProcess_RESET_REPLACE_ADDR &rArr; Protocal_ProtocolMakeShort55AA
</UL>
<BR>[Calls]<UL><LI><a href="#[336]">&gt;&gt;</a>&nbsp;&nbsp;&nbsp;Protocal_ProtocolMakeShort55AA
</UL>
<BR>[Called By]<UL><LI><a href="#[3bc]">&gt;&gt;</a>&nbsp;&nbsp;&nbsp;Protocal_UpgradeProcess
</UL>

<P><STRONG><a name="[227]"></a>Protocal_CmdProcess_Ret</STRONG> (Thumb, 40 bytes, Stack size 40 bytes, upgrade.o(i.Protocal_CmdProcess_Ret))
<BR><BR>[Stack]<UL><LI>Max Depth = 56<LI>Call Chain = Protocal_CmdProcess_Ret &rArr; Protocal_ProtocolMakeShort55AA
</UL>
<BR>[Calls]<UL><LI><a href="#[336]">&gt;&gt;</a>&nbsp;&nbsp;&nbsp;Protocal_ProtocolMakeShort55AA
<LI><a href="#[13b]">&gt;&gt;</a>&nbsp;&nbsp;&nbsp;__aeabi_memclr4
</UL>
<BR>[Called By]<UL><LI><a href="#[225]">&gt;&gt;</a>&nbsp;&nbsp;&nbsp;DownloadProcess_Sync
<LI><a href="#[3ac]">&gt;&gt;</a>&nbsp;&nbsp;&nbsp;Protocal_CmdProcess_DOWNLOAD
</UL>

<P><STRONG><a name="[3ae]"></a>SaveLastUpdateFrame</STRONG> (Thumb, 78 bytes, Stack size 16 bytes, upgrade.o(i.SaveLastUpdateFrame))
<BR><BR>[Stack]<UL><LI>Max Depth = 16<LI>Call Chain = SaveLastUpdateFrame
</UL>
<BR>[Calls]<UL><LI><a href="#[13d]">&gt;&gt;</a>&nbsp;&nbsp;&nbsp;__aeabi_memcpy
</UL>
<BR>[Called By]<UL><LI><a href="#[3af]">&gt;&gt;</a>&nbsp;&nbsp;&nbsp;Protocal_CmdProcess_DOWNLOAD_END
<LI><a href="#[3ac]">&gt;&gt;</a>&nbsp;&nbsp;&nbsp;Protocal_CmdProcess_DOWNLOAD
</UL>

<P><STRONG><a name="[129]"></a>ADC_ReadAllData</STRONG> (Thumb, 26 bytes, Stack size 8 bytes, hc32f46x_adc.o(i.ADC_ReadAllData))
<BR><BR>[Stack]<UL><LI>Max Depth = 8<LI>Call Chain = ADC_ReadAllData
</UL>
<BR>[Called By]<UL><LI><a href="#[128]">&gt;&gt;</a>&nbsp;&nbsp;&nbsp;ADC_PollingSa
</UL>

<P><STRONG><a name="[15b]"></a>AsyncDelay</STRONG> (Thumb, 94 bytes, Stack size 24 bytes, hc32f46x_timer0.o(i.AsyncDelay))
<BR><BR>[Stack]<UL><LI>Max Depth = 24<LI>Call Chain = AsyncDelay
</UL>
<BR>[Calls]<UL><LI><a href="#[15c]">&gt;&gt;</a>&nbsp;&nbsp;&nbsp;TIMER0_GetClkMode
</UL>
<BR>[Called By]<UL><LI><a href="#[3f9]">&gt;&gt;</a>&nbsp;&nbsp;&nbsp;TIMER0_WriteCntReg
<LI><a href="#[3f8]">&gt;&gt;</a>&nbsp;&nbsp;&nbsp;TIMER0_HardTriggerInit
<LI><a href="#[3f7]">&gt;&gt;</a>&nbsp;&nbsp;&nbsp;TIMER0_Cmd
<LI><a href="#[3f6]">&gt;&gt;</a>&nbsp;&nbsp;&nbsp;TIMER0_ClearFlag
<LI><a href="#[3f5]">&gt;&gt;</a>&nbsp;&nbsp;&nbsp;TIMER0_BaseInit
</UL>

<P><STRONG><a name="[15c]"></a>TIMER0_GetClkMode</STRONG> (Thumb, 28 bytes, Stack size 0 bytes, hc32f46x_timer0.o(i.TIMER0_GetClkMode))
<BR><BR>[Called By]<UL><LI><a href="#[15b]">&gt;&gt;</a>&nbsp;&nbsp;&nbsp;AsyncDelay
</UL>

<P><STRONG><a name="[3db]"></a>SetClkSyncBaudrate</STRONG> (Thumb, 228 bytes, Stack size 24 bytes, hc32f46x_usart.o(i.SetClkSyncBaudrate))
<BR><BR>[Stack]<UL><LI>Max Depth = 72<LI>Call Chain = SetClkSyncBaudrate &rArr; __aeabi_uldivmod
</UL>
<BR>[Calls]<UL><LI><a href="#[3dc]">&gt;&gt;</a>&nbsp;&nbsp;&nbsp;UsartGetClk
<LI><a href="#[3dd]">&gt;&gt;</a>&nbsp;&nbsp;&nbsp;__aeabi_uldivmod
</UL>
<BR>[Called By]<UL><LI><a href="#[3fe]">&gt;&gt;</a>&nbsp;&nbsp;&nbsp;USART_SetBaudrate
</UL>

<P><STRONG><a name="[3de]"></a>SetScBaudrate</STRONG> (Thumb, 280 bytes, Stack size 48 bytes, hc32f46x_usart.o(i.SetScBaudrate))
<BR><BR>[Stack]<UL><LI>Max Depth = 96<LI>Call Chain = SetScBaudrate &rArr; __aeabi_uldivmod
</UL>
<BR>[Calls]<UL><LI><a href="#[3dc]">&gt;&gt;</a>&nbsp;&nbsp;&nbsp;UsartGetClk
<LI><a href="#[3dd]">&gt;&gt;</a>&nbsp;&nbsp;&nbsp;__aeabi_uldivmod
</UL>
<BR>[Called By]<UL><LI><a href="#[3fe]">&gt;&gt;</a>&nbsp;&nbsp;&nbsp;USART_SetBaudrate
</UL>

<P><STRONG><a name="[3df]"></a>SetUartBaudrate</STRONG> (Thumb, 278 bytes, Stack size 32 bytes, hc32f46x_usart.o(i.SetUartBaudrate))
<BR><BR>[Stack]<UL><LI>Max Depth = 80<LI>Call Chain = SetUartBaudrate &rArr; __aeabi_uldivmod
</UL>
<BR>[Calls]<UL><LI><a href="#[3dc]">&gt;&gt;</a>&nbsp;&nbsp;&nbsp;UsartGetClk
<LI><a href="#[3dd]">&gt;&gt;</a>&nbsp;&nbsp;&nbsp;__aeabi_uldivmod
</UL>
<BR>[Called By]<UL><LI><a href="#[3fe]">&gt;&gt;</a>&nbsp;&nbsp;&nbsp;USART_SetBaudrate
</UL>

<P><STRONG><a name="[3dc]"></a>UsartGetClk</STRONG> (Thumb, 38 bytes, Stack size 0 bytes, hc32f46x_usart.o(i.UsartGetClk))
<BR><BR>[Called By]<UL><LI><a href="#[3df]">&gt;&gt;</a>&nbsp;&nbsp;&nbsp;SetUartBaudrate
<LI><a href="#[3de]">&gt;&gt;</a>&nbsp;&nbsp;&nbsp;SetScBaudrate
<LI><a href="#[3db]">&gt;&gt;</a>&nbsp;&nbsp;&nbsp;SetClkSyncBaudrate
</UL>

<P><STRONG><a name="[3ec]"></a>IrqRegistration</STRONG> (Thumb, 46 bytes, Stack size 0 bytes, timer.o(i.IrqRegistration))
<BR><BR>[Called By]<UL><LI><a href="#[3e9]">&gt;&gt;</a>&nbsp;&nbsp;&nbsp;SysScheduleTimerInit
</UL>

<P><STRONG><a name="[411]"></a>IrqRegistration</STRONG> (Thumb, 46 bytes, Stack size 0 bytes, uart.o(i.IrqRegistration))
<BR><BR>[Called By]<UL><LI><a href="#[403]">&gt;&gt;</a>&nbsp;&nbsp;&nbsp;Uart_EnableIntTx
<LI><a href="#[406]">&gt;&gt;</a>&nbsp;&nbsp;&nbsp;Uart_EnableIntRx
<LI><a href="#[40a]">&gt;&gt;</a>&nbsp;&nbsp;&nbsp;Uart_EnableIntError
<LI><a href="#[404]">&gt;&gt;</a>&nbsp;&nbsp;&nbsp;Uart_EnableDmaTx
<LI><a href="#[407]">&gt;&gt;</a>&nbsp;&nbsp;&nbsp;Uart_EnableDmaRx
</UL>

<P><STRONG><a name="[3ff]"></a>Uart_EnableClock</STRONG> (Thumb, 58 bytes, Stack size 0 bytes, uart.o(i.Uart_EnableClock))
<BR><BR>[Calls]<UL><LI><a href="#[3d3]">&gt;&gt;</a>&nbsp;&nbsp;&nbsp;PWC_Fcg1PeriphClockCmd
</UL>
<BR>[Called By]<UL><LI><a href="#[2a1]">&gt;&gt;</a>&nbsp;&nbsp;&nbsp;Uart_ComInit
</UL>

<P><STRONG><a name="[407]"></a>Uart_EnableDmaRx</STRONG> (Thumb, 262 bytes, Stack size 64 bytes, uart.o(i.Uart_EnableDmaRx))
<BR><BR>[Stack]<UL><LI>Max Depth = 92<LI>Call Chain = Uart_EnableDmaRx &rArr; DMA_ChannelCmd
</UL>
<BR>[Calls]<UL><LI><a href="#[40e]">&gt;&gt;</a>&nbsp;&nbsp;&nbsp;DMA_SetTriggerSrc
<LI><a href="#[20a]">&gt;&gt;</a>&nbsp;&nbsp;&nbsp;DMA_InitChannel
<LI><a href="#[40f]">&gt;&gt;</a>&nbsp;&nbsp;&nbsp;DMA_EnableIrq
<LI><a href="#[20b]">&gt;&gt;</a>&nbsp;&nbsp;&nbsp;DMA_Cmd
<LI><a href="#[40d]">&gt;&gt;</a>&nbsp;&nbsp;&nbsp;DMA_ClearIrqFlag
<LI><a href="#[40c]">&gt;&gt;</a>&nbsp;&nbsp;&nbsp;DMA_ChannelCmd
<LI><a href="#[40b]">&gt;&gt;</a>&nbsp;&nbsp;&nbsp;PWC_Fcg0PeriphClockCmd
<LI><a href="#[409]">&gt;&gt;</a>&nbsp;&nbsp;&nbsp;USART_FuncCmd
<LI><a href="#[410]">&gt;&gt;</a>&nbsp;&nbsp;&nbsp;GetComIndex
<LI><a href="#[412]">&gt;&gt;</a>&nbsp;&nbsp;&nbsp;__NVIC_SetPriority
<LI><a href="#[414]">&gt;&gt;</a>&nbsp;&nbsp;&nbsp;__NVIC_EnableIRQ
<LI><a href="#[413]">&gt;&gt;</a>&nbsp;&nbsp;&nbsp;__NVIC_ClearPendingIRQ
<LI><a href="#[411]">&gt;&gt;</a>&nbsp;&nbsp;&nbsp;IrqRegistration
<LI><a href="#[13b]">&gt;&gt;</a>&nbsp;&nbsp;&nbsp;__aeabi_memclr4
</UL>
<BR>[Called By]<UL><LI><a href="#[2a1]">&gt;&gt;</a>&nbsp;&nbsp;&nbsp;Uart_ComInit
</UL>

<P><STRONG><a name="[404]"></a>Uart_EnableDmaTx</STRONG> (Thumb, 216 bytes, Stack size 64 bytes, uart.o(i.Uart_EnableDmaTx))
<BR><BR>[Stack]<UL><LI>Max Depth = 92<LI>Call Chain = Uart_EnableDmaTx &rArr; DMA_ChannelCmd
</UL>
<BR>[Calls]<UL><LI><a href="#[40e]">&gt;&gt;</a>&nbsp;&nbsp;&nbsp;DMA_SetTriggerSrc
<LI><a href="#[20a]">&gt;&gt;</a>&nbsp;&nbsp;&nbsp;DMA_InitChannel
<LI><a href="#[20b]">&gt;&gt;</a>&nbsp;&nbsp;&nbsp;DMA_Cmd
<LI><a href="#[40d]">&gt;&gt;</a>&nbsp;&nbsp;&nbsp;DMA_ClearIrqFlag
<LI><a href="#[40c]">&gt;&gt;</a>&nbsp;&nbsp;&nbsp;DMA_ChannelCmd
<LI><a href="#[40b]">&gt;&gt;</a>&nbsp;&nbsp;&nbsp;PWC_Fcg0PeriphClockCmd
<LI><a href="#[410]">&gt;&gt;</a>&nbsp;&nbsp;&nbsp;GetComIndex
<LI><a href="#[412]">&gt;&gt;</a>&nbsp;&nbsp;&nbsp;__NVIC_SetPriority
<LI><a href="#[414]">&gt;&gt;</a>&nbsp;&nbsp;&nbsp;__NVIC_EnableIRQ
<LI><a href="#[413]">&gt;&gt;</a>&nbsp;&nbsp;&nbsp;__NVIC_ClearPendingIRQ
<LI><a href="#[411]">&gt;&gt;</a>&nbsp;&nbsp;&nbsp;IrqRegistration
<LI><a href="#[13b]">&gt;&gt;</a>&nbsp;&nbsp;&nbsp;__aeabi_memclr4
</UL>
<BR>[Called By]<UL><LI><a href="#[2a1]">&gt;&gt;</a>&nbsp;&nbsp;&nbsp;Uart_ComInit
</UL>

<P><STRONG><a name="[400]"></a>Uart_GpioConfig</STRONG> (Thumb, 32 bytes, Stack size 8 bytes, uart.o(i.Uart_GpioConfig))
<BR><BR>[Stack]<UL><LI>Max Depth = 28<LI>Call Chain = Uart_GpioConfig &rArr; PORT_SetFunc
</UL>
<BR>[Calls]<UL><LI><a href="#[1c3]">&gt;&gt;</a>&nbsp;&nbsp;&nbsp;PORT_SetFunc
</UL>
<BR>[Called By]<UL><LI><a href="#[2a1]">&gt;&gt;</a>&nbsp;&nbsp;&nbsp;Uart_ComInit
</UL>

<P><STRONG><a name="[2d1]"></a>Uart_IrqHandle_DMATC</STRONG> (Thumb, 142 bytes, Stack size 16 bytes, uart.o(i.Uart_IrqHandle_DMATC))
<BR><BR>[Stack]<UL><LI>Max Depth = 44<LI>Call Chain = Uart_IrqHandle_DMATC &rArr; DMA_ChannelCmd
</UL>
<BR>[Calls]<UL><LI><a href="#[415]">&gt;&gt;</a>&nbsp;&nbsp;&nbsp;DMA_SetTransferCnt
<LI><a href="#[416]">&gt;&gt;</a>&nbsp;&nbsp;&nbsp;DMA_SetSrcAddress
<LI><a href="#[40d]">&gt;&gt;</a>&nbsp;&nbsp;&nbsp;DMA_ClearIrqFlag
<LI><a href="#[40c]">&gt;&gt;</a>&nbsp;&nbsp;&nbsp;DMA_ChannelCmd
<LI><a href="#[409]">&gt;&gt;</a>&nbsp;&nbsp;&nbsp;USART_FuncCmd
</UL>
<BR>[Called By]<UL><LI><a href="#[2d]">&gt;&gt;</a>&nbsp;&nbsp;&nbsp;IRQ029_Handler
<LI><a href="#[27]">&gt;&gt;</a>&nbsp;&nbsp;&nbsp;IRQ023_Handler
<LI><a href="#[21]">&gt;&gt;</a>&nbsp;&nbsp;&nbsp;IRQ017_Handler
<LI><a href="#[1b]">&gt;&gt;</a>&nbsp;&nbsp;&nbsp;IRQ011_Handler
</UL>

<P><STRONG><a name="[405]"></a>Uart_RxTimeoutConfig</STRONG> (Thumb, 182 bytes, Stack size 88 bytes, uart.o(i.Uart_RxTimeoutConfig))
<BR><BR>[Stack]<UL><LI>Max Depth = 144<LI>Call Chain = Uart_RxTimeoutConfig &rArr; TIMER0_BaseInit &rArr; AsyncDelay
</UL>
<BR>[Calls]<UL><LI><a href="#[3f9]">&gt;&gt;</a>&nbsp;&nbsp;&nbsp;TIMER0_WriteCntReg
<LI><a href="#[3f8]">&gt;&gt;</a>&nbsp;&nbsp;&nbsp;TIMER0_HardTriggerInit
<LI><a href="#[3f6]">&gt;&gt;</a>&nbsp;&nbsp;&nbsp;TIMER0_ClearFlag
<LI><a href="#[3f5]">&gt;&gt;</a>&nbsp;&nbsp;&nbsp;TIMER0_BaseInit
<LI><a href="#[3ea]">&gt;&gt;</a>&nbsp;&nbsp;&nbsp;PWC_Fcg2PeriphClockCmd
<LI><a href="#[13b]">&gt;&gt;</a>&nbsp;&nbsp;&nbsp;__aeabi_memclr4
</UL>
<BR>[Called By]<UL><LI><a href="#[2a1]">&gt;&gt;</a>&nbsp;&nbsp;&nbsp;Uart_ComInit
</UL>

<P><STRONG><a name="[413]"></a>__NVIC_ClearPendingIRQ</STRONG> (Thumb, 26 bytes, Stack size 0 bytes, uart.o(i.__NVIC_ClearPendingIRQ))
<BR><BR>[Called By]<UL><LI><a href="#[403]">&gt;&gt;</a>&nbsp;&nbsp;&nbsp;Uart_EnableIntTx
<LI><a href="#[406]">&gt;&gt;</a>&nbsp;&nbsp;&nbsp;Uart_EnableIntRx
<LI><a href="#[40a]">&gt;&gt;</a>&nbsp;&nbsp;&nbsp;Uart_EnableIntError
<LI><a href="#[404]">&gt;&gt;</a>&nbsp;&nbsp;&nbsp;Uart_EnableDmaTx
<LI><a href="#[407]">&gt;&gt;</a>&nbsp;&nbsp;&nbsp;Uart_EnableDmaRx
</UL>

<P><STRONG><a name="[414]"></a>__NVIC_EnableIRQ</STRONG> (Thumb, 26 bytes, Stack size 0 bytes, uart.o(i.__NVIC_EnableIRQ))
<BR><BR>[Called By]<UL><LI><a href="#[403]">&gt;&gt;</a>&nbsp;&nbsp;&nbsp;Uart_EnableIntTx
<LI><a href="#[406]">&gt;&gt;</a>&nbsp;&nbsp;&nbsp;Uart_EnableIntRx
<LI><a href="#[40a]">&gt;&gt;</a>&nbsp;&nbsp;&nbsp;Uart_EnableIntError
<LI><a href="#[404]">&gt;&gt;</a>&nbsp;&nbsp;&nbsp;Uart_EnableDmaTx
<LI><a href="#[407]">&gt;&gt;</a>&nbsp;&nbsp;&nbsp;Uart_EnableDmaRx
</UL>

<P><STRONG><a name="[412]"></a>__NVIC_SetPriority</STRONG> (Thumb, 32 bytes, Stack size 0 bytes, uart.o(i.__NVIC_SetPriority))
<BR><BR>[Called By]<UL><LI><a href="#[403]">&gt;&gt;</a>&nbsp;&nbsp;&nbsp;Uart_EnableIntTx
<LI><a href="#[406]">&gt;&gt;</a>&nbsp;&nbsp;&nbsp;Uart_EnableIntRx
<LI><a href="#[40a]">&gt;&gt;</a>&nbsp;&nbsp;&nbsp;Uart_EnableIntError
<LI><a href="#[404]">&gt;&gt;</a>&nbsp;&nbsp;&nbsp;Uart_EnableDmaTx
<LI><a href="#[407]">&gt;&gt;</a>&nbsp;&nbsp;&nbsp;Uart_EnableDmaRx
</UL>

<P><STRONG><a name="[3fb]"></a>IrqRegistration</STRONG> (Thumb, 46 bytes, Stack size 0 bytes, wtn6.o(i.IrqRegistration))
<BR><BR>[Called By]<UL><LI><a href="#[3f4]">&gt;&gt;</a>&nbsp;&nbsp;&nbsp;Timer4_Unit2_init
</UL>

<P><STRONG><a name="[434]"></a>wtn6_QueuePop</STRONG> (Thumb, 48 bytes, Stack size 0 bytes, wtn6.o(i.wtn6_QueuePop))
<BR><BR>[Called By]<UL><LI><a href="#[3f2]">&gt;&gt;</a>&nbsp;&nbsp;&nbsp;Wtn6_TimedProcess
</UL>

<P><STRONG><a name="[433]"></a>wtn6_QueuePush</STRONG> (Thumb, 32 bytes, Stack size 0 bytes, wtn6.o(i.wtn6_QueuePush))
<BR><BR>[Called By]<UL><LI><a href="#[432]">&gt;&gt;</a>&nbsp;&nbsp;&nbsp;Wtn6_LPlay
</UL>

<P><STRONG><a name="[2d4]"></a>IrqRegistration</STRONG> (Thumb, 46 bytes, Stack size 0 bytes, ir.o(i.IrqRegistration))
<BR><BR>[Called By]<UL><LI><a href="#[1e2]">&gt;&gt;</a>&nbsp;&nbsp;&nbsp;Timera3_Config
<LI><a href="#[1e8]">&gt;&gt;</a>&nbsp;&nbsp;&nbsp;Timera2_Config
<LI><a href="#[285]">&gt;&gt;</a>&nbsp;&nbsp;&nbsp;Timera1_Config
<LI><a href="#[2d2]">&gt;&gt;</a>&nbsp;&nbsp;&nbsp;IRRcvGpioInit
</UL>

<P><STRONG><a name="[2d5]"></a>__NVIC_ClearPendingIRQ</STRONG> (Thumb, 26 bytes, Stack size 0 bytes, ir.o(i.__NVIC_ClearPendingIRQ))
<BR><BR>[Called By]<UL><LI><a href="#[1e2]">&gt;&gt;</a>&nbsp;&nbsp;&nbsp;Timera3_Config
<LI><a href="#[1e8]">&gt;&gt;</a>&nbsp;&nbsp;&nbsp;Timera2_Config
<LI><a href="#[285]">&gt;&gt;</a>&nbsp;&nbsp;&nbsp;Timera1_Config
<LI><a href="#[2d2]">&gt;&gt;</a>&nbsp;&nbsp;&nbsp;IRRcvGpioInit
</UL>

<P><STRONG><a name="[2d7]"></a>__NVIC_EnableIRQ</STRONG> (Thumb, 26 bytes, Stack size 0 bytes, ir.o(i.__NVIC_EnableIRQ))
<BR><BR>[Called By]<UL><LI><a href="#[1e2]">&gt;&gt;</a>&nbsp;&nbsp;&nbsp;Timera3_Config
<LI><a href="#[1e8]">&gt;&gt;</a>&nbsp;&nbsp;&nbsp;Timera2_Config
<LI><a href="#[285]">&gt;&gt;</a>&nbsp;&nbsp;&nbsp;Timera1_Config
<LI><a href="#[2d2]">&gt;&gt;</a>&nbsp;&nbsp;&nbsp;IRRcvGpioInit
</UL>

<P><STRONG><a name="[2d6]"></a>__NVIC_SetPriority</STRONG> (Thumb, 32 bytes, Stack size 0 bytes, ir.o(i.__NVIC_SetPriority))
<BR><BR>[Called By]<UL><LI><a href="#[1e2]">&gt;&gt;</a>&nbsp;&nbsp;&nbsp;Timera3_Config
<LI><a href="#[1e8]">&gt;&gt;</a>&nbsp;&nbsp;&nbsp;Timera2_Config
<LI><a href="#[285]">&gt;&gt;</a>&nbsp;&nbsp;&nbsp;Timera1_Config
<LI><a href="#[2d2]">&gt;&gt;</a>&nbsp;&nbsp;&nbsp;IRRcvGpioInit
</UL>

<P><STRONG><a name="[46d]"></a>set_int_enable</STRONG> (Thumb, 112 bytes, Stack size 24 bytes, inv_mpu.o(i.set_int_enable))
<BR><BR>[Stack]<UL><LI>Max Depth = 96<LI>Call Chain = set_int_enable &rArr; MPU_Write_Len &rArr; IIC_Wait_Ack &rArr; SDA_OUT_GpioInit &rArr; PORT_Init
</UL>
<BR>[Calls]<UL><LI><a href="#[36c]">&gt;&gt;</a>&nbsp;&nbsp;&nbsp;MPU_Write_Len
</UL>
<BR>[Called By]<UL><LI><a href="#[471]">&gt;&gt;</a>&nbsp;&nbsp;&nbsp;mpu_set_dmp_state
<LI><a href="#[46c]">&gt;&gt;</a>&nbsp;&nbsp;&nbsp;mpu_configure_fifo
</UL>

<P><STRONG><a name="[464]"></a>decode_gesture</STRONG> (Thumb, 56 bytes, Stack size 16 bytes, inv_mpu_dmp_motion_driver.o(i.decode_gesture))
<BR><BR>[Stack]<UL><LI>Max Depth = 16<LI>Call Chain = decode_gesture
</UL>
<BR>[Called By]<UL><LI><a href="#[462]">&gt;&gt;</a>&nbsp;&nbsp;&nbsp;dmp_read_fifo
</UL>

<P><STRONG><a name="[111]"></a>_tm_carry</STRONG> (Thumb, 62 bytes, Stack size 8 bytes, mktime.o(.text))
<BR><BR>[Stack]<UL><LI>Max Depth = 8<LI>Call Chain = _tm_carry
</UL>
<BR>[Called By]<UL><LI><a href="#[110]">&gt;&gt;</a>&nbsp;&nbsp;&nbsp;mktime
</UL>

<P><STRONG><a name="[48f]"></a>_dadd1</STRONG> (Thumb, 0 bytes, Stack size unknown bytes, daddsub_clz.o(x$fpl$dadd), UNUSED)
<BR><BR>[Called By]<UL><LI><a href="#[490]">&gt;&gt;</a>&nbsp;&nbsp;&nbsp;_dsub
<LI><a href="#[48e]">&gt;&gt;</a>&nbsp;&nbsp;&nbsp;_drsb
</UL>

<P><STRONG><a name="[481]"></a>_dsub1</STRONG> (Thumb, 0 bytes, Stack size unknown bytes, daddsub_clz.o(x$fpl$dsub), UNUSED)
<BR><BR>[Called By]<UL><LI><a href="#[48e]">&gt;&gt;</a>&nbsp;&nbsp;&nbsp;_drsb
<LI><a href="#[480]">&gt;&gt;</a>&nbsp;&nbsp;&nbsp;_dadd
</UL>

<P><STRONG><a name="[116]"></a>_fp_digits</STRONG> (Thumb, 432 bytes, Stack size 96 bytes, _printf_fp_dec.o(.text))
<BR><BR>[Stack]<UL><LI>Max Depth = 220<LI>Call Chain = _fp_digits &rArr; _btod_etento &rArr; _btod_emul &rArr; _e2e
</UL>
<BR>[Calls]<UL><LI><a href="#[11a]">&gt;&gt;</a>&nbsp;&nbsp;&nbsp;_btod_emul
<LI><a href="#[119]">&gt;&gt;</a>&nbsp;&nbsp;&nbsp;_btod_ediv
<LI><a href="#[118]">&gt;&gt;</a>&nbsp;&nbsp;&nbsp;_btod_d2e
<LI><a href="#[117]">&gt;&gt;</a>&nbsp;&nbsp;&nbsp;_btod_etento
<LI><a href="#[11b]">&gt;&gt;</a>&nbsp;&nbsp;&nbsp;_ll_udiv10
</UL>
<BR>[Called By]<UL><LI><a href="#[11c]">&gt;&gt;</a>&nbsp;&nbsp;&nbsp;_printf_fp_dec_real
</UL>

<P><STRONG><a name="[a6]"></a>_printf_input_char</STRONG> (Thumb, 10 bytes, Stack size 0 bytes, _printf_char_common.o(.text))
<BR>[Address Reference Count : 1]<UL><LI> _printf_char_common.o(.text)
</UL>
<P><STRONG><a name="[a7]"></a>_scanf_char_input</STRONG> (Thumb, 12 bytes, Stack size 0 bytes, scanf_char.o(.text))
<BR>[Address Reference Count : 1]<UL><LI> scanf_char.o(.text)
</UL><P>
<H3>
Undefined Global Symbols
</H3><HR></body></html>
